<?xml version="1.0" encoding="ISO-8859-1" ?>
<link_info>
   <banner>TI ARM Linker Unix v18.12.4.LTS</banner>
   <copyright>Copyright (c) 1996-2018 Texas Instruments Incorporated</copyright>
   <link_time>0x5e5bd050</link_time>
   <link_errors>0x0</link_errors>
   <output_file>EmbeddedSystemsPractice.out</output_file>
   <entry_point>
      <name>_c_int00_noargs</name>
      <address>0x2db1</address>
   </entry_point>
   <input_file_list>
      <input_file id="fl-2">
         <path>./</path>
         <kind>object</kind>
         <file>main.obj</file>
         <name>main.obj</name>
      </input_file>
      <input_file id="fl-3">
         <path>./</path>
         <kind>object</kind>
         <file>tm4c123gh6pm_startup_ccs.obj</file>
         <name>tm4c123gh6pm_startup_ccs.obj</name>
      </input_file>
      <input_file id="fl-4">
         <path>./DATA_CONST/</path>
         <kind>object</kind>
         <file>constdata_gpioconfig.obj</file>
         <name>constdata_gpioconfig.obj</name>
      </input_file>
      <input_file id="fl-5">
         <path>./Diagnostics/</path>
         <kind>object</kind>
         <file>diagnostic_manager.obj</file>
         <name>diagnostic_manager.obj</name>
      </input_file>
      <input_file id="fl-6">
         <path>./OSFILES/</path>
         <kind>object</kind>
         <file>os.obj</file>
         <name>os.obj</name>
      </input_file>
      <input_file id="fl-7">
         <path>./OSFILES/</path>
         <kind>object</kind>
         <file>preemptive_scheduler.obj</file>
         <name>preemptive_scheduler.obj</name>
      </input_file>
      <input_file id="fl-8">
         <path>./OSFILES/</path>
         <kind>object</kind>
         <file>queue_implementation.obj</file>
         <name>queue_implementation.obj</name>
      </input_file>
      <input_file id="fl-9">
         <path>./OSFILES/</path>
         <kind>object</kind>
         <file>roundrobinscheduler.obj</file>
         <name>roundrobinscheduler.obj</name>
      </input_file>
      <input_file id="fl-a">
         <path>./SOURCE/</path>
         <kind>object</kind>
         <file>exception_handlers.obj</file>
         <name>exception_handlers.obj</name>
      </input_file>
      <input_file id="fl-b">
         <path>./SOURCE/</path>
         <kind>object</kind>
         <file>sys_init.obj</file>
         <name>sys_init.obj</name>
      </input_file>
      <input_file id="fl-c">
         <path>./driver_libraries/</path>
         <kind>object</kind>
         <file>eeprom_mngr.obj</file>
         <name>eeprom_mngr.obj</name>
      </input_file>
      <input_file id="fl-d">
         <path>./driver_libraries/</path>
         <kind>object</kind>
         <file>i2c.obj</file>
         <name>i2c.obj</name>
      </input_file>
      <input_file id="fl-e">
         <path>./driver_libraries/</path>
         <kind>object</kind>
         <file>pwm_timer_lib.obj</file>
         <name>pwm_timer_lib.obj</name>
      </input_file>
      <input_file id="fl-f">
         <path>./driver_libraries/</path>
         <kind>object</kind>
         <file>rtc.obj</file>
         <name>rtc.obj</name>
      </input_file>
      <input_file id="fl-10">
         <path>./driver_libraries/</path>
         <kind>object</kind>
         <file>spi.obj</file>
         <name>spi.obj</name>
      </input_file>
      <input_file id="fl-14">
         <kind>object</kind>
         <file>&lt;internal&gt;</file>
         <name>&lt;internal&gt;</name>
      </input_file>
      <input_file id="fl-ca">
         <path>/home/satish/ti/ccs930/ccs/tools/compiler/ti-cgt-arm_18.12.4.LTS/lib/</path>
         <kind>archive</kind>
         <file>rtsv7M4_T_le_v4SPD16_eabi.lib</file>
         <name>printf.c.obj</name>
      </input_file>
      <input_file id="fl-cb">
         <path>/home/satish/ti/ccs930/ccs/tools/compiler/ti-cgt-arm_18.12.4.LTS/lib/</path>
         <kind>archive</kind>
         <file>rtsv7M4_T_le_v4SPD16_eabi.lib</file>
         <name>_printfi.c.obj</name>
      </input_file>
      <input_file id="fl-cc">
         <path>/home/satish/ti/ccs930/ccs/tools/compiler/ti-cgt-arm_18.12.4.LTS/lib/</path>
         <kind>archive</kind>
         <file>rtsv7M4_T_le_v4SPD16_eabi.lib</file>
         <name>fputc.c.obj</name>
      </input_file>
      <input_file id="fl-cd">
         <path>/home/satish/ti/ccs930/ccs/tools/compiler/ti-cgt-arm_18.12.4.LTS/lib/</path>
         <kind>archive</kind>
         <file>rtsv7M4_T_le_v4SPD16_eabi.lib</file>
         <name>fputs.c.obj</name>
      </input_file>
      <input_file id="fl-ce">
         <path>/home/satish/ti/ccs930/ccs/tools/compiler/ti-cgt-arm_18.12.4.LTS/lib/</path>
         <kind>archive</kind>
         <file>rtsv7M4_T_le_v4SPD16_eabi.lib</file>
         <name>_io_perm.c.obj</name>
      </input_file>
      <input_file id="fl-cf">
         <path>/home/satish/ti/ccs930/ccs/tools/compiler/ti-cgt-arm_18.12.4.LTS/lib/</path>
         <kind>archive</kind>
         <file>rtsv7M4_T_le_v4SPD16_eabi.lib</file>
         <name>setvbuf.c.obj</name>
      </input_file>
      <input_file id="fl-d0">
         <path>/home/satish/ti/ccs930/ccs/tools/compiler/ti-cgt-arm_18.12.4.LTS/lib/</path>
         <kind>archive</kind>
         <file>rtsv7M4_T_le_v4SPD16_eabi.lib</file>
         <name>fd_add_t2.asm.obj</name>
      </input_file>
      <input_file id="fl-d1">
         <path>/home/satish/ti/ccs930/ccs/tools/compiler/ti-cgt-arm_18.12.4.LTS/lib/</path>
         <kind>archive</kind>
         <file>rtsv7M4_T_le_v4SPD16_eabi.lib</file>
         <name>fd_cmp_t2.asm.obj</name>
      </input_file>
      <input_file id="fl-d2">
         <path>/home/satish/ti/ccs930/ccs/tools/compiler/ti-cgt-arm_18.12.4.LTS/lib/</path>
         <kind>archive</kind>
         <file>rtsv7M4_T_le_v4SPD16_eabi.lib</file>
         <name>fd_div_t2.asm.obj</name>
      </input_file>
      <input_file id="fl-d3">
         <path>/home/satish/ti/ccs930/ccs/tools/compiler/ti-cgt-arm_18.12.4.LTS/lib/</path>
         <kind>archive</kind>
         <file>rtsv7M4_T_le_v4SPD16_eabi.lib</file>
         <name>fd_mul_t2.asm.obj</name>
      </input_file>
      <input_file id="fl-d4">
         <path>/home/satish/ti/ccs930/ccs/tools/compiler/ti-cgt-arm_18.12.4.LTS/lib/</path>
         <kind>archive</kind>
         <file>rtsv7M4_T_le_v4SPD16_eabi.lib</file>
         <name>fd_toi_t2.asm.obj</name>
      </input_file>
      <input_file id="fl-d5">
         <path>/home/satish/ti/ccs930/ccs/tools/compiler/ti-cgt-arm_18.12.4.LTS/lib/</path>
         <kind>archive</kind>
         <file>rtsv7M4_T_le_v4SPD16_eabi.lib</file>
         <name>i_tofd_t2.asm.obj</name>
      </input_file>
      <input_file id="fl-d6">
         <path>/home/satish/ti/ccs930/ccs/tools/compiler/ti-cgt-arm_18.12.4.LTS/lib/</path>
         <kind>archive</kind>
         <file>rtsv7M4_T_le_v4SPD16_eabi.lib</file>
         <name>memcpy_t2.asm.obj</name>
      </input_file>
      <input_file id="fl-d7">
         <path>/home/satish/ti/ccs930/ccs/tools/compiler/ti-cgt-arm_18.12.4.LTS/lib/</path>
         <kind>archive</kind>
         <file>rtsv7M4_T_le_v4SPD16_eabi.lib</file>
         <name>ull_div_t2.asm.obj</name>
      </input_file>
      <input_file id="fl-d8">
         <path>/home/satish/ti/ccs930/ccs/tools/compiler/ti-cgt-arm_18.12.4.LTS/lib/</path>
         <kind>archive</kind>
         <file>rtsv7M4_T_le_v4SPD16_eabi.lib</file>
         <name>memset_t2.asm.obj</name>
      </input_file>
      <input_file id="fl-d9">
         <path>/home/satish/ti/ccs930/ccs/tools/compiler/ti-cgt-arm_18.12.4.LTS/lib/</path>
         <kind>archive</kind>
         <file>rtsv7M4_T_le_v4SPD16_eabi.lib</file>
         <name>copy_zero_init.c.obj</name>
      </input_file>
      <input_file id="fl-da">
         <path>/home/satish/ti/ccs930/ccs/tools/compiler/ti-cgt-arm_18.12.4.LTS/lib/</path>
         <kind>archive</kind>
         <file>rtsv7M4_T_le_v4SPD16_eabi.lib</file>
         <name>copy_decompress_none.c.obj</name>
      </input_file>
      <input_file id="fl-db">
         <path>/home/satish/ti/ccs930/ccs/tools/compiler/ti-cgt-arm_18.12.4.LTS/lib/</path>
         <kind>archive</kind>
         <file>rtsv7M4_T_le_v4SPD16_eabi.lib</file>
         <name>copy_decompress_lzss.c.obj</name>
      </input_file>
      <input_file id="fl-dc">
         <path>/home/satish/ti/ccs930/ccs/tools/compiler/ti-cgt-arm_18.12.4.LTS/lib/</path>
         <kind>archive</kind>
         <file>rtsv7M4_T_le_v4SPD16_eabi.lib</file>
         <name>exit.c.obj</name>
      </input_file>
      <input_file id="fl-dd">
         <path>/home/satish/ti/ccs930/ccs/tools/compiler/ti-cgt-arm_18.12.4.LTS/lib/</path>
         <kind>archive</kind>
         <file>rtsv7M4_T_le_v4SPD16_eabi.lib</file>
         <name>_lock.c.obj</name>
      </input_file>
      <input_file id="fl-de">
         <path>/home/satish/ti/ccs930/ccs/tools/compiler/ti-cgt-arm_18.12.4.LTS/lib/</path>
         <kind>archive</kind>
         <file>rtsv7M4_T_le_v4SPD16_eabi.lib</file>
         <name>atoi.c.obj</name>
      </input_file>
      <input_file id="fl-df">
         <path>/home/satish/ti/ccs930/ccs/tools/compiler/ti-cgt-arm_18.12.4.LTS/lib/</path>
         <kind>archive</kind>
         <file>rtsv7M4_T_le_v4SPD16_eabi.lib</file>
         <name>ctype.c.obj</name>
      </input_file>
      <input_file id="fl-e0">
         <path>/home/satish/ti/ccs930/ccs/tools/compiler/ti-cgt-arm_18.12.4.LTS/lib/</path>
         <kind>archive</kind>
         <file>rtsv7M4_T_le_v4SPD16_eabi.lib</file>
         <name>defs.c.obj</name>
      </input_file>
      <input_file id="fl-e1">
         <path>/home/satish/ti/ccs930/ccs/tools/compiler/ti-cgt-arm_18.12.4.LTS/lib/</path>
         <kind>archive</kind>
         <file>rtsv7M4_T_le_v4SPD16_eabi.lib</file>
         <name>ltoa.c.obj</name>
      </input_file>
      <input_file id="fl-e2">
         <path>/home/satish/ti/ccs930/ccs/tools/compiler/ti-cgt-arm_18.12.4.LTS/lib/</path>
         <kind>archive</kind>
         <file>rtsv7M4_T_le_v4SPD16_eabi.lib</file>
         <name>memccpy.c.obj</name>
      </input_file>
      <input_file id="fl-e3">
         <path>/home/satish/ti/ccs930/ccs/tools/compiler/ti-cgt-arm_18.12.4.LTS/lib/</path>
         <kind>archive</kind>
         <file>rtsv7M4_T_le_v4SPD16_eabi.lib</file>
         <name>memchr.c.obj</name>
      </input_file>
      <input_file id="fl-e4">
         <path>/home/satish/ti/ccs930/ccs/tools/compiler/ti-cgt-arm_18.12.4.LTS/lib/</path>
         <kind>archive</kind>
         <file>rtsv7M4_T_le_v4SPD16_eabi.lib</file>
         <name>memory.c.obj</name>
      </input_file>
      <input_file id="fl-e5">
         <path>/home/satish/ti/ccs930/ccs/tools/compiler/ti-cgt-arm_18.12.4.LTS/lib/</path>
         <kind>archive</kind>
         <file>rtsv7M4_T_le_v4SPD16_eabi.lib</file>
         <name>strchr.c.obj</name>
      </input_file>
      <input_file id="fl-e6">
         <path>/home/satish/ti/ccs930/ccs/tools/compiler/ti-cgt-arm_18.12.4.LTS/lib/</path>
         <kind>archive</kind>
         <file>rtsv7M4_T_le_v4SPD16_eabi.lib</file>
         <name>strlen.c.obj</name>
      </input_file>
      <input_file id="fl-e7">
         <path>/home/satish/ti/ccs930/ccs/tools/compiler/ti-cgt-arm_18.12.4.LTS/lib/</path>
         <kind>archive</kind>
         <file>rtsv7M4_T_le_v4SPD16_eabi.lib</file>
         <name>write.c.obj</name>
      </input_file>
      <input_file id="fl-e8">
         <path>/home/satish/ti/ccs930/ccs/tools/compiler/ti-cgt-arm_18.12.4.LTS/lib/</path>
         <kind>archive</kind>
         <file>rtsv7M4_T_le_v4SPD16_eabi.lib</file>
         <name>host_device.c.obj</name>
      </input_file>
      <input_file id="fl-e9">
         <path>/home/satish/ti/ccs930/ccs/tools/compiler/ti-cgt-arm_18.12.4.LTS/lib/</path>
         <kind>archive</kind>
         <file>rtsv7M4_T_le_v4SPD16_eabi.lib</file>
         <name>boot_cortex_m.c.obj</name>
      </input_file>
      <input_file id="fl-ea">
         <path>/home/satish/ti/ccs930/ccs/tools/compiler/ti-cgt-arm_18.12.4.LTS/lib/</path>
         <kind>archive</kind>
         <file>rtsv7M4_T_le_v4SPD16_eabi.lib</file>
         <name>errno.c.obj</name>
      </input_file>
      <input_file id="fl-eb">
         <path>/home/satish/ti/ccs930/ccs/tools/compiler/ti-cgt-arm_18.12.4.LTS/lib/</path>
         <kind>archive</kind>
         <file>rtsv7M4_T_le_v4SPD16_eabi.lib</file>
         <name>wcslen.c.obj</name>
      </input_file>
      <input_file id="fl-ec">
         <path>/home/satish/ti/ccs930/ccs/tools/compiler/ti-cgt-arm_18.12.4.LTS/lib/</path>
         <kind>archive</kind>
         <file>rtsv7M4_T_le_v4SPD16_eabi.lib</file>
         <name>s_frexp.c.obj</name>
      </input_file>
      <input_file id="fl-ed">
         <path>/home/satish/ti/ccs930/ccs/tools/compiler/ti-cgt-arm_18.12.4.LTS/lib/</path>
         <kind>archive</kind>
         <file>rtsv7M4_T_le_v4SPD16_eabi.lib</file>
         <name>s_scalbn.c.obj</name>
      </input_file>
      <input_file id="fl-ee">
         <path>/home/satish/ti/ccs930/ccs/tools/compiler/ti-cgt-arm_18.12.4.LTS/lib/</path>
         <kind>archive</kind>
         <file>rtsv7M4_T_le_v4SPD16_eabi.lib</file>
         <name>fflush.c.obj</name>
      </input_file>
      <input_file id="fl-ef">
         <path>/home/satish/ti/ccs930/ccs/tools/compiler/ti-cgt-arm_18.12.4.LTS/lib/</path>
         <kind>archive</kind>
         <file>rtsv7M4_T_le_v4SPD16_eabi.lib</file>
         <name>fopen.c.obj</name>
      </input_file>
      <input_file id="fl-f0">
         <path>/home/satish/ti/ccs930/ccs/tools/compiler/ti-cgt-arm_18.12.4.LTS/lib/</path>
         <kind>archive</kind>
         <file>rtsv7M4_T_le_v4SPD16_eabi.lib</file>
         <name>fseek.c.obj</name>
      </input_file>
      <input_file id="fl-f1">
         <path>/home/satish/ti/ccs930/ccs/tools/compiler/ti-cgt-arm_18.12.4.LTS/lib/</path>
         <kind>archive</kind>
         <file>rtsv7M4_T_le_v4SPD16_eabi.lib</file>
         <name>div0.asm.obj</name>
      </input_file>
      <input_file id="fl-f2">
         <path>/home/satish/ti/ccs930/ccs/tools/compiler/ti-cgt-arm_18.12.4.LTS/lib/</path>
         <kind>archive</kind>
         <file>rtsv7M4_T_le_v4SPD16_eabi.lib</file>
         <name>autoinit.c.obj</name>
      </input_file>
      <input_file id="fl-f3">
         <path>/home/satish/ti/ccs930/ccs/tools/compiler/ti-cgt-arm_18.12.4.LTS/lib/</path>
         <kind>archive</kind>
         <file>rtsv7M4_T_le_v4SPD16_eabi.lib</file>
         <name>pre_init.c.obj</name>
      </input_file>
      <input_file id="fl-f4">
         <path>/home/satish/ti/ccs930/ccs/tools/compiler/ti-cgt-arm_18.12.4.LTS/lib/</path>
         <kind>archive</kind>
         <file>rtsv7M4_T_le_v4SPD16_eabi.lib</file>
         <name>cpy_tbl.c.obj</name>
      </input_file>
      <input_file id="fl-f5">
         <path>/home/satish/ti/ccs930/ccs/tools/compiler/ti-cgt-arm_18.12.4.LTS/lib/</path>
         <kind>archive</kind>
         <file>rtsv7M4_T_le_v4SPD16_eabi.lib</file>
         <name>args_main.c.obj</name>
      </input_file>
      <input_file id="fl-f6">
         <path>/home/satish/ti/ccs930/ccs/tools/compiler/ti-cgt-arm_18.12.4.LTS/lib/</path>
         <kind>archive</kind>
         <file>rtsv7M4_T_le_v4SPD16_eabi.lib</file>
         <name>hostclose.c.obj</name>
      </input_file>
      <input_file id="fl-f7">
         <path>/home/satish/ti/ccs930/ccs/tools/compiler/ti-cgt-arm_18.12.4.LTS/lib/</path>
         <kind>archive</kind>
         <file>rtsv7M4_T_le_v4SPD16_eabi.lib</file>
         <name>hostlseek.c.obj</name>
      </input_file>
      <input_file id="fl-f8">
         <path>/home/satish/ti/ccs930/ccs/tools/compiler/ti-cgt-arm_18.12.4.LTS/lib/</path>
         <kind>archive</kind>
         <file>rtsv7M4_T_le_v4SPD16_eabi.lib</file>
         <name>hostopen.c.obj</name>
      </input_file>
      <input_file id="fl-f9">
         <path>/home/satish/ti/ccs930/ccs/tools/compiler/ti-cgt-arm_18.12.4.LTS/lib/</path>
         <kind>archive</kind>
         <file>rtsv7M4_T_le_v4SPD16_eabi.lib</file>
         <name>hostread.c.obj</name>
      </input_file>
      <input_file id="fl-fa">
         <path>/home/satish/ti/ccs930/ccs/tools/compiler/ti-cgt-arm_18.12.4.LTS/lib/</path>
         <kind>archive</kind>
         <file>rtsv7M4_T_le_v4SPD16_eabi.lib</file>
         <name>hostrename.c.obj</name>
      </input_file>
      <input_file id="fl-fb">
         <path>/home/satish/ti/ccs930/ccs/tools/compiler/ti-cgt-arm_18.12.4.LTS/lib/</path>
         <kind>archive</kind>
         <file>rtsv7M4_T_le_v4SPD16_eabi.lib</file>
         <name>hostunlink.c.obj</name>
      </input_file>
      <input_file id="fl-fc">
         <path>/home/satish/ti/ccs930/ccs/tools/compiler/ti-cgt-arm_18.12.4.LTS/lib/</path>
         <kind>archive</kind>
         <file>rtsv7M4_T_le_v4SPD16_eabi.lib</file>
         <name>hostwrite.c.obj</name>
      </input_file>
      <input_file id="fl-fd">
         <path>/home/satish/ti/ccs930/ccs/tools/compiler/ti-cgt-arm_18.12.4.LTS/lib/</path>
         <kind>archive</kind>
         <file>rtsv7M4_T_le_v4SPD16_eabi.lib</file>
         <name>trgmsg.c.obj</name>
      </input_file>
      <input_file id="fl-fe">
         <path>/home/satish/ti/ccs930/ccs/tools/compiler/ti-cgt-arm_18.12.4.LTS/lib/</path>
         <kind>archive</kind>
         <file>rtsv7M4_T_le_v4SPD16_eabi.lib</file>
         <name>open.c.obj</name>
      </input_file>
      <input_file id="fl-ff">
         <path>/home/satish/ti/ccs930/ccs/tools/compiler/ti-cgt-arm_18.12.4.LTS/lib/</path>
         <kind>archive</kind>
         <file>rtsv7M4_T_le_v4SPD16_eabi.lib</file>
         <name>lseek.c.obj</name>
      </input_file>
      <input_file id="fl-100">
         <path>/home/satish/ti/ccs930/ccs/tools/compiler/ti-cgt-arm_18.12.4.LTS/lib/</path>
         <kind>archive</kind>
         <file>rtsv7M4_T_le_v4SPD16_eabi.lib</file>
         <name>s_copysign.c.obj</name>
      </input_file>
      <input_file id="fl-101">
         <path>/home/satish/ti/ccs930/ccs/tools/compiler/ti-cgt-arm_18.12.4.LTS/lib/</path>
         <kind>archive</kind>
         <file>rtsv7M4_T_le_v4SPD16_eabi.lib</file>
         <name>fclose.c.obj</name>
      </input_file>
      <input_file id="fl-102">
         <path>/home/satish/ti/ccs930/ccs/tools/compiler/ti-cgt-arm_18.12.4.LTS/lib/</path>
         <kind>archive</kind>
         <file>rtsv7M4_T_le_v4SPD16_eabi.lib</file>
         <name>getdevice.c.obj</name>
      </input_file>
      <input_file id="fl-103">
         <path>/home/satish/ti/ccs930/ccs/tools/compiler/ti-cgt-arm_18.12.4.LTS/lib/</path>
         <kind>archive</kind>
         <file>rtsv7M4_T_le_v4SPD16_eabi.lib</file>
         <name>strcmp.c.obj</name>
      </input_file>
      <input_file id="fl-104">
         <path>/home/satish/ti/ccs930/ccs/tools/compiler/ti-cgt-arm_18.12.4.LTS/lib/</path>
         <kind>archive</kind>
         <file>rtsv7M4_T_le_v4SPD16_eabi.lib</file>
         <name>strcpy.c.obj</name>
      </input_file>
      <input_file id="fl-105">
         <path>/home/satish/ti/ccs930/ccs/tools/compiler/ti-cgt-arm_18.12.4.LTS/lib/</path>
         <kind>archive</kind>
         <file>rtsv7M4_T_le_v4SPD16_eabi.lib</file>
         <name>strncpy.c.obj</name>
      </input_file>
      <input_file id="fl-106">
         <path>/home/satish/ti/ccs930/ccs/tools/compiler/ti-cgt-arm_18.12.4.LTS/lib/</path>
         <kind>archive</kind>
         <file>rtsv7M4_T_le_v4SPD16_eabi.lib</file>
         <name>remove.c.obj</name>
      </input_file>
      <input_file id="fl-107">
         <path>/home/satish/ti/ccs930/ccs/tools/compiler/ti-cgt-arm_18.12.4.LTS/lib/</path>
         <kind>archive</kind>
         <file>rtsv7M4_T_le_v4SPD16_eabi.lib</file>
         <name>close.c.obj</name>
      </input_file>
      <input_file id="fl-108">
         <path>/home/satish/ti/ccs930/ccs/tools/compiler/ti-cgt-arm_18.12.4.LTS/lib/</path>
         <kind>archive</kind>
         <file>rtsv7M4_T_le_v4SPD16_eabi.lib</file>
         <name>unlink.c.obj</name>
      </input_file>
   </input_file_list>
   <object_component_list>
      <object_component id="oc-f">
         <name>.intvecs</name>
         <load_address>0x0</load_address>
         <run_address>0x0</run_address>
         <size>0x26c</size>
         <input_file_ref idref="fl-3"/>
      </object_component>
      <object_component id="oc-de">
         <name>.text:__TI_printfi</name>
         <load_address>0x26c</load_address>
         <run_address>0x26c</run_address>
         <size>0xa4e</size>
         <input_file_ref idref="fl-cb"/>
      </object_component>
      <object_component id="oc-1b5">
         <name>.text:_nop</name>
         <load_address>0xcba</load_address>
         <run_address>0xcba</run_address>
         <size>0x2</size>
         <input_file_ref idref="fl-dd"/>
      </object_component>
      <object_component id="oc-191">
         <name>.text:_pconv_a</name>
         <load_address>0xcbc</load_address>
         <run_address>0xcbc</run_address>
         <size>0x270</size>
         <input_file_ref idref="fl-cb"/>
      </object_component>
      <object_component id="oc-17f">
         <name>.text:_pconv_g</name>
         <load_address>0xf2c</load_address>
         <run_address>0xf2c</run_address>
         <size>0x1d0</size>
         <input_file_ref idref="fl-cb"/>
      </object_component>
      <object_component id="oc-11d">
         <name>.text</name>
         <load_address>0x10fc</load_address>
         <run_address>0x10fc</run_address>
         <size>0x1bc</size>
         <input_file_ref idref="fl-8"/>
      </object_component>
      <object_component id="oc-23b">
         <name>.text</name>
         <load_address>0x12b8</load_address>
         <run_address>0x12b8</run_address>
         <size>0x1b6</size>
         <input_file_ref idref="fl-d0"/>
      </object_component>
      <object_component id="oc-34">
         <name>.text:i2c0_isr</name>
         <load_address>0x146e</load_address>
         <run_address>0x146e</run_address>
         <size>0x2</size>
         <input_file_ref idref="fl-2"/>
      </object_component>
      <object_component id="oc-123">
         <name>.text</name>
         <load_address>0x1470</load_address>
         <run_address>0x1470</run_address>
         <size>0x184</size>
         <input_file_ref idref="fl-6"/>
      </object_component>
      <object_component id="oc-18b">
         <name>.text:_pconv_e</name>
         <load_address>0x15f4</load_address>
         <run_address>0x15f4</run_address>
         <size>0x13c</size>
         <input_file_ref idref="fl-cb"/>
      </object_component>
      <object_component id="oc-221">
         <name>.text</name>
         <load_address>0x1730</load_address>
         <run_address>0x1730</run_address>
         <size>0x136</size>
         <input_file_ref idref="fl-d2"/>
      </object_component>
      <object_component id="oc-2d2">
         <name>.text</name>
         <load_address>0x1866</load_address>
         <run_address>0x1866</run_address>
         <size>0x2</size>
         <input_file_ref idref="fl-f1"/>
      </object_component>
      <object_component id="oc-24d">
         <name>.text:fcvt</name>
         <load_address>0x1868</load_address>
         <run_address>0x1868</run_address>
         <size>0x124</size>
         <input_file_ref idref="fl-cb"/>
      </object_component>
      <object_component id="oc-389">
         <name>.text:aligned_alloc</name>
         <load_address>0x198c</load_address>
         <run_address>0x198c</run_address>
         <size>0x118</size>
         <input_file_ref idref="fl-e4"/>
      </object_component>
      <object_component id="oc-1c3">
         <name>.text:fputs</name>
         <load_address>0x1aa4</load_address>
         <run_address>0x1aa4</run_address>
         <size>0x114</size>
         <input_file_ref idref="fl-cd"/>
      </object_component>
      <object_component id="oc-261">
         <name>.text:scalbn</name>
         <load_address>0x1bb8</load_address>
         <run_address>0x1bb8</run_address>
         <size>0x110</size>
         <input_file_ref idref="fl-ed"/>
      </object_component>
      <object_component id="oc-21c">
         <name>.text</name>
         <load_address>0x1cc8</load_address>
         <run_address>0x1cc8</run_address>
         <size>0xfc</size>
         <input_file_ref idref="fl-d3"/>
      </object_component>
      <object_component id="oc-347">
         <name>.text:free</name>
         <load_address>0x1dc4</load_address>
         <run_address>0x1dc4</run_address>
         <size>0xe4</size>
         <input_file_ref idref="fl-e4"/>
      </object_component>
      <object_component id="oc-30d">
         <name>.text:setvbuf</name>
         <load_address>0x1ea8</load_address>
         <run_address>0x1ea8</run_address>
         <size>0xdc</size>
         <input_file_ref idref="fl-cf"/>
      </object_component>
      <object_component id="oc-174">
         <name>.text:_ltostr</name>
         <load_address>0x1f84</load_address>
         <run_address>0x1f84</run_address>
         <size>0xb1</size>
         <input_file_ref idref="fl-cb"/>
      </object_component>
      <object_component id="oc-4a">
         <name>.text</name>
         <load_address>0x2036</load_address>
         <run_address>0x2036</run_address>
         <size>0x9c</size>
         <input_file_ref idref="fl-d6"/>
      </object_component>
      <object_component id="oc-215">
         <name>.text</name>
         <load_address>0x20d2</load_address>
         <run_address>0x20d2</run_address>
         <size>0x96</size>
         <input_file_ref idref="fl-d7"/>
      </object_component>
      <object_component id="oc-1ca">
         <name>.text:fputc</name>
         <load_address>0x2168</load_address>
         <run_address>0x2168</run_address>
         <size>0x8c</size>
         <input_file_ref idref="fl-cc"/>
      </object_component>
      <object_component id="oc-17a">
         <name>.text:__aeabi_cdcmple</name>
         <load_address>0x21f4</load_address>
         <run_address>0x21f4</run_address>
         <size>0x86</size>
         <input_file_ref idref="fl-d1"/>
      </object_component>
      <object_component id="oc-226">
         <name>.text:__aeabi_cdrcmple</name>
         <load_address>0x227a</load_address>
         <run_address>0x227a</run_address>
         <size>0x86</size>
         <input_file_ref idref="fl-d1"/>
      </object_component>
      <object_component id="oc-b4">
         <name>.text</name>
         <load_address>0x2300</load_address>
         <run_address>0x2300</run_address>
         <size>0x7a</size>
         <input_file_ref idref="fl-d8"/>
      </object_component>
      <object_component id="oc-390">
         <name>.text:__TI_closefile</name>
         <load_address>0x237c</load_address>
         <run_address>0x237c</run_address>
         <size>0x74</size>
         <input_file_ref idref="fl-101"/>
      </object_component>
      <object_component id="oc-3d1">
         <name>.text:split</name>
         <load_address>0x23f0</load_address>
         <run_address>0x23f0</run_address>
         <size>0x70</size>
         <input_file_ref idref="fl-e4"/>
      </object_component>
      <object_component id="oc-246">
         <name>.text:_mcpy</name>
         <load_address>0x2460</load_address>
         <run_address>0x2460</run_address>
         <size>0x6e</size>
         <input_file_ref idref="fl-cb"/>
      </object_component>
      <object_component id="oc-3c0">
         <name>.text:HOSTrename</name>
         <load_address>0x24d0</load_address>
         <run_address>0x24d0</run_address>
         <size>0x6c</size>
         <input_file_ref idref="fl-fa"/>
      </object_component>
      <object_component id="oc-3b4">
         <name>.text:HOSTlseek</name>
         <load_address>0x253c</load_address>
         <run_address>0x253c</run_address>
         <size>0x68</size>
         <input_file_ref idref="fl-f7"/>
      </object_component>
      <object_component id="oc-12">
         <name>.text:decompress:lzss:__TI_decompress_lzss</name>
         <load_address>0x25a4</load_address>
         <run_address>0x25a4</run_address>
         <size>0x68</size>
         <input_file_ref idref="fl-db"/>
      </object_component>
      <object_component id="oc-81">
         <name>.text:printf</name>
         <load_address>0x260c</load_address>
         <run_address>0x260c</run_address>
         <size>0x68</size>
         <input_file_ref idref="fl-ca"/>
      </object_component>
      <object_component id="oc-25b">
         <name>.text:frexp</name>
         <load_address>0x2674</load_address>
         <run_address>0x2674</run_address>
         <size>0x64</size>
         <input_file_ref idref="fl-ec"/>
      </object_component>
      <object_component id="oc-307">
         <name>.text:fseek</name>
         <load_address>0x26d8</load_address>
         <run_address>0x26d8</run_address>
         <size>0x64</size>
         <input_file_ref idref="fl-f0"/>
      </object_component>
      <object_component id="oc-292">
         <name>.text:__TI_wrt_ok</name>
         <load_address>0x273c</load_address>
         <run_address>0x273c</run_address>
         <size>0x62</size>
         <input_file_ref idref="fl-ce"/>
      </object_component>
      <object_component id="oc-39c">
         <name>.text:HOSTopen</name>
         <load_address>0x27a0</load_address>
         <run_address>0x27a0</run_address>
         <size>0x60</size>
         <input_file_ref idref="fl-f8"/>
      </object_component>
      <object_component id="oc-3d8">
         <name>.text:close</name>
         <load_address>0x2800</load_address>
         <run_address>0x2800</run_address>
         <size>0x5c</size>
         <input_file_ref idref="fl-107"/>
      </object_component>
      <object_component id="oc-3a8">
         <name>.text:HOSTread</name>
         <load_address>0x285c</load_address>
         <run_address>0x285c</run_address>
         <size>0x58</size>
         <input_file_ref idref="fl-f9"/>
      </object_component>
      <object_component id="oc-3ae">
         <name>.text:HOSTwrite</name>
         <load_address>0x28b4</load_address>
         <run_address>0x28b4</run_address>
         <size>0x58</size>
         <input_file_ref idref="fl-fc"/>
      </object_component>
      <object_component id="oc-185">
         <name>.text:_pconv_f</name>
         <load_address>0x290c</load_address>
         <run_address>0x290c</run_address>
         <size>0x56</size>
         <input_file_ref idref="fl-cb"/>
      </object_component>
      <object_component id="oc-230">
         <name>.text:ltoa</name>
         <load_address>0x2962</load_address>
         <run_address>0x2962</run_address>
         <size>0x54</size>
         <input_file_ref idref="fl-e1"/>
      </object_component>
      <object_component id="oc-2d">
         <name>.text:os_tick_reset</name>
         <load_address>0x29b8</load_address>
         <run_address>0x29b8</run_address>
         <size>0x54</size>
         <input_file_ref idref="fl-2"/>
      </object_component>
      <object_component id="oc-240">
         <name>.text:_ecpy</name>
         <load_address>0x2a0c</load_address>
         <run_address>0x2a0c</run_address>
         <size>0x52</size>
         <input_file_ref idref="fl-cb"/>
      </object_component>
      <object_component id="oc-29e">
         <name>.text:__TI_doflush</name>
         <load_address>0x2a5e</load_address>
         <run_address>0x2a5e</run_address>
         <size>0x4c</size>
         <input_file_ref idref="fl-ee"/>
      </object_component>
      <object_component id="oc-16e">
         <name>.text:atoi</name>
         <load_address>0x2aac</load_address>
         <run_address>0x2aac</run_address>
         <size>0x4c</size>
         <input_file_ref idref="fl-de"/>
      </object_component>
      <object_component id="oc-130">
         <name>.text:exit</name>
         <load_address>0x2af8</load_address>
         <run_address>0x2af8</run_address>
         <size>0x48</size>
         <input_file_ref idref="fl-dc"/>
      </object_component>
      <object_component id="oc-22b">
         <name>.text</name>
         <load_address>0x2b40</load_address>
         <run_address>0x2b40</run_address>
         <size>0x48</size>
         <input_file_ref idref="fl-d4"/>
      </object_component>
      <object_component id="oc-3a2">
         <name>.text:HOSTclose</name>
         <load_address>0x2b88</load_address>
         <run_address>0x2b88</run_address>
         <size>0x44</size>
         <input_file_ref idref="fl-f6"/>
      </object_component>
      <object_component id="oc-3ba">
         <name>.text:HOSTunlink</name>
         <load_address>0x2bcc</load_address>
         <run_address>0x2bcc</run_address>
         <size>0x44</size>
         <input_file_ref idref="fl-fb"/>
      </object_component>
      <object_component id="oc-136">
         <name>.text:__TI_auto_init_nobinit_nopinit:__TI_auto_init_nobinit_nopinit</name>
         <load_address>0x2c10</load_address>
         <run_address>0x2c10</run_address>
         <size>0x44</size>
         <input_file_ref idref="fl-f2"/>
      </object_component>
      <object_component id="oc-410">
         <name>.text:getdevice</name>
         <load_address>0x2c54</load_address>
         <run_address>0x2c54</run_address>
         <size>0x44</size>
         <input_file_ref idref="fl-102"/>
      </object_component>
      <object_component id="oc-253">
         <name>.text:_fcpy</name>
         <load_address>0x2c98</load_address>
         <run_address>0x2c98</run_address>
         <size>0x3e</size>
         <input_file_ref idref="fl-cb"/>
      </object_component>
      <object_component id="oc-3e9">
         <name>.text:__TI_writemsg</name>
         <load_address>0x2cd8</load_address>
         <run_address>0x2cd8</run_address>
         <size>0x38</size>
         <input_file_ref idref="fl-fd"/>
      </object_component>
      <object_component id="oc-432">
         <name>.text:strncpy</name>
         <load_address>0x2d10</load_address>
         <run_address>0x2d10</run_address>
         <size>0x36</size>
         <input_file_ref idref="fl-105"/>
      </object_component>
      <object_component id="oc-353">
         <name>.text:__TI_cleanup</name>
         <load_address>0x2d48</load_address>
         <run_address>0x2d48</run_address>
         <size>0x34</size>
         <input_file_ref idref="fl-ef"/>
      </object_component>
      <object_component id="oc-3ef">
         <name>.text:__TI_readmsg</name>
         <load_address>0x2d7c</load_address>
         <run_address>0x2d7c</run_address>
         <size>0x34</size>
         <input_file_ref idref="fl-fd"/>
      </object_component>
      <object_component id="oc-68">
         <name>.text:_c_int00_noargs:_c_int00_noargs</name>
         <load_address>0x2db0</load_address>
         <run_address>0x2db0</run_address>
         <size>0x34</size>
         <input_file_ref idref="fl-e9"/>
      </object_component>
      <object_component id="oc-438">
         <name>.text:finddevice</name>
         <load_address>0x2de4</load_address>
         <run_address>0x2de4</run_address>
         <size>0x30</size>
         <input_file_ref idref="fl-102"/>
      </object_component>
      <object_component id="oc-236">
         <name>.text</name>
         <load_address>0x2e14</load_address>
         <run_address>0x2e14</run_address>
         <size>0x2e</size>
         <input_file_ref idref="fl-d5"/>
      </object_component>
      <object_component id="oc-3de">
         <name>.text:unlink</name>
         <load_address>0x2e44</load_address>
         <run_address>0x2e44</run_address>
         <size>0x2c</size>
         <input_file_ref idref="fl-108"/>
      </object_component>
      <object_component id="oc-382">
         <name>.text:free_list_insert</name>
         <load_address>0x2e70</load_address>
         <run_address>0x2e70</run_address>
         <size>0x28</size>
         <input_file_ref idref="fl-e4"/>
      </object_component>
      <object_component id="oc-33f">
         <name>.text:lseek</name>
         <load_address>0x2e98</load_address>
         <run_address>0x2e98</run_address>
         <size>0x28</size>
         <input_file_ref idref="fl-ff"/>
      </object_component>
      <object_component id="oc-2a4">
         <name>.text:write</name>
         <load_address>0x2ec0</load_address>
         <run_address>0x2ec0</run_address>
         <size>0x28</size>
         <input_file_ref idref="fl-e7"/>
      </object_component>
      <object_component id="oc-298">
         <name>.text:memchr</name>
         <load_address>0x2ee8</load_address>
         <run_address>0x2ee8</run_address>
         <size>0x20</size>
         <input_file_ref idref="fl-e3"/>
      </object_component>
      <object_component id="oc-56">
         <name>.text:decompress:ZI:__TI_zero_init_nomemset:__TI_zero_init_nomemset</name>
         <load_address>0x2f08</load_address>
         <run_address>0x2f08</run_address>
         <size>0x1c</size>
         <input_file_ref idref="fl-d9"/>
      </object_component>
      <object_component id="oc-37c">
         <name>.text:free_list_remove</name>
         <load_address>0x2f24</load_address>
         <run_address>0x2f24</run_address>
         <size>0x1c</size>
         <input_file_ref idref="fl-e4"/>
      </object_component>
      <object_component id="oc-197">
         <name>.text:memccpy</name>
         <load_address>0x2f40</load_address>
         <run_address>0x2f40</run_address>
         <size>0x1c</size>
         <input_file_ref idref="fl-e2"/>
      </object_component>
      <object_component id="oc-2eb">
         <name>.text:copysign</name>
         <load_address>0x2f5c</load_address>
         <run_address>0x2f5c</run_address>
         <size>0x1a</size>
         <input_file_ref idref="fl-100"/>
      </object_component>
      <object_component id="oc-44f">
         <name>.text:strcmp</name>
         <load_address>0x2f76</load_address>
         <run_address>0x2f76</run_address>
         <size>0x18</size>
         <input_file_ref idref="fl-103"/>
      </object_component>
      <object_component id="oc-267">
         <name>.text:strchr</name>
         <load_address>0x2f8e</load_address>
         <run_address>0x2f8e</run_address>
         <size>0x16</size>
         <input_file_ref idref="fl-e5"/>
      </object_component>
      <object_component id="oc-403">
         <name>.text:strcpy</name>
         <load_address>0x2fa4</load_address>
         <run_address>0x2fa4</run_address>
         <size>0x14</size>
         <input_file_ref idref="fl-104"/>
      </object_component>
      <object_component id="oc-168">
         <name>.text:strlen</name>
         <load_address>0x2fb8</load_address>
         <run_address>0x2fb8</run_address>
         <size>0x14</size>
         <input_file_ref idref="fl-e6"/>
      </object_component>
      <object_component id="oc-19d">
         <name>.text:wcslen</name>
         <load_address>0x2fcc</load_address>
         <run_address>0x2fcc</run_address>
         <size>0x12</size>
         <input_file_ref idref="fl-eb"/>
      </object_component>
      <object_component id="oc-18">
         <name>.text:decompress:none:__TI_decompress_none</name>
         <load_address>0x2fde</load_address>
         <run_address>0x2fde</run_address>
         <size>0xe</size>
         <input_file_ref idref="fl-da"/>
      </object_component>
      <object_component id="oc-c0">
         <name>.text</name>
         <load_address>0x2fec</load_address>
         <run_address>0x2fec</run_address>
         <size>0xe</size>
         <input_file_ref idref="fl-2"/>
      </object_component>
      <object_component id="oc-27">
         <name>.text</name>
         <load_address>0x2ffa</load_address>
         <run_address>0x2ffa</run_address>
         <size>0xc</size>
         <input_file_ref idref="fl-3"/>
      </object_component>
      <object_component id="oc-1a3">
         <name>.text:__aeabi_errno_addr</name>
         <load_address>0x3008</load_address>
         <run_address>0x3008</run_address>
         <size>0x8</size>
         <input_file_ref idref="fl-ea"/>
      </object_component>
      <object_component id="oc-34d">
         <name>.text:malloc</name>
         <load_address>0x3010</load_address>
         <run_address>0x3010</run_address>
         <size>0x8</size>
         <input_file_ref idref="fl-e4"/>
      </object_component>
      <object_component id="oc-f0">
         <name>.text:_outc</name>
         <load_address>0x3018</load_address>
         <run_address>0x3018</run_address>
         <size>0x4</size>
         <input_file_ref idref="fl-ca"/>
      </object_component>
      <object_component id="oc-ea">
         <name>.text:_outs</name>
         <load_address>0x301c</load_address>
         <run_address>0x301c</run_address>
         <size>0x4</size>
         <input_file_ref idref="fl-ca"/>
      </object_component>
      <object_component id="oc-ba">
         <name>.text:_system_pre_init</name>
         <load_address>0x3020</load_address>
         <run_address>0x3020</run_address>
         <size>0x4</size>
         <input_file_ref idref="fl-f3"/>
      </object_component>
      <object_component id="oc-12a">
         <name>.text:abort:abort</name>
         <load_address>0x3024</load_address>
         <run_address>0x3024</run_address>
         <size>0x4</size>
         <input_file_ref idref="fl-dc"/>
      </object_component>
      <object_component id="oc-210">
         <name>.const:.string:_ctypes_</name>
         <load_address>0x3028</load_address>
         <run_address>0x3028</run_address>
         <size>0x101</size>
         <input_file_ref idref="fl-df"/>
      </object_component>
      <object_component id="oc-1e9">
         <name>.const:sch1</name>
         <load_address>0x312c</load_address>
         <run_address>0x312c</run_address>
         <size>0x28</size>
         <input_file_ref idref="fl-6"/>
      </object_component>
      <object_component id="oc-487">
         <name>.cinit..data.load</name>
         <load_address>0x3158</load_address>
         <run_address>0x3158</run_address>
         <size>0x6c</size>
      </object_component>
      <object_component id="oc-485">
         <name>__TI_handler_table</name>
         <load_address>0x31c4</load_address>
         <run_address>0x31c4</run_address>
         <size>0xc</size>
      </object_component>
      <object_component id="oc-488">
         <name>.cinit..bss.load</name>
         <load_address>0x31d0</load_address>
         <run_address>0x31d0</run_address>
         <size>0x8</size>
      </object_component>
      <object_component id="oc-486">
         <name>__TI_cinit_table</name>
         <load_address>0x31d8</load_address>
         <run_address>0x31d8</run_address>
         <size>0x10</size>
      </object_component>
      <object_component id="oc-1ec">
         <name>.data:os_normal_task_count</name>
         <load_address>0x20000430</load_address>
         <run_address>0x20000430</run_address>
         <size>0x28</size>
         <input_file_ref idref="fl-6"/>
      </object_component>
      <object_component id="oc-87">
         <name>.data</name>
         <load_address>0x20000484</load_address>
         <run_address>0x20000484</run_address>
         <size>0x5</size>
         <input_file_ref idref="fl-6"/>
      </object_component>
      <object_component id="oc-1f2">
         <name>.data:$O1$$</name>
         <load_address>0x20000468</load_address>
         <run_address>0x20000468</run_address>
         <size>0xc</size>
         <input_file_ref idref="fl-dc"/>
      </object_component>
      <object_component id="oc-e4">
         <name>.data:$O1$$</name>
         <load_address>0x20000474</load_address>
         <run_address>0x20000474</run_address>
         <size>0x8</size>
         <input_file_ref idref="fl-dd"/>
      </object_component>
      <object_component id="oc-e7">
         <name>.data:_ftable</name>
         <load_address>0x20000278</load_address>
         <run_address>0x20000278</run_address>
         <size>0xf0</size>
         <input_file_ref idref="fl-e0"/>
      </object_component>
      <object_component id="oc-396">
         <name>.data</name>
         <load_address>0x20000458</load_address>
         <run_address>0x20000458</run_address>
         <size>0x10</size>
         <input_file_ref idref="fl-e0"/>
      </object_component>
      <object_component id="oc-3cc">
         <name>.data:$O1$$</name>
         <load_address>0x2000047c</load_address>
         <run_address>0x2000047c</run_address>
         <size>0x8</size>
         <input_file_ref idref="fl-e4"/>
      </object_component>
      <object_component id="oc-366">
         <name>.data:_device</name>
         <load_address>0x20000368</load_address>
         <run_address>0x20000368</run_address>
         <size>0x78</size>
         <input_file_ref idref="fl-e8"/>
      </object_component>
      <object_component id="oc-319">
         <name>.data:_stream</name>
         <load_address>0x200003e0</load_address>
         <run_address>0x200003e0</run_address>
         <size>0x50</size>
         <input_file_ref idref="fl-e8"/>
      </object_component>
      <object_component id="oc-277">
         <name>.data</name>
         <load_address>0x2000048c</load_address>
         <run_address>0x2000048c</run_address>
         <size>0x4</size>
         <input_file_ref idref="fl-ea"/>
      </object_component>
      <object_component id="oc-41a">
         <name>.bss:_CIOBUF_</name>
         <uninitialized>true</uninitialized>
         <run_address>0x20000000</run_address>
         <size>0x120</size>
         <input_file_ref idref="fl-fd"/>
      </object_component>
      <object_component id="oc-1ef">
         <name>.common:task_mask_p1</name>
         <uninitialized>true</uninitialized>
         <run_address>0x20000274</run_address>
         <size>0x2</size>
      </object_component>
      <object_component id="oc-8a">
         <name>.common:oscounterincrement_1ms</name>
         <uninitialized>true</uninitialized>
         <run_address>0x20000270</run_address>
         <size>0x4</size>
      </object_component>
      <object_component id="oc-8d">
         <name>.common:freerunningcounter</name>
         <uninitialized>true</uninitialized>
         <run_address>0x20000260</run_address>
         <size>0x8</size>
      </object_component>
      <object_component id="oc-1e8">
         <name>.common:global_trigger</name>
         <uninitialized>true</uninitialized>
         <run_address>0x2000025c</run_address>
         <size>0x4</size>
      </object_component>
      <object_component id="oc-1e4">
         <name>.common:os_tasks</name>
         <uninitialized>true</uninitialized>
         <run_address>0x200001c0</run_address>
         <size>0x9c</size>
      </object_component>
      <object_component id="oc-3e4">
         <name>.common:__TI_tmpnams</name>
         <uninitialized>true</uninitialized>
         <run_address>0x20000120</run_address>
         <size>0xa0</size>
      </object_component>
      <object_component id="oc-3f5">
         <name>.common:parmbuf</name>
         <uninitialized>true</uninitialized>
         <run_address>0x20000268</run_address>
         <size>0x8</size>
      </object_component>
      <object_component id="oc-21">
         <name>.sysmem</name>
         <uninitialized>true</uninitialized>
         <run_address>0x20000690</run_address>
         <size>0x10</size>
         <input_file_ref idref="fl-e4"/>
      </object_component>
      <object_component id="oc-48a">
         <name>.sysmem</name>
         <uninitialized>true</uninitialized>
         <run_address>0x20000690</run_address>
         <size>0x0</size>
      </object_component>
      <object_component id="oc-24">
         <name>.stack</name>
         <uninitialized>true</uninitialized>
         <run_address>0x20000490</run_address>
         <size>0x4</size>
         <input_file_ref idref="fl-e9"/>
      </object_component>
      <object_component id="oc-489">
         <name>.stack</name>
         <uninitialized>true</uninitialized>
         <run_address>0x20000490</run_address>
         <size>0x0</size>
      </object_component>
      <object_component id="oc-10b">
         <name>.debug_info</name>
         <load_address>0x0</load_address>
         <run_address>0x0</run_address>
         <size>0x3e3</size>
         <input_file_ref idref="fl-2"/>
      </object_component>
      <object_component id="oc-35">
         <name>.debug_info</name>
         <load_address>0x3e3</load_address>
         <run_address>0x3e3</run_address>
         <size>0x170</size>
         <input_file_ref idref="fl-2"/>
      </object_component>
      <object_component id="oc-2e">
         <name>.debug_info</name>
         <load_address>0x553</load_address>
         <run_address>0x553</run_address>
         <size>0x185</size>
         <input_file_ref idref="fl-2"/>
      </object_component>
      <object_component id="oc-c1">
         <name>.debug_info</name>
         <load_address>0x6d8</load_address>
         <run_address>0x6d8</run_address>
         <size>0x11c</size>
         <input_file_ref idref="fl-2"/>
      </object_component>
      <object_component id="oc-1df">
         <name>.debug_info</name>
         <load_address>0x7f4</load_address>
         <run_address>0x7f4</run_address>
         <size>0x48</size>
         <input_file_ref idref="fl-2"/>
      </object_component>
      <object_component id="oc-ff">
         <name>.debug_info</name>
         <load_address>0x83c</load_address>
         <run_address>0x83c</run_address>
         <size>0x159</size>
         <input_file_ref idref="fl-2"/>
      </object_component>
      <object_component id="oc-90">
         <name>.debug_info</name>
         <load_address>0x995</load_address>
         <run_address>0x995</run_address>
         <size>0x6c</size>
         <input_file_ref idref="fl-2"/>
      </object_component>
      <object_component id="oc-9a">
         <name>.debug_info</name>
         <load_address>0xa01</load_address>
         <run_address>0xa01</run_address>
         <size>0x26b</size>
         <input_file_ref idref="fl-2"/>
      </object_component>
      <object_component id="oc-1da">
         <name>.debug_info</name>
         <load_address>0xc6c</load_address>
         <run_address>0xc6c</run_address>
         <size>0x276</size>
         <input_file_ref idref="fl-2"/>
      </object_component>
      <object_component id="oc-45">
         <name>.debug_info</name>
         <load_address>0xee2</load_address>
         <run_address>0xee2</run_address>
         <size>0x84</size>
         <input_file_ref idref="fl-2"/>
      </object_component>
      <object_component id="oc-106">
         <name>.debug_info</name>
         <load_address>0xf66</load_address>
         <run_address>0xf66</run_address>
         <size>0x297</size>
         <input_file_ref idref="fl-2"/>
      </object_component>
      <object_component id="oc-95">
         <name>.debug_info</name>
         <load_address>0x11fd</load_address>
         <run_address>0x11fd</run_address>
         <size>0xbb</size>
         <input_file_ref idref="fl-2"/>
      </object_component>
      <object_component id="oc-f8">
         <name>.debug_info</name>
         <load_address>0x12b8</load_address>
         <run_address>0x12b8</run_address>
         <size>0x2c</size>
         <input_file_ref idref="fl-2"/>
      </object_component>
      <object_component id="oc-3d">
         <name>.debug_info</name>
         <load_address>0x12e4</load_address>
         <run_address>0x12e4</run_address>
         <size>0x3bc</size>
         <input_file_ref idref="fl-3"/>
      </object_component>
      <object_component id="oc-10">
         <name>.debug_info</name>
         <load_address>0x16a0</load_address>
         <run_address>0x16a0</run_address>
         <size>0xf6</size>
         <input_file_ref idref="fl-3"/>
      </object_component>
      <object_component id="oc-28">
         <name>.debug_info</name>
         <load_address>0x1796</load_address>
         <run_address>0x1796</run_address>
         <size>0x272</size>
         <input_file_ref idref="fl-3"/>
      </object_component>
      <object_component id="oc-8b">
         <name>.debug_info</name>
         <load_address>0x1a08</load_address>
         <run_address>0x1a08</run_address>
         <size>0x46e</size>
         <input_file_ref idref="fl-6"/>
      </object_component>
      <object_component id="oc-1ed">
         <name>.debug_info</name>
         <load_address>0x1e76</load_address>
         <run_address>0x1e76</run_address>
         <size>0xf8</size>
         <input_file_ref idref="fl-6"/>
      </object_component>
      <object_component id="oc-88">
         <name>.debug_info</name>
         <load_address>0x1f6e</load_address>
         <run_address>0x1f6e</run_address>
         <size>0x101</size>
         <input_file_ref idref="fl-6"/>
      </object_component>
      <object_component id="oc-1ea">
         <name>.debug_info</name>
         <load_address>0x206f</load_address>
         <run_address>0x206f</run_address>
         <size>0xd8</size>
         <input_file_ref idref="fl-6"/>
      </object_component>
      <object_component id="oc-124">
         <name>.debug_info</name>
         <load_address>0x2147</load_address>
         <run_address>0x2147</run_address>
         <size>0x3a9</size>
         <input_file_ref idref="fl-6"/>
      </object_component>
      <object_component id="oc-1e5">
         <name>.debug_info</name>
         <load_address>0x24f0</load_address>
         <run_address>0x24f0</run_address>
         <size>0x40c</size>
         <input_file_ref idref="fl-8"/>
      </object_component>
      <object_component id="oc-11e">
         <name>.debug_info</name>
         <load_address>0x28fc</load_address>
         <run_address>0x28fc</run_address>
         <size>0x5eb</size>
         <input_file_ref idref="fl-8"/>
      </object_component>
      <object_component id="oc-f7">
         <name>.debug_info</name>
         <load_address>0x2ee7</load_address>
         <run_address>0x2ee7</run_address>
         <size>0x3e4</size>
         <input_file_ref idref="fl-ca"/>
      </object_component>
      <object_component id="oc-f1">
         <name>.debug_info</name>
         <load_address>0x32cb</load_address>
         <run_address>0x32cb</run_address>
         <size>0x156</size>
         <input_file_ref idref="fl-ca"/>
      </object_component>
      <object_component id="oc-eb">
         <name>.debug_info</name>
         <load_address>0x3421</load_address>
         <run_address>0x3421</run_address>
         <size>0x165</size>
         <input_file_ref idref="fl-ca"/>
      </object_component>
      <object_component id="oc-82">
         <name>.debug_info</name>
         <load_address>0x3586</load_address>
         <run_address>0x3586</run_address>
         <size>0x1ab</size>
         <input_file_ref idref="fl-ca"/>
      </object_component>
      <object_component id="oc-1d3">
         <name>.debug_info</name>
         <load_address>0x3731</load_address>
         <run_address>0x3731</run_address>
         <size>0xb2</size>
         <input_file_ref idref="fl-ca"/>
      </object_component>
      <object_component id="oc-1aa">
         <name>.debug_info</name>
         <load_address>0x37e3</load_address>
         <run_address>0x37e3</run_address>
         <size>0x57a</size>
         <input_file_ref idref="fl-cb"/>
      </object_component>
      <object_component id="oc-175">
         <name>.debug_info</name>
         <load_address>0x3d5d</load_address>
         <run_address>0x3d5d</run_address>
         <size>0x21d</size>
         <input_file_ref idref="fl-cb"/>
      </object_component>
      <object_component id="oc-241">
         <name>.debug_info</name>
         <load_address>0x3f7a</load_address>
         <run_address>0x3f7a</run_address>
         <size>0x1b2</size>
         <input_file_ref idref="fl-cb"/>
      </object_component>
      <object_component id="oc-247">
         <name>.debug_info</name>
         <load_address>0x412c</load_address>
         <run_address>0x412c</run_address>
         <size>0x21a</size>
         <input_file_ref idref="fl-cb"/>
      </object_component>
      <object_component id="oc-180">
         <name>.debug_info</name>
         <load_address>0x4346</load_address>
         <run_address>0x4346</run_address>
         <size>0x3ba</size>
         <input_file_ref idref="fl-cb"/>
      </object_component>
      <object_component id="oc-24e">
         <name>.debug_info</name>
         <load_address>0x4700</load_address>
         <run_address>0x4700</run_address>
         <size>0x304</size>
         <input_file_ref idref="fl-cb"/>
      </object_component>
      <object_component id="oc-254">
         <name>.debug_info</name>
         <load_address>0x4a04</load_address>
         <run_address>0x4a04</run_address>
         <size>0x214</size>
         <input_file_ref idref="fl-cb"/>
      </object_component>
      <object_component id="oc-186">
         <name>.debug_info</name>
         <load_address>0x4c18</load_address>
         <run_address>0x4c18</run_address>
         <size>0x214</size>
         <input_file_ref idref="fl-cb"/>
      </object_component>
      <object_component id="oc-18c">
         <name>.debug_info</name>
         <load_address>0x4e2c</load_address>
         <run_address>0x4e2c</run_address>
         <size>0x303</size>
         <input_file_ref idref="fl-cb"/>
      </object_component>
      <object_component id="oc-192">
         <name>.debug_info</name>
         <load_address>0x512f</load_address>
         <run_address>0x512f</run_address>
         <size>0x4af</size>
         <input_file_ref idref="fl-cb"/>
      </object_component>
      <object_component id="oc-df">
         <name>.debug_info</name>
         <load_address>0x55de</load_address>
         <run_address>0x55de</run_address>
         <size>0x5f3</size>
         <input_file_ref idref="fl-cb"/>
      </object_component>
      <object_component id="oc-1ab">
         <name>.debug_info</name>
         <load_address>0x5bd1</load_address>
         <run_address>0x5bd1</run_address>
         <size>0x86</size>
         <input_file_ref idref="fl-cb"/>
      </object_component>
      <object_component id="oc-283">
         <name>.debug_info</name>
         <load_address>0x5c57</load_address>
         <run_address>0x5c57</run_address>
         <size>0x39</size>
         <input_file_ref idref="fl-cb"/>
      </object_component>
      <object_component id="oc-302">
         <name>.debug_info</name>
         <load_address>0x5c90</load_address>
         <run_address>0x5c90</run_address>
         <size>0xb6</size>
         <input_file_ref idref="fl-cb"/>
      </object_component>
      <object_component id="oc-288">
         <name>.debug_info</name>
         <load_address>0x5d46</load_address>
         <run_address>0x5d46</run_address>
         <size>0x46</size>
         <input_file_ref idref="fl-cb"/>
      </object_component>
      <object_component id="oc-1b0">
         <name>.debug_info</name>
         <load_address>0x5d8c</load_address>
         <run_address>0x5d8c</run_address>
         <size>0x46</size>
         <input_file_ref idref="fl-cb"/>
      </object_component>
      <object_component id="oc-27e">
         <name>.debug_info</name>
         <load_address>0x5dd2</load_address>
         <run_address>0x5dd2</run_address>
         <size>0x2c</size>
         <input_file_ref idref="fl-cb"/>
      </object_component>
      <object_component id="oc-2ad">
         <name>.debug_info</name>
         <load_address>0x5dfe</load_address>
         <run_address>0x5dfe</run_address>
         <size>0x382</size>
         <input_file_ref idref="fl-cc"/>
      </object_component>
      <object_component id="oc-1cb">
         <name>.debug_info</name>
         <load_address>0x6180</load_address>
         <run_address>0x6180</run_address>
         <size>0x1e9</size>
         <input_file_ref idref="fl-cc"/>
      </object_component>
      <object_component id="oc-2ab">
         <name>.debug_info</name>
         <load_address>0x6369</load_address>
         <run_address>0x6369</run_address>
         <size>0x3fb</size>
         <input_file_ref idref="fl-cd"/>
      </object_component>
      <object_component id="oc-1c4">
         <name>.debug_info</name>
         <load_address>0x6764</load_address>
         <run_address>0x6764</run_address>
         <size>0x2e1</size>
         <input_file_ref idref="fl-cd"/>
      </object_component>
      <object_component id="oc-114">
         <name>.debug_info</name>
         <load_address>0x6a45</load_address>
         <run_address>0x6a45</run_address>
         <size>0x2c</size>
         <input_file_ref idref="fl-cd"/>
      </object_component>
      <object_component id="oc-314">
         <name>.debug_info</name>
         <load_address>0x6a71</load_address>
         <run_address>0x6a71</run_address>
         <size>0x2ff</size>
         <input_file_ref idref="fl-ce"/>
      </object_component>
      <object_component id="oc-293">
         <name>.debug_info</name>
         <load_address>0x6d70</load_address>
         <run_address>0x6d70</run_address>
         <size>0x19b</size>
         <input_file_ref idref="fl-ce"/>
      </object_component>
      <object_component id="oc-35b">
         <name>.debug_info</name>
         <load_address>0x6f0b</load_address>
         <run_address>0x6f0b</run_address>
         <size>0xbf</size>
         <input_file_ref idref="fl-ce"/>
      </object_component>
      <object_component id="oc-35a">
         <name>.debug_info</name>
         <load_address>0x6fca</load_address>
         <run_address>0x6fca</run_address>
         <size>0x373</size>
         <input_file_ref idref="fl-cf"/>
      </object_component>
      <object_component id="oc-30e">
         <name>.debug_info</name>
         <load_address>0x733d</load_address>
         <run_address>0x733d</run_address>
         <size>0x20a</size>
         <input_file_ref idref="fl-cf"/>
      </object_component>
      <object_component id="oc-23c">
         <name>.debug_info</name>
         <load_address>0x7547</load_address>
         <run_address>0x7547</run_address>
         <size>0x14b</size>
         <input_file_ref idref="fl-d0"/>
      </object_component>
      <object_component id="oc-17b">
         <name>.debug_info</name>
         <load_address>0x7692</load_address>
         <run_address>0x7692</run_address>
         <size>0x127</size>
         <input_file_ref idref="fl-d1"/>
      </object_component>
      <object_component id="oc-227">
         <name>.debug_info</name>
         <load_address>0x77b9</load_address>
         <run_address>0x77b9</run_address>
         <size>0x129</size>
         <input_file_ref idref="fl-d1"/>
      </object_component>
      <object_component id="oc-222">
         <name>.debug_info</name>
         <load_address>0x78e2</load_address>
         <run_address>0x78e2</run_address>
         <size>0x139</size>
         <input_file_ref idref="fl-d2"/>
      </object_component>
      <object_component id="oc-21d">
         <name>.debug_info</name>
         <load_address>0x7a1b</load_address>
         <run_address>0x7a1b</run_address>
         <size>0x139</size>
         <input_file_ref idref="fl-d3"/>
      </object_component>
      <object_component id="oc-22c">
         <name>.debug_info</name>
         <load_address>0x7b54</load_address>
         <run_address>0x7b54</run_address>
         <size>0x12d</size>
         <input_file_ref idref="fl-d4"/>
      </object_component>
      <object_component id="oc-237">
         <name>.debug_info</name>
         <load_address>0x7c81</load_address>
         <run_address>0x7c81</run_address>
         <size>0x12b</size>
         <input_file_ref idref="fl-d5"/>
      </object_component>
      <object_component id="oc-4b">
         <name>.debug_info</name>
         <load_address>0x7dac</load_address>
         <run_address>0x7dac</run_address>
         <size>0x118</size>
         <input_file_ref idref="fl-d6"/>
      </object_component>
      <object_component id="oc-216">
         <name>.debug_info</name>
         <load_address>0x7ec4</load_address>
         <run_address>0x7ec4</run_address>
         <size>0x133</size>
         <input_file_ref idref="fl-d7"/>
      </object_component>
      <object_component id="oc-b5">
         <name>.debug_info</name>
         <load_address>0x7ff7</load_address>
         <run_address>0x7ff7</run_address>
         <size>0x146</size>
         <input_file_ref idref="fl-d8"/>
      </object_component>
      <object_component id="oc-b3">
         <name>.debug_info</name>
         <load_address>0x813d</load_address>
         <run_address>0x813d</run_address>
         <size>0x2d3</size>
         <input_file_ref idref="fl-d9"/>
      </object_component>
      <object_component id="oc-57">
         <name>.debug_info</name>
         <load_address>0x8410</load_address>
         <run_address>0x8410</run_address>
         <size>0x1d1</size>
         <input_file_ref idref="fl-d9"/>
      </object_component>
      <object_component id="oc-ae">
         <name>.debug_info</name>
         <load_address>0x85e1</load_address>
         <run_address>0x85e1</run_address>
         <size>0x46</size>
         <input_file_ref idref="fl-d9"/>
      </object_component>
      <object_component id="oc-55">
         <name>.debug_info</name>
         <load_address>0x8627</load_address>
         <run_address>0x8627</run_address>
         <size>0x2a7</size>
         <input_file_ref idref="fl-da"/>
      </object_component>
      <object_component id="oc-19">
         <name>.debug_info</name>
         <load_address>0x88ce</load_address>
         <run_address>0x88ce</run_address>
         <size>0x1e9</size>
         <input_file_ref idref="fl-da"/>
      </object_component>
      <object_component id="oc-50">
         <name>.debug_info</name>
         <load_address>0x8ab7</load_address>
         <run_address>0x8ab7</run_address>
         <size>0x46</size>
         <input_file_ref idref="fl-da"/>
      </object_component>
      <object_component id="oc-a6">
         <name>.debug_info</name>
         <load_address>0x8afd</load_address>
         <run_address>0x8afd</run_address>
         <size>0x2c</size>
         <input_file_ref idref="fl-da"/>
      </object_component>
      <object_component id="oc-a4">
         <name>.debug_info</name>
         <load_address>0x8b29</load_address>
         <run_address>0x8b29</run_address>
         <size>0x29d</size>
         <input_file_ref idref="fl-db"/>
      </object_component>
      <object_component id="oc-13">
         <name>.debug_info</name>
         <load_address>0x8dc6</load_address>
         <run_address>0x8dc6</run_address>
         <size>0x24f</size>
         <input_file_ref idref="fl-db"/>
      </object_component>
      <object_component id="oc-40">
         <name>.debug_info</name>
         <load_address>0x9015</load_address>
         <run_address>0x9015</run_address>
         <size>0x60</size>
         <input_file_ref idref="fl-db"/>
      </object_component>
      <object_component id="oc-10d">
         <name>.debug_info</name>
         <load_address>0x9075</load_address>
         <run_address>0x9075</run_address>
         <size>0x46</size>
         <input_file_ref idref="fl-db"/>
      </object_component>
      <object_component id="oc-9f">
         <name>.debug_info</name>
         <load_address>0x90bb</load_address>
         <run_address>0x90bb</run_address>
         <size>0x39</size>
         <input_file_ref idref="fl-db"/>
      </object_component>
      <object_component id="oc-1f6">
         <name>.debug_info</name>
         <load_address>0x90f4</load_address>
         <run_address>0x90f4</run_address>
         <size>0x3ac</size>
         <input_file_ref idref="fl-dc"/>
      </object_component>
      <object_component id="oc-1f3">
         <name>.debug_info</name>
         <load_address>0x94a0</load_address>
         <run_address>0x94a0</run_address>
         <size>0x18f</size>
         <input_file_ref idref="fl-dc"/>
      </object_component>
      <object_component id="oc-12b">
         <name>.debug_info</name>
         <load_address>0x962f</load_address>
         <run_address>0x962f</run_address>
         <size>0x121</size>
         <input_file_ref idref="fl-dc"/>
      </object_component>
      <object_component id="oc-131">
         <name>.debug_info</name>
         <load_address>0x9750</load_address>
         <run_address>0x9750</run_address>
         <size>0x183</size>
         <input_file_ref idref="fl-dc"/>
      </object_component>
      <object_component id="oc-1bd">
         <name>.debug_info</name>
         <load_address>0x98d3</load_address>
         <run_address>0x98d3</run_address>
         <size>0x2c8</size>
         <input_file_ref idref="fl-dd"/>
      </object_component>
      <object_component id="oc-e5">
         <name>.debug_info</name>
         <load_address>0x9b9b</load_address>
         <run_address>0x9b9b</run_address>
         <size>0x11d</size>
         <input_file_ref idref="fl-dd"/>
      </object_component>
      <object_component id="oc-1b6">
         <name>.debug_info</name>
         <load_address>0x9cb8</load_address>
         <run_address>0x9cb8</run_address>
         <size>0x12d</size>
         <input_file_ref idref="fl-dd"/>
      </object_component>
      <object_component id="oc-214">
         <name>.debug_info</name>
         <load_address>0x9de5</load_address>
         <run_address>0x9de5</run_address>
         <size>0x2b8</size>
         <input_file_ref idref="fl-de"/>
      </object_component>
      <object_component id="oc-16f">
         <name>.debug_info</name>
         <load_address>0xa09d</load_address>
         <run_address>0xa09d</run_address>
         <size>0x17b</size>
         <input_file_ref idref="fl-de"/>
      </object_component>
      <object_component id="oc-2cf">
         <name>.debug_info</name>
         <load_address>0xa218</load_address>
         <run_address>0xa218</run_address>
         <size>0xf8</size>
         <input_file_ref idref="fl-df"/>
      </object_component>
      <object_component id="oc-211">
         <name>.debug_info</name>
         <load_address>0xa310</load_address>
         <run_address>0xa310</run_address>
         <size>0x104</size>
         <input_file_ref idref="fl-df"/>
      </object_component>
      <object_component id="oc-1c1">
         <name>.debug_info</name>
         <load_address>0xa414</load_address>
         <run_address>0xa414</run_address>
         <size>0x143</size>
         <input_file_ref idref="fl-e0"/>
      </object_component>
      <object_component id="oc-e8">
         <name>.debug_info</name>
         <load_address>0xa557</load_address>
         <run_address>0xa557</run_address>
         <size>0x101</size>
         <input_file_ref idref="fl-e0"/>
      </object_component>
      <object_component id="oc-397">
         <name>.debug_info</name>
         <load_address>0xa658</load_address>
         <run_address>0xa658</run_address>
         <size>0x18e</size>
         <input_file_ref idref="fl-e0"/>
      </object_component>
      <object_component id="oc-2dd">
         <name>.debug_info</name>
         <load_address>0xa7e6</load_address>
         <run_address>0xa7e6</run_address>
         <size>0x29a</size>
         <input_file_ref idref="fl-e1"/>
      </object_component>
      <object_component id="oc-231">
         <name>.debug_info</name>
         <load_address>0xaa80</load_address>
         <run_address>0xaa80</run_address>
         <size>0x1cc</size>
         <input_file_ref idref="fl-e1"/>
      </object_component>
      <object_component id="oc-26f">
         <name>.debug_info</name>
         <load_address>0xac4c</load_address>
         <run_address>0xac4c</run_address>
         <size>0x295</size>
         <input_file_ref idref="fl-e2"/>
      </object_component>
      <object_component id="oc-198">
         <name>.debug_info</name>
         <load_address>0xaee1</load_address>
         <run_address>0xaee1</run_address>
         <size>0x1b5</size>
         <input_file_ref idref="fl-e2"/>
      </object_component>
      <object_component id="oc-316">
         <name>.debug_info</name>
         <load_address>0xb096</load_address>
         <run_address>0xb096</run_address>
         <size>0x2a4</size>
         <input_file_ref idref="fl-e3"/>
      </object_component>
      <object_component id="oc-299">
         <name>.debug_info</name>
         <load_address>0xb33a</load_address>
         <run_address>0xb33a</run_address>
         <size>0x258</size>
         <input_file_ref idref="fl-e3"/>
      </object_component>
      <object_component id="oc-7c">
         <name>.debug_info</name>
         <load_address>0xb592</load_address>
         <run_address>0xb592</run_address>
         <size>0x3b1</size>
         <input_file_ref idref="fl-e4"/>
      </object_component>
      <object_component id="oc-22">
         <name>.debug_info</name>
         <load_address>0xb943</load_address>
         <run_address>0xb943</run_address>
         <size>0x10b</size>
         <input_file_ref idref="fl-e4"/>
      </object_component>
      <object_component id="oc-3cd">
         <name>.debug_info</name>
         <load_address>0xba4e</load_address>
         <run_address>0xba4e</run_address>
         <size>0x13e</size>
         <input_file_ref idref="fl-e4"/>
      </object_component>
      <object_component id="oc-34e">
         <name>.debug_info</name>
         <load_address>0xbb8c</load_address>
         <run_address>0xbb8c</run_address>
         <size>0x167</size>
         <input_file_ref idref="fl-e4"/>
      </object_component>
      <object_component id="oc-37d">
         <name>.debug_info</name>
         <load_address>0xbcf3</load_address>
         <run_address>0xbcf3</run_address>
         <size>0x18d</size>
         <input_file_ref idref="fl-e4"/>
      </object_component>
      <object_component id="oc-383">
         <name>.debug_info</name>
         <load_address>0xbe80</load_address>
         <run_address>0xbe80</run_address>
         <size>0x19e</size>
         <input_file_ref idref="fl-e4"/>
      </object_component>
      <object_component id="oc-348">
         <name>.debug_info</name>
         <load_address>0xc01e</load_address>
         <run_address>0xc01e</run_address>
         <size>0x202</size>
         <input_file_ref idref="fl-e4"/>
      </object_component>
      <object_component id="oc-3d2">
         <name>.debug_info</name>
         <load_address>0xc220</load_address>
         <run_address>0xc220</run_address>
         <size>0x1da</size>
         <input_file_ref idref="fl-e4"/>
      </object_component>
      <object_component id="oc-38a">
         <name>.debug_info</name>
         <load_address>0xc3fa</load_address>
         <run_address>0xc3fa</run_address>
         <size>0x298</size>
         <input_file_ref idref="fl-e4"/>
      </object_component>
      <object_component id="oc-d9">
         <name>.debug_info</name>
         <load_address>0xc692</load_address>
         <run_address>0xc692</run_address>
         <size>0xb2</size>
         <input_file_ref idref="fl-e4"/>
      </object_component>
      <object_component id="oc-d4">
         <name>.debug_info</name>
         <load_address>0xc744</load_address>
         <run_address>0xc744</run_address>
         <size>0x2c</size>
         <input_file_ref idref="fl-e4"/>
      </object_component>
      <object_component id="oc-2f4">
         <name>.debug_info</name>
         <load_address>0xc770</load_address>
         <run_address>0xc770</run_address>
         <size>0x299</size>
         <input_file_ref idref="fl-e5"/>
      </object_component>
      <object_component id="oc-268">
         <name>.debug_info</name>
         <load_address>0xca09</load_address>
         <run_address>0xca09</run_address>
         <size>0x25d</size>
         <input_file_ref idref="fl-e5"/>
      </object_component>
      <object_component id="oc-20f">
         <name>.debug_info</name>
         <load_address>0xcc66</load_address>
         <run_address>0xcc66</run_address>
         <size>0x28e</size>
         <input_file_ref idref="fl-e6"/>
      </object_component>
      <object_component id="oc-169">
         <name>.debug_info</name>
         <load_address>0xcef4</load_address>
         <run_address>0xcef4</run_address>
         <size>0x240</size>
         <input_file_ref idref="fl-e6"/>
      </object_component>
      <object_component id="oc-31d">
         <name>.debug_info</name>
         <load_address>0xd134</load_address>
         <run_address>0xd134</run_address>
         <size>0x396</size>
         <input_file_ref idref="fl-e7"/>
      </object_component>
      <object_component id="oc-2a5">
         <name>.debug_info</name>
         <load_address>0xd4ca</load_address>
         <run_address>0xd4ca</run_address>
         <size>0x18e</size>
         <input_file_ref idref="fl-e7"/>
      </object_component>
      <object_component id="oc-36e">
         <name>.debug_info</name>
         <load_address>0xd658</load_address>
         <run_address>0xd658</run_address>
         <size>0x120</size>
         <input_file_ref idref="fl-e7"/>
      </object_component>
      <object_component id="oc-373">
         <name>.debug_info</name>
         <load_address>0xd778</load_address>
         <run_address>0xd778</run_address>
         <size>0x2c</size>
         <input_file_ref idref="fl-e7"/>
      </object_component>
      <object_component id="oc-36b">
         <name>.debug_info</name>
         <load_address>0xd7a4</load_address>
         <run_address>0xd7a4</run_address>
         <size>0x336</size>
         <input_file_ref idref="fl-e8"/>
      </object_component>
      <object_component id="oc-367">
         <name>.debug_info</name>
         <load_address>0xdada</load_address>
         <run_address>0xdada</run_address>
         <size>0x108</size>
         <input_file_ref idref="fl-e8"/>
      </object_component>
      <object_component id="oc-31a">
         <name>.debug_info</name>
         <load_address>0xdbe2</load_address>
         <run_address>0xdbe2</run_address>
         <size>0x108</size>
         <input_file_ref idref="fl-e8"/>
      </object_component>
      <object_component id="oc-25">
         <name>.debug_info</name>
         <load_address>0xdcea</load_address>
         <run_address>0xdcea</run_address>
         <size>0x10a</size>
         <input_file_ref idref="fl-e9"/>
      </object_component>
      <object_component id="oc-69">
         <name>.debug_info</name>
         <load_address>0xddf4</load_address>
         <run_address>0xddf4</run_address>
         <size>0x1a8</size>
         <input_file_ref idref="fl-e9"/>
      </object_component>
      <object_component id="oc-27b">
         <name>.debug_info</name>
         <load_address>0xdf9c</load_address>
         <run_address>0xdf9c</run_address>
         <size>0x288</size>
         <input_file_ref idref="fl-ea"/>
      </object_component>
      <object_component id="oc-278">
         <name>.debug_info</name>
         <load_address>0xe224</load_address>
         <run_address>0xe224</run_address>
         <size>0x10d</size>
         <input_file_ref idref="fl-ea"/>
      </object_component>
      <object_component id="oc-1a4">
         <name>.debug_info</name>
         <load_address>0xe331</load_address>
         <run_address>0xe331</run_address>
         <size>0x14d</size>
         <input_file_ref idref="fl-ea"/>
      </object_component>
      <object_component id="oc-276">
         <name>.debug_info</name>
         <load_address>0xe47e</load_address>
         <run_address>0xe47e</run_address>
         <size>0x28e</size>
         <input_file_ref idref="fl-eb"/>
      </object_component>
      <object_component id="oc-19e">
         <name>.debug_info</name>
         <load_address>0xe70c</load_address>
         <run_address>0xe70c</run_address>
         <size>0x159</size>
         <input_file_ref idref="fl-eb"/>
      </object_component>
      <object_component id="oc-2f7">
         <name>.debug_info</name>
[...]
      </symbol>
      <symbol id="sm-78">
         <name>main</name>
         <value>0x2fed</value>
         <object_component_ref idref="oc-c0"/>
      </symbol>
      <symbol id="sm-95">
         <name>ResetISR</name>
         <value>0x2ffb</value>
         <object_component_ref idref="oc-27"/>
      </symbol>
      <symbol id="sm-96">
         <name>g_pfnVectors</name>
         <value>0x0</value>
         <object_component_ref idref="oc-f"/>
      </symbol>
      <symbol id="sm-d0">
         <name>task_mask_p1</name>
         <value>0x20000274</value>
      </symbol>
      <symbol id="sm-d1">
         <name>oscounterincrement_1ms</name>
         <value>0x20000270</value>
      </symbol>
      <symbol id="sm-d2">
         <name>freerunningcounter</name>
         <value>0x20000260</value>
      </symbol>
      <symbol id="sm-d3">
         <name>global_trigger</name>
         <value>0x2000025c</value>
      </symbol>
      <symbol id="sm-d4">
         <name>counter_lock</name>
         <value>0x20000484</value>
         <object_component_ref idref="oc-87"/>
      </symbol>
      <symbol id="sm-d5">
         <name>system_register_initilize</name>
         <value>0x15d1</value>
         <object_component_ref idref="oc-123"/>
      </symbol>
      <symbol id="sm-d6">
         <name>task_20ms</name>
         <value>0x1565</value>
         <object_component_ref idref="oc-123"/>
      </symbol>
      <symbol id="sm-d7">
         <name>prev</name>
         <value>0x20000488</value>
         <object_component_ref idref="oc-87"/>
      </symbol>
      <symbol id="sm-d8">
         <name>start_os</name>
         <value>0x1471</value>
         <object_component_ref idref="oc-123"/>
      </symbol>
      <symbol id="sm-d9">
         <name>task_10ms</name>
         <value>0x1547</value>
         <object_component_ref idref="oc-123"/>
      </symbol>
      <symbol id="sm-da">
         <name>set_maxtaskmask</name>
         <value>0x15a1</value>
         <object_component_ref idref="oc-123"/>
      </symbol>
      <symbol id="sm-db">
         <name>task_1ms</name>
         <value>0x1511</value>
         <object_component_ref idref="oc-123"/>
      </symbol>
      <symbol id="sm-dc">
         <name>sch1</name>
         <value>0x312c</value>
         <object_component_ref idref="oc-1e9"/>
      </symbol>
      <symbol id="sm-dd">
         <name>task_100ms</name>
         <value>0x1583</value>
         <object_component_ref idref="oc-123"/>
      </symbol>
      <symbol id="sm-de">
         <name>os_normal_task_count</name>
         <value>0x20000430</value>
         <object_component_ref idref="oc-1ec"/>
      </symbol>
      <symbol id="sm-df">
         <name>task_5ms</name>
         <value>0x1529</value>
         <object_component_ref idref="oc-123"/>
      </symbol>
      <symbol id="sm-10b">
         <name>os_tasks</name>
         <value>0x200001c0</value>
      </symbol>
      <symbol id="sm-10c">
         <name>is_queue_osfull</name>
         <value>0x112d</value>
         <object_component_ref idref="oc-11d"/>
      </symbol>
      <symbol id="sm-10d">
         <name>initos</name>
         <value>0x1247</value>
         <object_component_ref idref="oc-11d"/>
      </symbol>
      <symbol id="sm-10e">
         <name>delete_element_osqueue</name>
         <value>0x1193</value>
         <object_component_ref idref="oc-11d"/>
      </symbol>
      <symbol id="sm-10f">
         <name>is_queue_osempty</name>
         <value>0x1167</value>
         <object_component_ref idref="oc-11d"/>
      </symbol>
      <symbol id="sm-110">
         <name>add_element_osqueue</name>
         <value>0x11e3</value>
         <object_component_ref idref="oc-11d"/>
      </symbol>
      <symbol id="sm-144">
         <name>printf</name>
         <value>0x260d</value>
         <object_component_ref idref="oc-81"/>
      </symbol>
      <symbol id="sm-2ae">
         <name>__TI_printfi</name>
         <value>0x26d</value>
         <object_component_ref idref="oc-de"/>
      </symbol>
      <symbol id="sm-2c3">
         <name>putc</name>
         <value>0x2169</value>
         <object_component_ref idref="oc-1ca"/>
      </symbol>
      <symbol id="sm-2c4">
         <name>fputc</name>
         <value>0x2169</value>
         <object_component_ref idref="oc-1ca"/>
      </symbol>
      <symbol id="sm-2e7">
         <name>fputs</name>
         <value>0x1aa5</value>
         <object_component_ref idref="oc-1c3"/>
      </symbol>
      <symbol id="sm-2ff">
         <name>__TI_wrt_ok</name>
         <value>0x273d</value>
         <object_component_ref idref="oc-292"/>
      </symbol>
      <symbol id="sm-31b">
         <name>setvbuf</name>
         <value>0x1ea9</value>
         <object_component_ref idref="oc-30d"/>
      </symbol>
      <symbol id="sm-332">
         <name>__aeabi_dsub</name>
         <value>0x12b9</value>
         <object_component_ref idref="oc-23b"/>
      </symbol>
      <symbol id="sm-333">
         <name>__aeabi_dadd</name>
         <value>0x12c3</value>
         <object_component_ref idref="oc-23b"/>
      </symbol>
      <symbol id="sm-355">
         <name>__aeabi_cdcmpeq</name>
         <value>0x21f5</value>
         <object_component_ref idref="oc-17a"/>
      </symbol>
      <symbol id="sm-356">
         <name>__aeabi_cdcmple</name>
         <value>0x21f5</value>
         <object_component_ref idref="oc-17a"/>
      </symbol>
      <symbol id="sm-357">
         <name>__aeabi_cdrcmple</name>
         <value>0x227b</value>
         <object_component_ref idref="oc-226"/>
      </symbol>
      <symbol id="sm-36b">
         <name>__aeabi_ddiv</name>
         <value>0x1731</value>
         <object_component_ref idref="oc-221"/>
      </symbol>
      <symbol id="sm-376">
         <name>__aeabi_dmul</name>
         <value>0x1cc9</value>
         <object_component_ref idref="oc-21c"/>
      </symbol>
      <symbol id="sm-380">
         <name>__aeabi_d2iz</name>
         <value>0x2b41</value>
         <object_component_ref idref="oc-22b"/>
      </symbol>
      <symbol id="sm-38a">
         <name>__aeabi_i2d</name>
         <value>0x2e15</value>
         <object_component_ref idref="oc-236"/>
      </symbol>
      <symbol id="sm-3a5">
         <name>memcpy</name>
         <value>0x2037</value>
         <object_component_ref idref="oc-4a"/>
      </symbol>
      <symbol id="sm-3a6">
         <name>__aeabi_memcpy</name>
         <value>0x2037</value>
         <object_component_ref idref="oc-4a"/>
      </symbol>
      <symbol id="sm-3a7">
         <name>__aeabi_memcpy8</name>
         <value>0x2037</value>
         <object_component_ref idref="oc-4a"/>
      </symbol>
      <symbol id="sm-3a8">
         <name>__aeabi_memcpy4</name>
         <value>0x2037</value>
         <object_component_ref idref="oc-4a"/>
      </symbol>
      <symbol id="sm-3b5">
         <name>__aeabi_uldivmod</name>
         <value>0x20d3</value>
         <object_component_ref idref="oc-215"/>
      </symbol>
      <symbol id="sm-3c4">
         <name>__aeabi_memset</name>
         <value>0x2303</value>
         <object_component_ref idref="oc-b4"/>
      </symbol>
      <symbol id="sm-3c5">
         <name>memset</name>
         <value>0x2309</value>
         <object_component_ref idref="oc-b4"/>
      </symbol>
      <symbol id="sm-3c6">
         <name>__aeabi_memset8</name>
         <value>0x2303</value>
         <object_component_ref idref="oc-b4"/>
      </symbol>
      <symbol id="sm-3c7">
         <name>__aeabi_memset4</name>
         <value>0x2303</value>
         <object_component_ref idref="oc-b4"/>
      </symbol>
      <symbol id="sm-3c8">
         <name>__aeabi_memclr8</name>
         <value>0x2301</value>
         <object_component_ref idref="oc-b4"/>
      </symbol>
      <symbol id="sm-3c9">
         <name>__aeabi_memclr4</name>
         <value>0x2301</value>
         <object_component_ref idref="oc-b4"/>
      </symbol>
      <symbol id="sm-3ca">
         <name>__aeabi_memclr</name>
         <value>0x2301</value>
         <object_component_ref idref="oc-b4"/>
      </symbol>
      <symbol id="sm-3de">
         <name>__TI_zero_init_nomemset</name>
         <value>0x2f09</value>
         <object_component_ref idref="oc-56"/>
      </symbol>
      <symbol id="sm-3f5">
         <name>__TI_decompress_none</name>
         <value>0x2fdf</value>
         <object_component_ref idref="oc-18"/>
      </symbol>
      <symbol id="sm-418">
         <name>__TI_decompress_lzss</name>
         <value>0x25a5</value>
         <object_component_ref idref="oc-12"/>
      </symbol>
      <symbol id="sm-43e">
         <name>C$$EXIT</name>
         <value>0x3025</value>
         <object_component_ref idref="oc-12a"/>
      </symbol>
      <symbol id="sm-43f">
         <name>abort</name>
         <value>0x3025</value>
         <object_component_ref idref="oc-12a"/>
      </symbol>
      <symbol id="sm-440">
         <name>__TI_dtors_ptr</name>
         <value>0x2000046c</value>
         <object_component_ref idref="oc-1f2"/>
      </symbol>
      <symbol id="sm-441">
         <name>__TI_cleanup_ptr</name>
         <value>0x20000468</value>
         <object_component_ref idref="oc-1f2"/>
      </symbol>
      <symbol id="sm-442">
         <name>__TI_enable_exit_profile_output</name>
         <value>0x20000470</value>
         <object_component_ref idref="oc-1f2"/>
      </symbol>
      <symbol id="sm-443">
         <name>exit</name>
         <value>0x2af9</value>
         <object_component_ref idref="oc-130"/>
      </symbol>
      <symbol id="sm-458">
         <name>_nop</name>
         <value>0xcbb</value>
         <object_component_ref idref="oc-1b5"/>
      </symbol>
      <symbol id="sm-459">
         <name>_lock</name>
         <value>0x20000474</value>
         <object_component_ref idref="oc-e4"/>
      </symbol>
      <symbol id="sm-45a">
         <name>_unlock</name>
         <value>0x20000478</value>
         <object_component_ref idref="oc-e4"/>
      </symbol>
      <symbol id="sm-470">
         <name>atoi</name>
         <value>0x2aad</value>
         <object_component_ref idref="oc-16e"/>
      </symbol>
      <symbol id="sm-47b">
         <name>_ctypes_</name>
         <value>0x3028</value>
         <object_component_ref idref="oc-210"/>
      </symbol>
      <symbol id="sm-490">
         <name>__TI_tmpnams</name>
         <value>0x20000120</value>
      </symbol>
      <symbol id="sm-491">
         <name>__aeabi_stdout</name>
         <value>0x20000460</value>
         <object_component_ref idref="oc-396"/>
      </symbol>
      <symbol id="sm-492">
         <name>__aeabi_stderr</name>
         <value>0x20000464</value>
         <object_component_ref idref="oc-396"/>
      </symbol>
      <symbol id="sm-493">
         <name>__aeabi_stdin</name>
         <value>0x2000045c</value>
         <object_component_ref idref="oc-396"/>
      </symbol>
      <symbol id="sm-494">
         <name>_ftable</name>
         <value>0x20000278</value>
         <object_component_ref idref="oc-e7"/>
      </symbol>
      <symbol id="sm-495">
         <name>__TI_ft_end</name>
         <value>0x20000458</value>
         <object_component_ref idref="oc-396"/>
      </symbol>
      <symbol id="sm-4a4">
         <name>ltoa</name>
         <value>0x2963</value>
         <object_component_ref idref="oc-230"/>
      </symbol>
      <symbol id="sm-4b4">
         <name>memccpy</name>
         <value>0x2f41</value>
         <object_component_ref idref="oc-197"/>
      </symbol>
      <symbol id="sm-4c4">
         <name>memchr</name>
         <value>0x2ee9</value>
         <object_component_ref idref="oc-298"/>
      </symbol>
      <symbol id="sm-54d">
         <name>_sys_memory</name>
         <value>0x20000690</value>
         <object_component_ref idref="oc-21"/>
      </symbol>
      <symbol id="sm-54e">
         <name>free</name>
         <value>0x1dc5</value>
         <object_component_ref idref="oc-347"/>
      </symbol>
      <symbol id="sm-54f">
         <name>memalign</name>
         <value>0x198d</value>
         <object_component_ref idref="oc-389"/>
      </symbol>
      <symbol id="sm-550">
         <name>malloc</name>
         <value>0x3011</value>
         <object_component_ref idref="oc-34d"/>
      </symbol>
      <symbol id="sm-551">
         <name>aligned_alloc</name>
         <value>0x198d</value>
         <object_component_ref idref="oc-389"/>
      </symbol>
      <symbol id="sm-561">
         <name>strchr</name>
         <value>0x2f8f</value>
         <object_component_ref idref="oc-267"/>
      </symbol>
      <symbol id="sm-56f">
         <name>strlen</name>
         <value>0x2fb9</value>
         <object_component_ref idref="oc-168"/>
      </symbol>
      <symbol id="sm-589">
         <name>write</name>
         <value>0x2ec1</value>
         <object_component_ref idref="oc-2a4"/>
      </symbol>
      <symbol id="sm-59a">
         <name>_stream</name>
         <value>0x200003e0</value>
         <object_component_ref idref="oc-319"/>
      </symbol>
      <symbol id="sm-59b">
         <name>_device</name>
         <value>0x20000368</value>
         <object_component_ref idref="oc-366"/>
      </symbol>
      <symbol id="sm-5ae">
         <name>__stack</name>
         <value>0x20000490</value>
         <object_component_ref idref="oc-24"/>
      </symbol>
      <symbol id="sm-5af">
         <name>_c_int00_noargs</name>
         <value>0x2db1</value>
         <object_component_ref idref="oc-68"/>
      </symbol>
      <symbol id="sm-5c5">
         <name>__aeabi_errno_addr</name>
         <value>0x3009</value>
         <object_component_ref idref="oc-1a3"/>
      </symbol>
      <symbol id="sm-5c6">
         <name>errno</name>
         <value>0x2000048c</value>
         <object_component_ref idref="oc-277"/>
      </symbol>
      <symbol id="sm-5df">
         <name>wcslen</name>
         <value>0x2fcd</value>
         <object_component_ref idref="oc-19d"/>
      </symbol>
      <symbol id="sm-5ff">
         <name>frexpl</name>
         <value>0x2675</value>
         <object_component_ref idref="oc-25b"/>
      </symbol>
      <symbol id="sm-600">
         <name>frexp</name>
         <value>0x2675</value>
         <object_component_ref idref="oc-25b"/>
      </symbol>
      <symbol id="sm-61d">
         <name>scalbn</name>
         <value>0x1bb9</value>
         <object_component_ref idref="oc-261"/>
      </symbol>
      <symbol id="sm-61e">
         <name>scalbnl</name>
         <value>0x1bb9</value>
         <object_component_ref idref="oc-261"/>
      </symbol>
      <symbol id="sm-61f">
         <name>ldexpl</name>
         <value>0x1bb9</value>
         <object_component_ref idref="oc-261"/>
      </symbol>
      <symbol id="sm-620">
         <name>ldexp</name>
         <value>0x1bb9</value>
         <object_component_ref idref="oc-261"/>
      </symbol>
      <symbol id="sm-630">
         <name>__TI_doflush</name>
         <value>0x2a5f</value>
         <object_component_ref idref="oc-29e"/>
      </symbol>
      <symbol id="sm-640">
         <name>__TI_cleanup</name>
         <value>0x2d49</value>
         <object_component_ref idref="oc-353"/>
      </symbol>
      <symbol id="sm-652">
         <name>fseek</name>
         <value>0x26d9</value>
         <object_component_ref idref="oc-307"/>
      </symbol>
      <symbol id="sm-65c">
         <name>__aeabi_idiv0</name>
         <value>0x1867</value>
         <object_component_ref idref="oc-2d2"/>
      </symbol>
      <symbol id="sm-65d">
         <name>__aeabi_ldiv0</name>
         <value>0x1867</value>
         <object_component_ref idref="oc-2d2"/>
      </symbol>
      <symbol id="sm-685">
         <name>__TI_auto_init_nobinit_nopinit</name>
         <value>0x2c11</value>
         <object_component_ref idref="oc-136"/>
      </symbol>
      <symbol id="sm-68f">
         <name>_system_pre_init</name>
         <value>0x3021</value>
         <object_component_ref idref="oc-ba"/>
      </symbol>
      <symbol id="sm-6a2">
         <name>HOSTclose</name>
         <value>0x2b89</value>
         <object_component_ref idref="oc-3a2"/>
      </symbol>
      <symbol id="sm-6b3">
         <name>HOSTlseek</name>
         <value>0x253d</value>
         <object_component_ref idref="oc-3b4"/>
      </symbol>
      <symbol id="sm-6c5">
         <name>parmbuf</name>
         <value>0x20000268</value>
      </symbol>
      <symbol id="sm-6c6">
         <name>HOSTopen</name>
         <value>0x27a1</value>
         <object_component_ref idref="oc-39c"/>
      </symbol>
      <symbol id="sm-6d7">
         <name>HOSTread</name>
         <value>0x285d</value>
         <object_component_ref idref="oc-3a8"/>
      </symbol>
      <symbol id="sm-6e8">
         <name>HOSTrename</name>
         <value>0x24d1</value>
         <object_component_ref idref="oc-3c0"/>
      </symbol>
      <symbol id="sm-6f9">
         <name>HOSTunlink</name>
         <value>0x2bcd</value>
         <object_component_ref idref="oc-3ba"/>
      </symbol>
      <symbol id="sm-70a">
         <name>HOSTwrite</name>
         <value>0x28b5</value>
         <object_component_ref idref="oc-3ae"/>
      </symbol>
      <symbol id="sm-72e">
         <name>__TI_readmsg</name>
         <value>0x2d7d</value>
         <object_component_ref idref="oc-3ef"/>
      </symbol>
      <symbol id="sm-72f">
         <name>C$$IO$$</name>
         <value>0x2d07</value>
         <object_component_ref idref="oc-3e9"/>
      </symbol>
      <symbol id="sm-730">
         <name>__CIOBUF_</name>
         <value>0x20000000</value>
         <object_component_ref idref="oc-41a"/>
      </symbol>
      <symbol id="sm-731">
         <name>__TI_writemsg</name>
         <value>0x2cd9</value>
         <object_component_ref idref="oc-3e9"/>
      </symbol>
      <symbol id="sm-742">
         <name>lseek</name>
         <value>0x2e99</value>
         <object_component_ref idref="oc-33f"/>
      </symbol>
      <symbol id="sm-74c">
         <name>copysign</name>
         <value>0x2f5d</value>
         <object_component_ref idref="oc-2eb"/>
      </symbol>
      <symbol id="sm-74d">
         <name>copysignl</name>
         <value>0x2f5d</value>
         <object_component_ref idref="oc-2eb"/>
      </symbol>
      <symbol id="sm-762">
         <name>__TI_closefile</name>
         <value>0x237d</value>
         <object_component_ref idref="oc-390"/>
      </symbol>
      <symbol id="sm-785">
         <name>finddevice</name>
         <value>0x2de5</value>
         <object_component_ref idref="oc-438"/>
      </symbol>
      <symbol id="sm-786">
         <name>getdevice</name>
         <value>0x2c55</value>
         <object_component_ref idref="oc-410"/>
      </symbol>
      <symbol id="sm-795">
         <name>strcmp</name>
         <value>0x2f77</value>
         <object_component_ref idref="oc-44f"/>
      </symbol>
      <symbol id="sm-7a3">
         <name>strcpy</name>
         <value>0x2fa5</value>
         <object_component_ref idref="oc-403"/>
      </symbol>
      <symbol id="sm-7b3">
         <name>strncpy</name>
         <value>0x2d11</value>
         <object_component_ref idref="oc-432"/>
      </symbol>
      <symbol id="sm-7c8">
         <name>close</name>
         <value>0x2801</value>
         <object_component_ref idref="oc-3d8"/>
      </symbol>
      <symbol id="sm-7d8">
         <name>unlink</name>
         <value>0x2e45</value>
         <object_component_ref idref="oc-3de"/>
      </symbol>
      <symbol id="sm-7d9">
         <name>__TI_static_base__</name>
         <value>0x0</value>
      </symbol>
      <symbol id="sm-7dc">
         <name>__mpu_init</name>
         <value>0x0</value>
      </symbol>
      <symbol id="sm-7dd">
         <name>_system_post_cinit</name>
         <value>0x0</value>
      </symbol>
      <symbol id="sm-7de">
         <name>remove</name>
         <value>0x2e45</value>
      </symbol>
   </symbol_table>
   <title>Link successful</title>
</link_info>
