******************************************************************************
                  TI ARM Linker Unix v18.12.4                  
******************************************************************************
>> Linked Sun Mar  1 10:10:08 2020

OUTPUT FILE NAME:   <EmbeddedSystemsPractice.out>
ENTRY POINT SYMBOL: "_c_int00_noargs"  address: 00002db1


MEMORY CONFIGURATION

         name            origin    length      used     unused   attr    fill
----------------------  --------  ---------  --------  --------  ----  --------
  FLASH                 00000000   00040000  000031e4  0003ce1c  R  X
  SRAM                  20000000   00008000  0000069e  00007962  RW X


SEGMENT ALLOCATION MAP

run origin  load origin   length   init length attrs members
----------  ----------- ---------- ----------- ----- -------
00000000    00000000    000031e8   000031e8    r-x
  00000000    00000000    0000026c   0000026c    r-- .intvecs
  0000026c    0000026c    00002dbc   00002dbc    r-x .text
  00003028    00003028    0000012c   0000012c    r-- .const
  00003158    00003158    00000090   00000090    r-- .cinit
20000000    20000000    000006a0   00000000    rw-
  20000000    20000000    00000276   00000000    rw- .bss
  20000278    20000278    00000218   00000000    rw- .data
  20000490    20000490    00000200   00000000    rw- .stack
  20000690    20000690    00000010   00000000    rw- .sysmem


SECTION ALLOCATION MAP

 output                                  attributes/
section   page    origin      length       input sections
--------  ----  ----------  ----------   ----------------
.intvecs   0    00000000    0000026c     
                  00000000    0000026c     tm4c123gh6pm_startup_ccs.obj (.intvecs)

.text      0    0000026c    00002dbc     
                  0000026c    00000a4e     rtsv7M4_T_le_v4SPD16_eabi.lib : _printfi.c.obj (.text:__TI_printfi)
                  00000cba    00000002                                   : _lock.c.obj (.text:_nop)
                  00000cbc    00000270                                   : _printfi.c.obj (.text:_pconv_a)
                  00000f2c    000001d0                                   : _printfi.c.obj (.text:_pconv_g)
                  000010fc    000001bc     queue_implementation.obj (.text)
                  000012b8    000001b6     rtsv7M4_T_le_v4SPD16_eabi.lib : fd_add_t2.asm.obj (.text)
                  0000146e    00000002     main.obj (.text:i2c0_isr)
                  00001470    00000184     os.obj (.text)
                  000015f4    0000013c     rtsv7M4_T_le_v4SPD16_eabi.lib : _printfi.c.obj (.text:_pconv_e)
                  00001730    00000136                                   : fd_div_t2.asm.obj (.text)
                  00001866    00000002                                   : div0.asm.obj (.text)
                  00001868    00000124                                   : _printfi.c.obj (.text:fcvt)
                  0000198c    00000118                                   : memory.c.obj (.text:aligned_alloc)
                  00001aa4    00000114                                   : fputs.c.obj (.text:fputs)
                  00001bb8    00000110                                   : s_scalbn.c.obj (.text:scalbn)
                  00001cc8    000000fc                                   : fd_mul_t2.asm.obj (.text)
                  00001dc4    000000e4                                   : memory.c.obj (.text:free)
                  00001ea8    000000dc                                   : setvbuf.c.obj (.text:setvbuf)
                  00001f84    000000b1                                   : _printfi.c.obj (.text:_ltostr)
                  00002035    00000001     --HOLE-- [fill = 0]
                  00002036    0000009c                                   : memcpy_t2.asm.obj (.text)
                  000020d2    00000096                                   : ull_div_t2.asm.obj (.text)
                  00002168    0000008c                                   : fputc.c.obj (.text:fputc)
                  000021f4    00000086                                   : fd_cmp_t2.asm.obj (.text:__aeabi_cdcmple)
                  0000227a    00000086                                   : fd_cmp_t2.asm.obj (.text:__aeabi_cdrcmple)
                  00002300    0000007a                                   : memset_t2.asm.obj (.text)
                  0000237a    00000002     --HOLE-- [fill = 0]
                  0000237c    00000074                                   : fclose.c.obj (.text:__TI_closefile)
                  000023f0    00000070                                   : memory.c.obj (.text:split)
                  00002460    0000006e                                   : _printfi.c.obj (.text:_mcpy)
                  000024ce    00000002     --HOLE-- [fill = 0]
                  000024d0    0000006c                                   : hostrename.c.obj (.text:HOSTrename)
                  0000253c    00000068                                   : hostlseek.c.obj (.text:HOSTlseek)
                  000025a4    00000068                                   : copy_decompress_lzss.c.obj (.text:decompress:lzss:__TI_decompress_lzss)
                  0000260c    00000068                                   : printf.c.obj (.text:printf)
                  00002674    00000064                                   : s_frexp.c.obj (.text:frexp)
                  000026d8    00000064                                   : fseek.c.obj (.text:fseek)
                  0000273c    00000062                                   : _io_perm.c.obj (.text:__TI_wrt_ok)
                  0000279e    00000002     --HOLE-- [fill = 0]
                  000027a0    00000060                                   : hostopen.c.obj (.text:HOSTopen)
                  00002800    0000005c                                   : close.c.obj (.text:close)
                  0000285c    00000058                                   : hostread.c.obj (.text:HOSTread)
                  000028b4    00000058                                   : hostwrite.c.obj (.text:HOSTwrite)
                  0000290c    00000056                                   : _printfi.c.obj (.text:_pconv_f)
                  00002962    00000054                                   : ltoa.c.obj (.text:ltoa)
                  000029b6    00000002     --HOLE-- [fill = 0]
                  000029b8    00000054     main.obj (.text:os_tick_reset)
                  00002a0c    00000052     rtsv7M4_T_le_v4SPD16_eabi.lib : _printfi.c.obj (.text:_ecpy)
                  00002a5e    0000004c                                   : fflush.c.obj (.text:__TI_doflush)
                  00002aaa    00000002     --HOLE-- [fill = 0]
                  00002aac    0000004c                                   : atoi.c.obj (.text:atoi)
                  00002af8    00000048                                   : exit.c.obj (.text:exit)
                  00002b40    00000048                                   : fd_toi_t2.asm.obj (.text)
                  00002b88    00000044                                   : hostclose.c.obj (.text:HOSTclose)
                  00002bcc    00000044                                   : hostunlink.c.obj (.text:HOSTunlink)
                  00002c10    00000044                                   : autoinit.c.obj (.text:__TI_auto_init_nobinit_nopinit:__TI_auto_init_nobinit_nopinit)
                  00002c54    00000044                                   : getdevice.c.obj (.text:getdevice)
                  00002c98    0000003e                                   : _printfi.c.obj (.text:_fcpy)
                  00002cd6    00000002     --HOLE-- [fill = 0]
                  00002cd8    00000038                                   : trgmsg.c.obj (.text:__TI_writemsg)
                  00002d10    00000036                                   : strncpy.c.obj (.text:strncpy)
                  00002d46    00000002     --HOLE-- [fill = 0]
                  00002d48    00000034                                   : fopen.c.obj (.text:__TI_cleanup)
                  00002d7c    00000034                                   : trgmsg.c.obj (.text:__TI_readmsg)
                  00002db0    00000034                                   : boot_cortex_m.c.obj (.text:_c_int00_noargs:_c_int00_noargs)
                  00002de4    00000030                                   : getdevice.c.obj (.text:finddevice)
                  00002e14    0000002e                                   : i_tofd_t2.asm.obj (.text)
                  00002e42    00000002     --HOLE-- [fill = 0]
                  00002e44    0000002c                                   : unlink.c.obj (.text:unlink)
                  00002e70    00000028                                   : memory.c.obj (.text:free_list_insert)
                  00002e98    00000028                                   : lseek.c.obj (.text:lseek)
                  00002ec0    00000028                                   : write.c.obj (.text:write)
                  00002ee8    00000020                                   : memchr.c.obj (.text:memchr)
                  00002f08    0000001c                                   : copy_zero_init.c.obj (.text:decompress:ZI:__TI_zero_init_nomemset:__TI_zero_init_nomemset)
                  00002f24    0000001c                                   : memory.c.obj (.text:free_list_remove)
                  00002f40    0000001c                                   : memccpy.c.obj (.text:memccpy)
                  00002f5c    0000001a                                   : s_copysign.c.obj (.text:copysign)
                  00002f76    00000018                                   : strcmp.c.obj (.text:strcmp)
                  00002f8e    00000016                                   : strchr.c.obj (.text:strchr)
                  00002fa4    00000014                                   : strcpy.c.obj (.text:strcpy)
                  00002fb8    00000014                                   : strlen.c.obj (.text:strlen)
                  00002fcc    00000012                                   : wcslen.c.obj (.text:wcslen)
                  00002fde    0000000e                                   : copy_decompress_none.c.obj (.text:decompress:none:__TI_decompress_none)
                  00002fec    0000000e     main.obj (.text)
                  00002ffa    0000000c     tm4c123gh6pm_startup_ccs.obj (.text)
                  00003006    00000002     --HOLE-- [fill = 0]
                  00003008    00000008     rtsv7M4_T_le_v4SPD16_eabi.lib : errno.c.obj (.text:__aeabi_errno_addr)
                  00003010    00000008                                   : memory.c.obj (.text:malloc)
                  00003018    00000004                                   : printf.c.obj (.text:_outc)
                  0000301c    00000004                                   : printf.c.obj (.text:_outs)
                  00003020    00000004                                   : pre_init.c.obj (.text:_system_pre_init)
                  00003024    00000004                                   : exit.c.obj (.text:abort:abort)

.const     0    00003028    0000012c     
                  00003028    00000101     rtsv7M4_T_le_v4SPD16_eabi.lib : ctype.c.obj (.const:.string:_ctypes_)
                  00003129    00000003     --HOLE-- [fill = 0]
                  0000312c    00000028     os.obj (.const:sch1)

.cinit     0    00003158    00000090     
                  00003158    0000006c     (.cinit..data.load) [load image, compression = lzss]
                  000031c4    0000000c     (__TI_handler_table)
                  000031d0    00000008     (.cinit..bss.load) [load image, compression = zero_init]
                  000031d8    00000010     (__TI_cinit_table)

.init_array 
*          0    00000000    00000000     UNINITIALIZED

.bss       0    20000000    00000276     UNINITIALIZED
                  20000000    00000120     rtsv7M4_T_le_v4SPD16_eabi.lib : trgmsg.c.obj (.bss:_CIOBUF_)
                  20000120    000000a0     (.common:__TI_tmpnams)
                  200001c0    0000009c     (.common:os_tasks)
                  2000025c    00000004     (.common:global_trigger)
                  20000260    00000008     (.common:freerunningcounter)
                  20000268    00000008     (.common:parmbuf)
                  20000270    00000004     (.common:oscounterincrement_1ms)
                  20000274    00000002     (.common:task_mask_p1)

.data      0    20000278    00000218     UNINITIALIZED
                  20000278    000000f0     rtsv7M4_T_le_v4SPD16_eabi.lib : defs.c.obj (.data:_ftable)
                  20000368    00000078                                   : host_device.c.obj (.data:_device)
                  200003e0    00000050                                   : host_device.c.obj (.data:_stream)
                  20000430    00000028     os.obj (.data:os_normal_task_count)
                  20000458    00000010     rtsv7M4_T_le_v4SPD16_eabi.lib : defs.c.obj (.data)
                  20000468    0000000c                                   : exit.c.obj (.data:$O1$$)
                  20000474    00000008                                   : _lock.c.obj (.data:$O1$$)
                  2000047c    00000008                                   : memory.c.obj (.data:$O1$$)
                  20000484    00000005     os.obj (.data)
                  20000489    00000003     --HOLE--
                  2000048c    00000004     rtsv7M4_T_le_v4SPD16_eabi.lib : errno.c.obj (.data)

.stack     0    20000490    00000200     UNINITIALIZED
                  20000490    00000004     rtsv7M4_T_le_v4SPD16_eabi.lib : boot_cortex_m.c.obj (.stack)
                  20000494    000001fc     --HOLE--

.sysmem    0    20000690    00000010     UNINITIALIZED
                  20000690    00000010     rtsv7M4_T_le_v4SPD16_eabi.lib : memory.c.obj (.sysmem)

MODULE SUMMARY

       Module                         code    ro data   rw data
       ------                         ----    -------   -------
    ./
       tm4c123gh6pm_startup_ccs.obj   12      620       0      
       main.obj                       100     0         0      
    +--+------------------------------+-------+---------+---------+
       Total:                         112     620       0      
                                                               
    ./OSFILES/
       queue_implementation.obj       444     0         156    
       os.obj                         388     40        63     
    +--+------------------------------+-------+---------+---------+
       Total:                         832     40        219    
                                                               
    /home/satish/ti/ccs930/ccs/tools/compiler/ti-cgt-arm_18.12.4.LTS/lib/rtsv7M4_T_le_v4SPD16_eabi.lib
       _printfi.c.obj                 4851    0         0      
       memory.c.obj                   696     0         8      
       fd_add_t2.asm.obj              438     0         0      
       defs.c.obj                     0       0         416    
       trgmsg.c.obj                   108     0         288    
       fd_div_t2.asm.obj              310     0         0      
       fputs.c.obj                    276     0         0      
       s_scalbn.c.obj                 272     0         0      
       fd_cmp_t2.asm.obj              268     0         0      
       ctype.c.obj                    0       257       0      
       fd_mul_t2.asm.obj              252     0         0      
       setvbuf.c.obj                  220     0         0      
       host_device.c.obj              0       0         200    
       memcpy_t2.asm.obj              156     0         0      
       ull_div_t2.asm.obj             150     0         0      
       fputc.c.obj                    140     0         0      
       memset_t2.asm.obj              122     0         0      
       fclose.c.obj                   116     0         0      
       getdevice.c.obj                116     0         0      
       printf.c.obj                   112     0         0      
       hostrename.c.obj               108     0         0      
       copy_decompress_lzss.c.obj     104     0         0      
       hostlseek.c.obj                104     0         0      
       hostopen.c.obj                 96      0         8      
       fseek.c.obj                    100     0         0      
       s_frexp.c.obj                  100     0         0      
       _io_perm.c.obj                 98      0         0      
       close.c.obj                    92      0         0      
       exit.c.obj                     76      0         12     
       hostread.c.obj                 88      0         0      
       hostwrite.c.obj                88      0         0      
       ltoa.c.obj                     84      0         0      
       atoi.c.obj                     76      0         0      
       fflush.c.obj                   76      0         0      
       fd_toi_t2.asm.obj              72      0         0      
       autoinit.c.obj                 68      0         0      
       hostclose.c.obj                68      0         0      
       hostunlink.c.obj               68      0         0      
       strncpy.c.obj                  54      0         0      
       boot_cortex_m.c.obj            52      0         0      
       fopen.c.obj                    52      0         0      
       i_tofd_t2.asm.obj              46      0         0      
       unlink.c.obj                   44      0         0      
       lseek.c.obj                    40      0         0      
       write.c.obj                    40      0         0      
       memchr.c.obj                   32      0         0      
       copy_zero_init.c.obj           28      0         0      
       memccpy.c.obj                  28      0         0      
       s_copysign.c.obj               26      0         0      
       strcmp.c.obj                   24      0         0      
       strchr.c.obj                   22      0         0      
       strcpy.c.obj                   20      0         0      
       strlen.c.obj                   20      0         0      
       wcslen.c.obj                   18      0         0      
       copy_decompress_none.c.obj     14      0         0      
       errno.c.obj                    8       0         4      
       _lock.c.obj                    2       0         8      
       pre_init.c.obj                 4       0         0      
       div0.asm.obj                   2       0         0      
    +--+------------------------------+-------+---------+---------+
       Total:                         10745   257       944    
                                                               
       Heap:                          0       0         16     
       Stack:                         0       0         512    
       Linker Generated:              0       144       0      
    +--+------------------------------+-------+---------+---------+
       Grand Total:                   11689   1061      1691   


LINKER GENERATED COPY TABLES

__TI_cinit_table @ 000031d8 records: 2, size/record: 8, table size: 16
	.data: load addr=00003158, load size=0000006c bytes, run addr=20000278, run size=00000218 bytes, compression=lzss
	.bss: load addr=000031d0, load size=00000008 bytes, run addr=20000000, run size=00000276 bytes, compression=zero_init


LINKER GENERATED HANDLER TABLE

__TI_handler_table @ 000031c4 records: 3, size/record: 4, table size: 12
	index: 0, handler: __TI_decompress_lzss
	index: 1, handler: __TI_decompress_none
	index: 2, handler: __TI_zero_init


GLOBAL SYMBOLS: SORTED ALPHABETICALLY BY Name 

address   name                           
-------   ----                           
00003025  C$$EXIT                        
00002d07  C$$IO$$                        
00002b89  HOSTclose                      
0000253d  HOSTlseek                      
000027a1  HOSTopen                       
0000285d  HOSTread                       
000024d1  HOSTrename                     
00002bcd  HOSTunlink                     
000028b5  HOSTwrite                      
00002ffb  ResetISR                       
20000000  __CIOBUF_                      
20000690  __STACK_END                    
00000200  __STACK_SIZE                   
20000690  __STACK_TOP                    
00000010  __SYSMEM_SIZE                  
000031d8  __TI_CINIT_Base                
000031e8  __TI_CINIT_Limit               
000031c4  __TI_Handler_Table_Base        
000031d0  __TI_Handler_Table_Limit       
00002c11  __TI_auto_init_nobinit_nopinit 
00002d49  __TI_cleanup                   
20000468  __TI_cleanup_ptr               
0000237d  __TI_closefile                 
000025a5  __TI_decompress_lzss           
00002fdf  __TI_decompress_none           
00002a5f  __TI_doflush                   
2000046c  __TI_dtors_ptr                 
20000470  __TI_enable_exit_profile_output
20000458  __TI_ft_end                    
ffffffff  __TI_pprof_out_hndl            
0000026d  __TI_printfi                   
ffffffff  __TI_prof_data_size            
ffffffff  __TI_prof_data_start           
00002d7d  __TI_readmsg                   
00000000  __TI_static_base__             
20000120  __TI_tmpnams                   
00002cd9  __TI_writemsg                  
0000273d  __TI_wrt_ok                    
00002f09  __TI_zero_init_nomemset        
000021f5  __aeabi_cdcmpeq                
000021f5  __aeabi_cdcmple                
0000227b  __aeabi_cdrcmple               
00002b41  __aeabi_d2iz                   
000012c3  __aeabi_dadd                   
00001731  __aeabi_ddiv                   
00001cc9  __aeabi_dmul                   
000012b9  __aeabi_dsub                   
00003009  __aeabi_errno_addr             
00002e15  __aeabi_i2d                    
00001867  __aeabi_idiv0                  
00001867  __aeabi_ldiv0                  
00002301  __aeabi_memclr                 
00002301  __aeabi_memclr4                
00002301  __aeabi_memclr8                
00002037  __aeabi_memcpy                 
00002037  __aeabi_memcpy4                
00002037  __aeabi_memcpy8                
00002303  __aeabi_memset                 
00002303  __aeabi_memset4                
00002303  __aeabi_memset8                
20000464  __aeabi_stderr                 
2000045c  __aeabi_stdin                  
20000460  __aeabi_stdout                 
000020d3  __aeabi_uldivmod               
ffffffff  __binit__                      
ffffffff  __c_args__                     
UNDEFED   __mpu_init                     
20000490  __stack                        
00002db1  _c_int00_noargs                
00003028  _ctypes_                       
20000368  _device                        
20000278  _ftable                        
20000474  _lock                          
00000cbb  _nop                           
200003e0  _stream                        
20000690  _sys_memory                    
UNDEFED   _system_post_cinit             
00003021  _system_pre_init               
20000478  _unlock                        
00003025  abort                          
000011e3  add_element_osqueue            
0000198d  aligned_alloc                  
00002aad  atoi                           
ffffffff  binit                          
00002801  close                          
00002f5d  copysign                       
00002f5d  copysignl                      
20000484  counter_lock                   
00001193  delete_element_osqueue         
2000048c  errno                          
00002af9  exit                           
00002de5  finddevice                     
00002169  fputc                          
00001aa5  fputs                          
00001dc5  free                           
20000260  freerunningcounter             
00002675  frexp                          
00002675  frexpl                         
000026d9  fseek                          
00000000  g_pfnVectors                   
00002c55  getdevice                      
2000025c  global_trigger                 
0000146f  i2c0_isr                       
00001247  initos                         
00001167  is_queue_osempty               
0000112d  is_queue_osfull                
00001bb9  ldexp                          
00001bb9  ldexpl                         
00002e99  lseek                          
00002963  ltoa                           
00002fed  main                           
00003011  malloc                         
0000198d  memalign                       
00002f41  memccpy                        
00002ee9  memchr                         
00002037  memcpy                         
00002309  memset                         
20000430  os_normal_task_count           
200001c0  os_tasks                       
000029b9  os_tick_reset                  
20000270  oscounterincrement_1ms         
20000268  parmbuf                        
20000488  prev                           
0000260d  printf                         
00002169  putc                           
00002e45  remove                         
00001bb9  scalbn                         
00001bb9  scalbnl                        
0000312c  sch1                           
000015a1  set_maxtaskmask                
00001ea9  setvbuf                        
00001471  start_os                       
00002f8f  strchr                         
00002f77  strcmp                         
00002fa5  strcpy                         
00002fb9  strlen                         
00002d11  strncpy                        
000015d1  system_register_initilize      
00001583  task_100ms                     
00001547  task_10ms                      
00001511  task_1ms                       
00001565  task_20ms                      
00001529  task_5ms                       
20000274  task_mask_p1                   
00002e45  unlink                         
00002fcd  wcslen                         
00002ec1  write                          


GLOBAL SYMBOLS: SORTED BY Symbol Address 

address   name                           
-------   ----                           
00000000  __TI_static_base__             
00000000  g_pfnVectors                   
00000010  __SYSMEM_SIZE                  
00000200  __STACK_SIZE                   
0000026d  __TI_printfi                   
00000cbb  _nop                           
0000112d  is_queue_osfull                
00001167  is_queue_osempty               
00001193  delete_element_osqueue         
000011e3  add_element_osqueue            
00001247  initos                         
000012b9  __aeabi_dsub                   
000012c3  __aeabi_dadd                   
0000146f  i2c0_isr                       
00001471  start_os                       
00001511  task_1ms                       
00001529  task_5ms                       
00001547  task_10ms                      
00001565  task_20ms                      
00001583  task_100ms                     
000015a1  set_maxtaskmask                
000015d1  system_register_initilize      
00001731  __aeabi_ddiv                   
00001867  __aeabi_idiv0                  
00001867  __aeabi_ldiv0                  
0000198d  aligned_alloc                  
0000198d  memalign                       
00001aa5  fputs                          
00001bb9  ldexp                          
00001bb9  ldexpl                         
00001bb9  scalbn                         
00001bb9  scalbnl                        
00001cc9  __aeabi_dmul                   
00001dc5  free                           
00001ea9  setvbuf                        
00002037  __aeabi_memcpy                 
00002037  __aeabi_memcpy4                
00002037  __aeabi_memcpy8                
00002037  memcpy                         
000020d3  __aeabi_uldivmod               
00002169  fputc                          
00002169  putc                           
000021f5  __aeabi_cdcmpeq                
000021f5  __aeabi_cdcmple                
0000227b  __aeabi_cdrcmple               
00002301  __aeabi_memclr                 
00002301  __aeabi_memclr4                
00002301  __aeabi_memclr8                
00002303  __aeabi_memset                 
00002303  __aeabi_memset4                
00002303  __aeabi_memset8                
00002309  memset                         
0000237d  __TI_closefile                 
000024d1  HOSTrename                     
0000253d  HOSTlseek                      
000025a5  __TI_decompress_lzss           
0000260d  printf                         
00002675  frexp                          
00002675  frexpl                         
000026d9  fseek                          
0000273d  __TI_wrt_ok                    
000027a1  HOSTopen                       
00002801  close                          
0000285d  HOSTread                       
000028b5  HOSTwrite                      
00002963  ltoa                           
000029b9  os_tick_reset                  
00002a5f  __TI_doflush                   
00002aad  atoi                           
00002af9  exit                           
00002b41  __aeabi_d2iz                   
00002b89  HOSTclose                      
00002bcd  HOSTunlink                     
00002c11  __TI_auto_init_nobinit_nopinit 
00002c55  getdevice                      
00002cd9  __TI_writemsg                  
00002d07  C$$IO$$                        
00002d11  strncpy                        
00002d49  __TI_cleanup                   
00002d7d  __TI_readmsg                   
00002db1  _c_int00_noargs                
00002de5  finddevice                     
00002e15  __aeabi_i2d                    
00002e45  remove                         
00002e45  unlink                         
00002e99  lseek                          
00002ec1  write                          
00002ee9  memchr                         
00002f09  __TI_zero_init_nomemset        
00002f41  memccpy                        
00002f5d  copysign                       
00002f5d  copysignl                      
00002f77  strcmp                         
00002f8f  strchr                         
00002fa5  strcpy                         
00002fb9  strlen                         
00002fcd  wcslen                         
00002fdf  __TI_decompress_none           
00002fed  main                           
00002ffb  ResetISR                       
00003009  __aeabi_errno_addr             
00003011  malloc                         
00003021  _system_pre_init               
00003025  C$$EXIT                        
00003025  abort                          
00003028  _ctypes_                       
0000312c  sch1                           
000031c4  __TI_Handler_Table_Base        
000031d0  __TI_Handler_Table_Limit       
000031d8  __TI_CINIT_Base                
000031e8  __TI_CINIT_Limit               
20000000  __CIOBUF_                      
20000120  __TI_tmpnams                   
200001c0  os_tasks                       
2000025c  global_trigger                 
20000260  freerunningcounter             
20000268  parmbuf                        
20000270  oscounterincrement_1ms         
20000274  task_mask_p1                   
20000278  _ftable                        
20000368  _device                        
200003e0  _stream                        
20000430  os_normal_task_count           
20000458  __TI_ft_end                    
2000045c  __aeabi_stdin                  
20000460  __aeabi_stdout                 
20000464  __aeabi_stderr                 
20000468  __TI_cleanup_ptr               
2000046c  __TI_dtors_ptr                 
20000470  __TI_enable_exit_profile_output
20000474  _lock                          
20000478  _unlock                        
20000484  counter_lock                   
20000488  prev                           
2000048c  errno                          
20000490  __stack                        
20000690  __STACK_END                    
20000690  __STACK_TOP                    
20000690  _sys_memory                    
ffffffff  __TI_pprof_out_hndl            
ffffffff  __TI_prof_data_size            
ffffffff  __TI_prof_data_start           
ffffffff  __binit__                      
ffffffff  __c_args__                     
ffffffff  binit                          
UNDEFED   __mpu_init                     
UNDEFED   _system_post_cinit             

[147 symbols]
