<?xml version="1.0" encoding="ISO-8859-1" ?>
<link_info>
   <banner>TI ARM Linker Unix v18.12.4.LTS</banner>
   <copyright>Copyright (c) 1996-2018 Texas Instruments Incorporated</copyright>
   <link_time>0x5e532e29</link_time>
   <link_errors>0x0</link_errors>
   <output_file>EmbeddedSystemsPractice.out</output_file>
   <entry_point>
      <name>_c_int00_noargs</name>
      <address>0x346d</address>
   </entry_point>
   <input_file_list>
      <input_file id="fl-1">
         <path>./</path>
         <kind>object</kind>
         <file>main.obj</file>
         <name>main.obj</name>
      </input_file>
      <input_file id="fl-2">
         <path>./</path>
         <kind>object</kind>
         <file>tm4c123gh6pm_startup_ccs.obj</file>
         <name>tm4c123gh6pm_startup_ccs.obj</name>
      </input_file>
      <input_file id="fl-3">
         <path>./DATA_CONST/</path>
         <kind>object</kind>
         <file>constdata_gpioconfig.obj</file>
         <name>constdata_gpioconfig.obj</name>
      </input_file>
      <input_file id="fl-4">
         <path>./Diagnostics/</path>
         <kind>object</kind>
         <file>diagnostic_manager.obj</file>
         <name>diagnostic_manager.obj</name>
      </input_file>
      <input_file id="fl-5">
         <path>./OSFILES/</path>
         <kind>object</kind>
         <file>os.obj</file>
         <name>os.obj</name>
      </input_file>
      <input_file id="fl-6">
         <path>./OSFILES/</path>
         <kind>object</kind>
         <file>preemptive_scheduler.obj</file>
         <name>preemptive_scheduler.obj</name>
      </input_file>
      <input_file id="fl-7">
         <path>./SOURCE/</path>
         <kind>object</kind>
         <file>exception_handlers.obj</file>
         <name>exception_handlers.obj</name>
      </input_file>
      <input_file id="fl-8">
         <path>./SOURCE/</path>
         <kind>object</kind>
         <file>sys_init.obj</file>
         <name>sys_init.obj</name>
      </input_file>
      <input_file id="fl-9">
         <path>./driver_libraries/</path>
         <kind>object</kind>
         <file>eeprom_mngr.obj</file>
         <name>eeprom_mngr.obj</name>
      </input_file>
      <input_file id="fl-a">
         <path>./driver_libraries/</path>
         <kind>object</kind>
         <file>i2c.obj</file>
         <name>i2c.obj</name>
      </input_file>
      <input_file id="fl-b">
         <path>./driver_libraries/</path>
         <kind>object</kind>
         <file>pwm_timer_lib.obj</file>
         <name>pwm_timer_lib.obj</name>
      </input_file>
      <input_file id="fl-c">
         <path>./driver_libraries/</path>
         <kind>object</kind>
         <file>rtc.obj</file>
         <name>rtc.obj</name>
      </input_file>
      <input_file id="fl-10">
         <kind>object</kind>
         <file>&lt;internal&gt;</file>
         <name>&lt;internal&gt;</name>
      </input_file>
      <input_file id="fl-c6">
         <path>/home/satish/ti/ccs930/ccs/tools/compiler/ti-cgt-arm_18.12.4.LTS/lib/</path>
         <kind>archive</kind>
         <file>rtsv7M4_T_le_v4SPD16_eabi.lib</file>
         <name>printf.c.obj</name>
      </input_file>
      <input_file id="fl-c7">
         <path>/home/satish/ti/ccs930/ccs/tools/compiler/ti-cgt-arm_18.12.4.LTS/lib/</path>
         <kind>archive</kind>
         <file>rtsv7M4_T_le_v4SPD16_eabi.lib</file>
         <name>_printfi.c.obj</name>
      </input_file>
      <input_file id="fl-c8">
         <path>/home/satish/ti/ccs930/ccs/tools/compiler/ti-cgt-arm_18.12.4.LTS/lib/</path>
         <kind>archive</kind>
         <file>rtsv7M4_T_le_v4SPD16_eabi.lib</file>
         <name>fputc.c.obj</name>
      </input_file>
      <input_file id="fl-c9">
         <path>/home/satish/ti/ccs930/ccs/tools/compiler/ti-cgt-arm_18.12.4.LTS/lib/</path>
         <kind>archive</kind>
         <file>rtsv7M4_T_le_v4SPD16_eabi.lib</file>
         <name>fputs.c.obj</name>
      </input_file>
      <input_file id="fl-ca">
         <path>/home/satish/ti/ccs930/ccs/tools/compiler/ti-cgt-arm_18.12.4.LTS/lib/</path>
         <kind>archive</kind>
         <file>rtsv7M4_T_le_v4SPD16_eabi.lib</file>
         <name>_io_perm.c.obj</name>
      </input_file>
      <input_file id="fl-cb">
         <path>/home/satish/ti/ccs930/ccs/tools/compiler/ti-cgt-arm_18.12.4.LTS/lib/</path>
         <kind>archive</kind>
         <file>rtsv7M4_T_le_v4SPD16_eabi.lib</file>
         <name>setvbuf.c.obj</name>
      </input_file>
      <input_file id="fl-cc">
         <path>/home/satish/ti/ccs930/ccs/tools/compiler/ti-cgt-arm_18.12.4.LTS/lib/</path>
         <kind>archive</kind>
         <file>rtsv7M4_T_le_v4SPD16_eabi.lib</file>
         <name>fd_add_t2.asm.obj</name>
      </input_file>
      <input_file id="fl-cd">
         <path>/home/satish/ti/ccs930/ccs/tools/compiler/ti-cgt-arm_18.12.4.LTS/lib/</path>
         <kind>archive</kind>
         <file>rtsv7M4_T_le_v4SPD16_eabi.lib</file>
         <name>fd_cmp_t2.asm.obj</name>
      </input_file>
      <input_file id="fl-ce">
         <path>/home/satish/ti/ccs930/ccs/tools/compiler/ti-cgt-arm_18.12.4.LTS/lib/</path>
         <kind>archive</kind>
         <file>rtsv7M4_T_le_v4SPD16_eabi.lib</file>
         <name>fd_div_t2.asm.obj</name>
      </input_file>
      <input_file id="fl-cf">
         <path>/home/satish/ti/ccs930/ccs/tools/compiler/ti-cgt-arm_18.12.4.LTS/lib/</path>
         <kind>archive</kind>
         <file>rtsv7M4_T_le_v4SPD16_eabi.lib</file>
         <name>fd_mul_t2.asm.obj</name>
      </input_file>
      <input_file id="fl-d0">
         <path>/home/satish/ti/ccs930/ccs/tools/compiler/ti-cgt-arm_18.12.4.LTS/lib/</path>
         <kind>archive</kind>
         <file>rtsv7M4_T_le_v4SPD16_eabi.lib</file>
         <name>fd_toi_t2.asm.obj</name>
      </input_file>
      <input_file id="fl-d1">
         <path>/home/satish/ti/ccs930/ccs/tools/compiler/ti-cgt-arm_18.12.4.LTS/lib/</path>
         <kind>archive</kind>
         <file>rtsv7M4_T_le_v4SPD16_eabi.lib</file>
         <name>i_tofd_t2.asm.obj</name>
      </input_file>
      <input_file id="fl-d2">
         <path>/home/satish/ti/ccs930/ccs/tools/compiler/ti-cgt-arm_18.12.4.LTS/lib/</path>
         <kind>archive</kind>
         <file>rtsv7M4_T_le_v4SPD16_eabi.lib</file>
         <name>memcpy_t2.asm.obj</name>
      </input_file>
      <input_file id="fl-d3">
         <path>/home/satish/ti/ccs930/ccs/tools/compiler/ti-cgt-arm_18.12.4.LTS/lib/</path>
         <kind>archive</kind>
         <file>rtsv7M4_T_le_v4SPD16_eabi.lib</file>
         <name>ull_div_t2.asm.obj</name>
      </input_file>
      <input_file id="fl-d4">
         <path>/home/satish/ti/ccs930/ccs/tools/compiler/ti-cgt-arm_18.12.4.LTS/lib/</path>
         <kind>archive</kind>
         <file>rtsv7M4_T_le_v4SPD16_eabi.lib</file>
         <name>memset_t2.asm.obj</name>
      </input_file>
      <input_file id="fl-d5">
         <path>/home/satish/ti/ccs930/ccs/tools/compiler/ti-cgt-arm_18.12.4.LTS/lib/</path>
         <kind>archive</kind>
         <file>rtsv7M4_T_le_v4SPD16_eabi.lib</file>
         <name>copy_zero_init.c.obj</name>
      </input_file>
      <input_file id="fl-d6">
         <path>/home/satish/ti/ccs930/ccs/tools/compiler/ti-cgt-arm_18.12.4.LTS/lib/</path>
         <kind>archive</kind>
         <file>rtsv7M4_T_le_v4SPD16_eabi.lib</file>
         <name>copy_decompress_none.c.obj</name>
      </input_file>
      <input_file id="fl-d7">
         <path>/home/satish/ti/ccs930/ccs/tools/compiler/ti-cgt-arm_18.12.4.LTS/lib/</path>
         <kind>archive</kind>
         <file>rtsv7M4_T_le_v4SPD16_eabi.lib</file>
         <name>copy_decompress_lzss.c.obj</name>
      </input_file>
      <input_file id="fl-d8">
         <path>/home/satish/ti/ccs930/ccs/tools/compiler/ti-cgt-arm_18.12.4.LTS/lib/</path>
         <kind>archive</kind>
         <file>rtsv7M4_T_le_v4SPD16_eabi.lib</file>
         <name>exit.c.obj</name>
      </input_file>
      <input_file id="fl-d9">
         <path>/home/satish/ti/ccs930/ccs/tools/compiler/ti-cgt-arm_18.12.4.LTS/lib/</path>
         <kind>archive</kind>
         <file>rtsv7M4_T_le_v4SPD16_eabi.lib</file>
         <name>_lock.c.obj</name>
      </input_file>
      <input_file id="fl-da">
         <path>/home/satish/ti/ccs930/ccs/tools/compiler/ti-cgt-arm_18.12.4.LTS/lib/</path>
         <kind>archive</kind>
         <file>rtsv7M4_T_le_v4SPD16_eabi.lib</file>
         <name>atoi.c.obj</name>
      </input_file>
      <input_file id="fl-db">
         <path>/home/satish/ti/ccs930/ccs/tools/compiler/ti-cgt-arm_18.12.4.LTS/lib/</path>
         <kind>archive</kind>
         <file>rtsv7M4_T_le_v4SPD16_eabi.lib</file>
         <name>ctype.c.obj</name>
      </input_file>
      <input_file id="fl-dc">
         <path>/home/satish/ti/ccs930/ccs/tools/compiler/ti-cgt-arm_18.12.4.LTS/lib/</path>
         <kind>archive</kind>
         <file>rtsv7M4_T_le_v4SPD16_eabi.lib</file>
         <name>defs.c.obj</name>
      </input_file>
      <input_file id="fl-dd">
         <path>/home/satish/ti/ccs930/ccs/tools/compiler/ti-cgt-arm_18.12.4.LTS/lib/</path>
         <kind>archive</kind>
         <file>rtsv7M4_T_le_v4SPD16_eabi.lib</file>
         <name>ltoa.c.obj</name>
      </input_file>
      <input_file id="fl-de">
         <path>/home/satish/ti/ccs930/ccs/tools/compiler/ti-cgt-arm_18.12.4.LTS/lib/</path>
         <kind>archive</kind>
         <file>rtsv7M4_T_le_v4SPD16_eabi.lib</file>
         <name>memccpy.c.obj</name>
      </input_file>
      <input_file id="fl-df">
         <path>/home/satish/ti/ccs930/ccs/tools/compiler/ti-cgt-arm_18.12.4.LTS/lib/</path>
         <kind>archive</kind>
         <file>rtsv7M4_T_le_v4SPD16_eabi.lib</file>
         <name>memchr.c.obj</name>
      </input_file>
      <input_file id="fl-e0">
         <path>/home/satish/ti/ccs930/ccs/tools/compiler/ti-cgt-arm_18.12.4.LTS/lib/</path>
         <kind>archive</kind>
         <file>rtsv7M4_T_le_v4SPD16_eabi.lib</file>
         <name>memory.c.obj</name>
      </input_file>
      <input_file id="fl-e1">
         <path>/home/satish/ti/ccs930/ccs/tools/compiler/ti-cgt-arm_18.12.4.LTS/lib/</path>
         <kind>archive</kind>
         <file>rtsv7M4_T_le_v4SPD16_eabi.lib</file>
         <name>strchr.c.obj</name>
      </input_file>
      <input_file id="fl-e2">
         <path>/home/satish/ti/ccs930/ccs/tools/compiler/ti-cgt-arm_18.12.4.LTS/lib/</path>
         <kind>archive</kind>
         <file>rtsv7M4_T_le_v4SPD16_eabi.lib</file>
         <name>strlen.c.obj</name>
      </input_file>
      <input_file id="fl-e3">
         <path>/home/satish/ti/ccs930/ccs/tools/compiler/ti-cgt-arm_18.12.4.LTS/lib/</path>
         <kind>archive</kind>
         <file>rtsv7M4_T_le_v4SPD16_eabi.lib</file>
         <name>write.c.obj</name>
      </input_file>
      <input_file id="fl-e4">
         <path>/home/satish/ti/ccs930/ccs/tools/compiler/ti-cgt-arm_18.12.4.LTS/lib/</path>
         <kind>archive</kind>
         <file>rtsv7M4_T_le_v4SPD16_eabi.lib</file>
         <name>host_device.c.obj</name>
      </input_file>
      <input_file id="fl-e5">
         <path>/home/satish/ti/ccs930/ccs/tools/compiler/ti-cgt-arm_18.12.4.LTS/lib/</path>
         <kind>archive</kind>
         <file>rtsv7M4_T_le_v4SPD16_eabi.lib</file>
         <name>boot_cortex_m.c.obj</name>
      </input_file>
      <input_file id="fl-e6">
         <path>/home/satish/ti/ccs930/ccs/tools/compiler/ti-cgt-arm_18.12.4.LTS/lib/</path>
         <kind>archive</kind>
         <file>rtsv7M4_T_le_v4SPD16_eabi.lib</file>
         <name>errno.c.obj</name>
      </input_file>
      <input_file id="fl-e7">
         <path>/home/satish/ti/ccs930/ccs/tools/compiler/ti-cgt-arm_18.12.4.LTS/lib/</path>
         <kind>archive</kind>
         <file>rtsv7M4_T_le_v4SPD16_eabi.lib</file>
         <name>wcslen.c.obj</name>
      </input_file>
      <input_file id="fl-e8">
         <path>/home/satish/ti/ccs930/ccs/tools/compiler/ti-cgt-arm_18.12.4.LTS/lib/</path>
         <kind>archive</kind>
         <file>rtsv7M4_T_le_v4SPD16_eabi.lib</file>
         <name>s_frexp.c.obj</name>
      </input_file>
      <input_file id="fl-e9">
         <path>/home/satish/ti/ccs930/ccs/tools/compiler/ti-cgt-arm_18.12.4.LTS/lib/</path>
         <kind>archive</kind>
         <file>rtsv7M4_T_le_v4SPD16_eabi.lib</file>
         <name>s_scalbn.c.obj</name>
      </input_file>
      <input_file id="fl-ea">
         <path>/home/satish/ti/ccs930/ccs/tools/compiler/ti-cgt-arm_18.12.4.LTS/lib/</path>
         <kind>archive</kind>
         <file>rtsv7M4_T_le_v4SPD16_eabi.lib</file>
         <name>fflush.c.obj</name>
      </input_file>
      <input_file id="fl-eb">
         <path>/home/satish/ti/ccs930/ccs/tools/compiler/ti-cgt-arm_18.12.4.LTS/lib/</path>
         <kind>archive</kind>
         <file>rtsv7M4_T_le_v4SPD16_eabi.lib</file>
         <name>fopen.c.obj</name>
      </input_file>
      <input_file id="fl-ec">
         <path>/home/satish/ti/ccs930/ccs/tools/compiler/ti-cgt-arm_18.12.4.LTS/lib/</path>
         <kind>archive</kind>
         <file>rtsv7M4_T_le_v4SPD16_eabi.lib</file>
         <name>fseek.c.obj</name>
      </input_file>
      <input_file id="fl-ed">
         <path>/home/satish/ti/ccs930/ccs/tools/compiler/ti-cgt-arm_18.12.4.LTS/lib/</path>
         <kind>archive</kind>
         <file>rtsv7M4_T_le_v4SPD16_eabi.lib</file>
         <name>div0.asm.obj</name>
      </input_file>
      <input_file id="fl-ee">
         <path>/home/satish/ti/ccs930/ccs/tools/compiler/ti-cgt-arm_18.12.4.LTS/lib/</path>
         <kind>archive</kind>
         <file>rtsv7M4_T_le_v4SPD16_eabi.lib</file>
         <name>autoinit.c.obj</name>
      </input_file>
      <input_file id="fl-ef">
         <path>/home/satish/ti/ccs930/ccs/tools/compiler/ti-cgt-arm_18.12.4.LTS/lib/</path>
         <kind>archive</kind>
         <file>rtsv7M4_T_le_v4SPD16_eabi.lib</file>
         <name>pre_init.c.obj</name>
      </input_file>
      <input_file id="fl-f0">
         <path>/home/satish/ti/ccs930/ccs/tools/compiler/ti-cgt-arm_18.12.4.LTS/lib/</path>
         <kind>archive</kind>
         <file>rtsv7M4_T_le_v4SPD16_eabi.lib</file>
         <name>cpy_tbl.c.obj</name>
      </input_file>
      <input_file id="fl-f1">
         <path>/home/satish/ti/ccs930/ccs/tools/compiler/ti-cgt-arm_18.12.4.LTS/lib/</path>
         <kind>archive</kind>
         <file>rtsv7M4_T_le_v4SPD16_eabi.lib</file>
         <name>args_main.c.obj</name>
      </input_file>
      <input_file id="fl-f2">
         <path>/home/satish/ti/ccs930/ccs/tools/compiler/ti-cgt-arm_18.12.4.LTS/lib/</path>
         <kind>archive</kind>
         <file>rtsv7M4_T_le_v4SPD16_eabi.lib</file>
         <name>hostclose.c.obj</name>
      </input_file>
      <input_file id="fl-f3">
         <path>/home/satish/ti/ccs930/ccs/tools/compiler/ti-cgt-arm_18.12.4.LTS/lib/</path>
         <kind>archive</kind>
         <file>rtsv7M4_T_le_v4SPD16_eabi.lib</file>
         <name>hostlseek.c.obj</name>
      </input_file>
      <input_file id="fl-f4">
         <path>/home/satish/ti/ccs930/ccs/tools/compiler/ti-cgt-arm_18.12.4.LTS/lib/</path>
         <kind>archive</kind>
         <file>rtsv7M4_T_le_v4SPD16_eabi.lib</file>
         <name>hostopen.c.obj</name>
      </input_file>
      <input_file id="fl-f5">
         <path>/home/satish/ti/ccs930/ccs/tools/compiler/ti-cgt-arm_18.12.4.LTS/lib/</path>
         <kind>archive</kind>
         <file>rtsv7M4_T_le_v4SPD16_eabi.lib</file>
         <name>hostread.c.obj</name>
      </input_file>
      <input_file id="fl-f6">
         <path>/home/satish/ti/ccs930/ccs/tools/compiler/ti-cgt-arm_18.12.4.LTS/lib/</path>
         <kind>archive</kind>
         <file>rtsv7M4_T_le_v4SPD16_eabi.lib</file>
         <name>hostrename.c.obj</name>
      </input_file>
      <input_file id="fl-f7">
         <path>/home/satish/ti/ccs930/ccs/tools/compiler/ti-cgt-arm_18.12.4.LTS/lib/</path>
         <kind>archive</kind>
         <file>rtsv7M4_T_le_v4SPD16_eabi.lib</file>
         <name>hostunlink.c.obj</name>
      </input_file>
      <input_file id="fl-f8">
         <path>/home/satish/ti/ccs930/ccs/tools/compiler/ti-cgt-arm_18.12.4.LTS/lib/</path>
         <kind>archive</kind>
         <file>rtsv7M4_T_le_v4SPD16_eabi.lib</file>
         <name>hostwrite.c.obj</name>
      </input_file>
      <input_file id="fl-f9">
         <path>/home/satish/ti/ccs930/ccs/tools/compiler/ti-cgt-arm_18.12.4.LTS/lib/</path>
         <kind>archive</kind>
         <file>rtsv7M4_T_le_v4SPD16_eabi.lib</file>
         <name>trgmsg.c.obj</name>
      </input_file>
      <input_file id="fl-fa">
         <path>/home/satish/ti/ccs930/ccs/tools/compiler/ti-cgt-arm_18.12.4.LTS/lib/</path>
         <kind>archive</kind>
         <file>rtsv7M4_T_le_v4SPD16_eabi.lib</file>
         <name>open.c.obj</name>
      </input_file>
      <input_file id="fl-fb">
         <path>/home/satish/ti/ccs930/ccs/tools/compiler/ti-cgt-arm_18.12.4.LTS/lib/</path>
         <kind>archive</kind>
         <file>rtsv7M4_T_le_v4SPD16_eabi.lib</file>
         <name>lseek.c.obj</name>
      </input_file>
      <input_file id="fl-fc">
         <path>/home/satish/ti/ccs930/ccs/tools/compiler/ti-cgt-arm_18.12.4.LTS/lib/</path>
         <kind>archive</kind>
         <file>rtsv7M4_T_le_v4SPD16_eabi.lib</file>
         <name>s_copysign.c.obj</name>
      </input_file>
      <input_file id="fl-fd">
         <path>/home/satish/ti/ccs930/ccs/tools/compiler/ti-cgt-arm_18.12.4.LTS/lib/</path>
         <kind>archive</kind>
         <file>rtsv7M4_T_le_v4SPD16_eabi.lib</file>
         <name>fclose.c.obj</name>
      </input_file>
      <input_file id="fl-fe">
         <path>/home/satish/ti/ccs930/ccs/tools/compiler/ti-cgt-arm_18.12.4.LTS/lib/</path>
         <kind>archive</kind>
         <file>rtsv7M4_T_le_v4SPD16_eabi.lib</file>
         <name>getdevice.c.obj</name>
      </input_file>
      <input_file id="fl-ff">
         <path>/home/satish/ti/ccs930/ccs/tools/compiler/ti-cgt-arm_18.12.4.LTS/lib/</path>
         <kind>archive</kind>
         <file>rtsv7M4_T_le_v4SPD16_eabi.lib</file>
         <name>strcmp.c.obj</name>
      </input_file>
      <input_file id="fl-100">
         <path>/home/satish/ti/ccs930/ccs/tools/compiler/ti-cgt-arm_18.12.4.LTS/lib/</path>
         <kind>archive</kind>
         <file>rtsv7M4_T_le_v4SPD16_eabi.lib</file>
         <name>strcpy.c.obj</name>
      </input_file>
      <input_file id="fl-101">
         <path>/home/satish/ti/ccs930/ccs/tools/compiler/ti-cgt-arm_18.12.4.LTS/lib/</path>
         <kind>archive</kind>
         <file>rtsv7M4_T_le_v4SPD16_eabi.lib</file>
         <name>strncpy.c.obj</name>
      </input_file>
      <input_file id="fl-102">
         <path>/home/satish/ti/ccs930/ccs/tools/compiler/ti-cgt-arm_18.12.4.LTS/lib/</path>
         <kind>archive</kind>
         <file>rtsv7M4_T_le_v4SPD16_eabi.lib</file>
         <name>remove.c.obj</name>
      </input_file>
      <input_file id="fl-103">
         <path>/home/satish/ti/ccs930/ccs/tools/compiler/ti-cgt-arm_18.12.4.LTS/lib/</path>
         <kind>archive</kind>
         <file>rtsv7M4_T_le_v4SPD16_eabi.lib</file>
         <name>close.c.obj</name>
      </input_file>
      <input_file id="fl-104">
         <path>/home/satish/ti/ccs930/ccs/tools/compiler/ti-cgt-arm_18.12.4.LTS/lib/</path>
         <kind>archive</kind>
         <file>rtsv7M4_T_le_v4SPD16_eabi.lib</file>
         <name>unlink.c.obj</name>
      </input_file>
   </input_file_list>
   <object_component_list>
      <object_component id="oc-f">
         <name>.intvecs</name>
         <load_address>0x0</load_address>
         <run_address>0x0</run_address>
         <size>0x26c</size>
         <input_file_ref idref="fl-2"/>
      </object_component>
      <object_component id="oc-de">
         <name>.text:__TI_printfi</name>
         <load_address>0x26c</load_address>
         <run_address>0x26c</run_address>
         <size>0xa4e</size>
         <input_file_ref idref="fl-c7"/>
      </object_component>
      <object_component id="oc-1ba">
         <name>.text:_nop</name>
         <load_address>0xcba</load_address>
         <run_address>0xcba</run_address>
         <size>0x2</size>
         <input_file_ref idref="fl-d9"/>
      </object_component>
      <object_component id="oc-122">
         <name>.text</name>
         <load_address>0xcbc</load_address>
         <run_address>0xcbc</run_address>
         <size>0x31c</size>
         <input_file_ref idref="fl-8"/>
      </object_component>
      <object_component id="oc-1e5">
         <name>.text</name>
         <load_address>0xfd8</load_address>
         <run_address>0xfd8</run_address>
         <size>0x2b0</size>
         <input_file_ref idref="fl-a"/>
      </object_component>
      <object_component id="oc-196">
         <name>.text:_pconv_a</name>
         <load_address>0x1288</load_address>
         <run_address>0x1288</run_address>
         <size>0x270</size>
         <input_file_ref idref="fl-c7"/>
      </object_component>
      <object_component id="oc-184">
         <name>.text:_pconv_g</name>
         <load_address>0x14f8</load_address>
         <run_address>0x14f8</run_address>
         <size>0x1d0</size>
         <input_file_ref idref="fl-c7"/>
      </object_component>
      <object_component id="oc-242">
         <name>.text</name>
         <load_address>0x16c8</load_address>
         <run_address>0x16c8</run_address>
         <size>0x1b6</size>
         <input_file_ref idref="fl-cc"/>
      </object_component>
      <object_component id="oc-34">
         <name>.text:i2c0_isr</name>
         <load_address>0x187e</load_address>
         <run_address>0x187e</run_address>
         <size>0x2</size>
         <input_file_ref idref="fl-1"/>
      </object_component>
      <object_component id="oc-128">
         <name>.text</name>
         <load_address>0x1880</load_address>
         <run_address>0x1880</run_address>
         <size>0x18c</size>
         <input_file_ref idref="fl-5"/>
      </object_component>
      <object_component id="oc-1df">
         <name>.text</name>
         <load_address>0x1a0c</load_address>
         <run_address>0x1a0c</run_address>
         <size>0x14c</size>
         <input_file_ref idref="fl-9"/>
      </object_component>
      <object_component id="oc-190">
         <name>.text:_pconv_e</name>
         <load_address>0x1b58</load_address>
         <run_address>0x1b58</run_address>
         <size>0x13c</size>
         <input_file_ref idref="fl-c7"/>
      </object_component>
      <object_component id="oc-228">
         <name>.text</name>
         <load_address>0x1c94</load_address>
         <run_address>0x1c94</run_address>
         <size>0x136</size>
         <input_file_ref idref="fl-ce"/>
      </object_component>
      <object_component id="oc-301">
         <name>.text</name>
         <load_address>0x1dca</load_address>
         <run_address>0x1dca</run_address>
         <size>0x2</size>
         <input_file_ref idref="fl-ed"/>
      </object_component>
      <object_component id="oc-254">
         <name>.text:fcvt</name>
         <load_address>0x1dcc</load_address>
         <run_address>0x1dcc</run_address>
         <size>0x124</size>
         <input_file_ref idref="fl-c7"/>
      </object_component>
      <object_component id="oc-3e0">
         <name>.text:aligned_alloc</name>
         <load_address>0x1ef0</load_address>
         <run_address>0x1ef0</run_address>
         <size>0x118</size>
         <input_file_ref idref="fl-e0"/>
      </object_component>
      <object_component id="oc-1c8">
         <name>.text:fputs</name>
         <load_address>0x2008</load_address>
         <run_address>0x2008</run_address>
         <size>0x114</size>
         <input_file_ref idref="fl-c9"/>
      </object_component>
      <object_component id="oc-268">
         <name>.text:scalbn</name>
         <load_address>0x211c</load_address>
         <run_address>0x211c</run_address>
         <size>0x110</size>
         <input_file_ref idref="fl-e9"/>
      </object_component>
      <object_component id="oc-223">
         <name>.text</name>
         <load_address>0x222c</load_address>
         <run_address>0x222c</run_address>
         <size>0xfc</size>
         <input_file_ref idref="fl-cf"/>
      </object_component>
      <object_component id="oc-395">
         <name>.text:free</name>
         <load_address>0x2328</load_address>
         <run_address>0x2328</run_address>
         <size>0xe4</size>
         <input_file_ref idref="fl-e0"/>
      </object_component>
      <object_component id="oc-33c">
         <name>.text:setvbuf</name>
         <load_address>0x240c</load_address>
         <run_address>0x240c</run_address>
         <size>0xdc</size>
         <input_file_ref idref="fl-cb"/>
      </object_component>
      <object_component id="oc-179">
         <name>.text:_ltostr</name>
         <load_address>0x24e8</load_address>
         <run_address>0x24e8</run_address>
         <size>0xb1</size>
         <input_file_ref idref="fl-c7"/>
      </object_component>
      <object_component id="oc-351">
         <name>.text</name>
         <load_address>0x259c</load_address>
         <run_address>0x259c</run_address>
         <size>0xa4</size>
         <input_file_ref idref="fl-b"/>
      </object_component>
      <object_component id="oc-4a">
         <name>.text</name>
         <load_address>0x2640</load_address>
         <run_address>0x2640</run_address>
         <size>0x9c</size>
         <input_file_ref idref="fl-d2"/>
      </object_component>
      <object_component id="oc-21c">
         <name>.text</name>
         <load_address>0x26dc</load_address>
         <run_address>0x26dc</run_address>
         <size>0x96</size>
         <input_file_ref idref="fl-d3"/>
      </object_component>
      <object_component id="oc-1cf">
         <name>.text:fputc</name>
         <load_address>0x2774</load_address>
         <run_address>0x2774</run_address>
         <size>0x8c</size>
         <input_file_ref idref="fl-c8"/>
      </object_component>
      <object_component id="oc-17f">
         <name>.text:__aeabi_cdcmple</name>
         <load_address>0x2800</load_address>
         <run_address>0x2800</run_address>
         <size>0x86</size>
         <input_file_ref idref="fl-cd"/>
      </object_component>
      <object_component id="oc-22d">
         <name>.text:__aeabi_cdrcmple</name>
         <load_address>0x2886</load_address>
         <run_address>0x2886</run_address>
         <size>0x86</size>
         <input_file_ref idref="fl-cd"/>
      </object_component>
      <object_component id="oc-b4">
         <name>.text</name>
         <load_address>0x290c</load_address>
         <run_address>0x290c</run_address>
         <size>0x7a</size>
         <input_file_ref idref="fl-d4"/>
      </object_component>
      <object_component id="oc-2b5">
         <name>.text</name>
         <load_address>0x2988</load_address>
         <run_address>0x2988</run_address>
         <size>0x78</size>
         <input_file_ref idref="fl-7"/>
      </object_component>
      <object_component id="oc-3e7">
         <name>.text:__TI_closefile</name>
         <load_address>0x2a00</load_address>
         <run_address>0x2a00</run_address>
         <size>0x74</size>
         <input_file_ref idref="fl-fd"/>
      </object_component>
      <object_component id="oc-428">
         <name>.text:split</name>
         <load_address>0x2a74</load_address>
         <run_address>0x2a74</run_address>
         <size>0x70</size>
         <input_file_ref idref="fl-e0"/>
      </object_component>
      <object_component id="oc-24d">
         <name>.text:_mcpy</name>
         <load_address>0x2ae4</load_address>
         <run_address>0x2ae4</run_address>
         <size>0x6e</size>
         <input_file_ref idref="fl-c7"/>
      </object_component>
      <object_component id="oc-417">
         <name>.text:HOSTrename</name>
         <load_address>0x2b54</load_address>
         <run_address>0x2b54</run_address>
         <size>0x6c</size>
         <input_file_ref idref="fl-f6"/>
      </object_component>
      <object_component id="oc-40b">
         <name>.text:HOSTlseek</name>
         <load_address>0x2bc0</load_address>
         <run_address>0x2bc0</run_address>
         <size>0x68</size>
         <input_file_ref idref="fl-f3"/>
      </object_component>
      <object_component id="oc-12">
         <name>.text:decompress:lzss:__TI_decompress_lzss</name>
         <load_address>0x2c28</load_address>
         <run_address>0x2c28</run_address>
         <size>0x68</size>
         <input_file_ref idref="fl-d7"/>
      </object_component>
      <object_component id="oc-81">
         <name>.text:printf</name>
         <load_address>0x2c90</load_address>
         <run_address>0x2c90</run_address>
         <size>0x68</size>
         <input_file_ref idref="fl-c6"/>
      </object_component>
      <object_component id="oc-262">
         <name>.text:frexp</name>
         <load_address>0x2cf8</load_address>
         <run_address>0x2cf8</run_address>
         <size>0x64</size>
         <input_file_ref idref="fl-e8"/>
      </object_component>
      <object_component id="oc-336">
         <name>.text:fseek</name>
         <load_address>0x2d5c</load_address>
         <run_address>0x2d5c</run_address>
         <size>0x64</size>
         <input_file_ref idref="fl-ec"/>
      </object_component>
      <object_component id="oc-299">
         <name>.text:__TI_wrt_ok</name>
         <load_address>0x2dc0</load_address>
         <run_address>0x2dc0</run_address>
         <size>0x62</size>
         <input_file_ref idref="fl-ca"/>
      </object_component>
      <object_component id="oc-3f3">
         <name>.text:HOSTopen</name>
         <load_address>0x2e24</load_address>
         <run_address>0x2e24</run_address>
         <size>0x60</size>
         <input_file_ref idref="fl-f4"/>
      </object_component>
      <object_component id="oc-42f">
         <name>.text:close</name>
         <load_address>0x2e84</load_address>
         <run_address>0x2e84</run_address>
         <size>0x5c</size>
         <input_file_ref idref="fl-103"/>
      </object_component>
      <object_component id="oc-3ff">
         <name>.text:HOSTread</name>
         <load_address>0x2ee0</load_address>
         <run_address>0x2ee0</run_address>
         <size>0x58</size>
         <input_file_ref idref="fl-f5"/>
      </object_component>
      <object_component id="oc-405">
         <name>.text:HOSTwrite</name>
         <load_address>0x2f38</load_address>
         <run_address>0x2f38</run_address>
         <size>0x58</size>
         <input_file_ref idref="fl-f8"/>
      </object_component>
      <object_component id="oc-18a">
         <name>.text:_pconv_f</name>
         <load_address>0x2f90</load_address>
         <run_address>0x2f90</run_address>
         <size>0x56</size>
         <input_file_ref idref="fl-c7"/>
      </object_component>
      <object_component id="oc-237">
         <name>.text:ltoa</name>
         <load_address>0x2fe6</load_address>
         <run_address>0x2fe6</run_address>
         <size>0x54</size>
         <input_file_ref idref="fl-dd"/>
      </object_component>
      <object_component id="oc-2d">
         <name>.text:os_tick_reset</name>
         <load_address>0x303c</load_address>
         <run_address>0x303c</run_address>
         <size>0x54</size>
         <input_file_ref idref="fl-1"/>
      </object_component>
      <object_component id="oc-247">
         <name>.text:_ecpy</name>
         <load_address>0x3090</load_address>
         <run_address>0x3090</run_address>
         <size>0x52</size>
         <input_file_ref idref="fl-c7"/>
      </object_component>
      <object_component id="oc-2a5">
         <name>.text:__TI_doflush</name>
         <load_address>0x30e2</load_address>
         <run_address>0x30e2</run_address>
         <size>0x4c</size>
         <input_file_ref idref="fl-ea"/>
      </object_component>
      <object_component id="oc-173">
         <name>.text:atoi</name>
         <load_address>0x3130</load_address>
         <run_address>0x3130</run_address>
         <size>0x4c</size>
         <input_file_ref idref="fl-da"/>
      </object_component>
      <object_component id="oc-135">
         <name>.text:exit</name>
         <load_address>0x317c</load_address>
         <run_address>0x317c</run_address>
         <size>0x48</size>
         <input_file_ref idref="fl-d8"/>
      </object_component>
      <object_component id="oc-232">
         <name>.text</name>
         <load_address>0x31c4</load_address>
         <run_address>0x31c4</run_address>
         <size>0x48</size>
         <input_file_ref idref="fl-d0"/>
      </object_component>
      <object_component id="oc-3f9">
         <name>.text:HOSTclose</name>
         <load_address>0x320c</load_address>
         <run_address>0x320c</run_address>
         <size>0x44</size>
         <input_file_ref idref="fl-f2"/>
      </object_component>
      <object_component id="oc-411">
         <name>.text:HOSTunlink</name>
         <load_address>0x3250</load_address>
         <run_address>0x3250</run_address>
         <size>0x44</size>
         <input_file_ref idref="fl-f7"/>
      </object_component>
      <object_component id="oc-13b">
         <name>.text:__TI_auto_init_nobinit_nopinit:__TI_auto_init_nobinit_nopinit</name>
         <load_address>0x3294</load_address>
         <run_address>0x3294</run_address>
         <size>0x44</size>
         <input_file_ref idref="fl-ee"/>
      </object_component>
      <object_component id="oc-467">
         <name>.text:getdevice</name>
         <load_address>0x32d8</load_address>
         <run_address>0x32d8</run_address>
         <size>0x44</size>
         <input_file_ref idref="fl-fe"/>
      </object_component>
      <object_component id="oc-25a">
         <name>.text:_fcpy</name>
         <load_address>0x331c</load_address>
         <run_address>0x331c</run_address>
         <size>0x3e</size>
         <input_file_ref idref="fl-c7"/>
      </object_component>
      <object_component id="oc-440">
         <name>.text:__TI_writemsg</name>
         <load_address>0x335c</load_address>
         <run_address>0x335c</run_address>
         <size>0x38</size>
         <input_file_ref idref="fl-f9"/>
      </object_component>
      <object_component id="oc-357">
         <name>.text</name>
         <load_address>0x3394</load_address>
         <run_address>0x3394</run_address>
         <size>0x38</size>
         <input_file_ref idref="fl-4"/>
      </object_component>
      <object_component id="oc-489">
         <name>.text:strncpy</name>
         <load_address>0x33cc</load_address>
         <run_address>0x33cc</run_address>
         <size>0x36</size>
         <input_file_ref idref="fl-101"/>
      </object_component>
      <object_component id="oc-3a1">
         <name>.text:__TI_cleanup</name>
         <load_address>0x3404</load_address>
         <run_address>0x3404</run_address>
         <size>0x34</size>
         <input_file_ref idref="fl-eb"/>
      </object_component>
      <object_component id="oc-446">
         <name>.text:__TI_readmsg</name>
         <load_address>0x3438</load_address>
         <run_address>0x3438</run_address>
         <size>0x34</size>
         <input_file_ref idref="fl-f9"/>
      </object_component>
      <object_component id="oc-68">
         <name>.text:_c_int00_noargs:_c_int00_noargs</name>
         <load_address>0x346c</load_address>
         <run_address>0x346c</run_address>
         <size>0x34</size>
         <input_file_ref idref="fl-e5"/>
      </object_component>
      <object_component id="oc-48f">
         <name>.text:finddevice</name>
         <load_address>0x34a0</load_address>
         <run_address>0x34a0</run_address>
         <size>0x30</size>
         <input_file_ref idref="fl-fe"/>
      </object_component>
      <object_component id="oc-23d">
         <name>.text</name>
         <load_address>0x34d0</load_address>
         <run_address>0x34d0</run_address>
         <size>0x2e</size>
         <input_file_ref idref="fl-d1"/>
      </object_component>
      <object_component id="oc-435">
         <name>.text:unlink</name>
         <load_address>0x3500</load_address>
         <run_address>0x3500</run_address>
         <size>0x2c</size>
         <input_file_ref idref="fl-104"/>
      </object_component>
      <object_component id="oc-3d9">
         <name>.text:free_list_insert</name>
         <load_address>0x352c</load_address>
         <run_address>0x352c</run_address>
         <size>0x28</size>
         <input_file_ref idref="fl-e0"/>
      </object_component>
      <object_component id="oc-38d">
         <name>.text:lseek</name>
         <load_address>0x3554</load_address>
         <run_address>0x3554</run_address>
         <size>0x28</size>
         <input_file_ref idref="fl-fb"/>
      </object_component>
      <object_component id="oc-2ab">
         <name>.text:write</name>
         <load_address>0x357c</load_address>
         <run_address>0x357c</run_address>
         <size>0x28</size>
         <input_file_ref idref="fl-e3"/>
      </object_component>
      <object_component id="oc-29f">
         <name>.text:memchr</name>
         <load_address>0x35a4</load_address>
         <run_address>0x35a4</run_address>
         <size>0x20</size>
         <input_file_ref idref="fl-df"/>
      </object_component>
      <object_component id="oc-56">
         <name>.text:decompress:ZI:__TI_zero_init_nomemset:__TI_zero_init_nomemset</name>
         <load_address>0x35c4</load_address>
         <run_address>0x35c4</run_address>
         <size>0x1c</size>
         <input_file_ref idref="fl-d5"/>
      </object_component>
      <object_component id="oc-3d3">
         <name>.text:free_list_remove</name>
         <load_address>0x35e0</load_address>
         <run_address>0x35e0</run_address>
         <size>0x1c</size>
         <input_file_ref idref="fl-e0"/>
      </object_component>
      <object_component id="oc-19c">
         <name>.text:memccpy</name>
         <load_address>0x35fc</load_address>
         <run_address>0x35fc</run_address>
         <size>0x1c</size>
         <input_file_ref idref="fl-de"/>
      </object_component>
      <object_component id="oc-31a">
         <name>.text:copysign</name>
         <load_address>0x3618</load_address>
         <run_address>0x3618</run_address>
         <size>0x1a</size>
         <input_file_ref idref="fl-fc"/>
      </object_component>
      <object_component id="oc-4a6">
         <name>.text:strcmp</name>
         <load_address>0x3632</load_address>
         <run_address>0x3632</run_address>
         <size>0x18</size>
         <input_file_ref idref="fl-ff"/>
      </object_component>
      <object_component id="oc-26e">
         <name>.text:strchr</name>
         <load_address>0x364a</load_address>
         <run_address>0x364a</run_address>
         <size>0x16</size>
         <input_file_ref idref="fl-e1"/>
      </object_component>
      <object_component id="oc-45a">
         <name>.text:strcpy</name>
         <load_address>0x3660</load_address>
         <run_address>0x3660</run_address>
         <size>0x14</size>
         <input_file_ref idref="fl-100"/>
      </object_component>
      <object_component id="oc-16d">
         <name>.text:strlen</name>
         <load_address>0x3674</load_address>
         <run_address>0x3674</run_address>
         <size>0x14</size>
         <input_file_ref idref="fl-e2"/>
      </object_component>
      <object_component id="oc-1a2">
         <name>.text:wcslen</name>
         <load_address>0x3688</load_address>
         <run_address>0x3688</run_address>
         <size>0x12</size>
         <input_file_ref idref="fl-e7"/>
      </object_component>
      <object_component id="oc-2c8">
         <name>.text:write_address_slave</name>
         <load_address>0x369a</load_address>
         <run_address>0x369a</run_address>
         <size>0x12</size>
         <input_file_ref idref="fl-1"/>
      </object_component>
      <object_component id="oc-2cf">
         <name>.text:write_data_slave</name>
         <load_address>0x36ac</load_address>
         <run_address>0x36ac</run_address>
         <size>0x12</size>
         <input_file_ref idref="fl-1"/>
      </object_component>
      <object_component id="oc-18">
         <name>.text:decompress:none:__TI_decompress_none</name>
         <load_address>0x36be</load_address>
         <run_address>0x36be</run_address>
         <size>0xe</size>
         <input_file_ref idref="fl-d6"/>
      </object_component>
      <object_component id="oc-c0">
         <name>.text</name>
         <load_address>0x36cc</load_address>
         <run_address>0x36cc</run_address>
         <size>0xe</size>
         <input_file_ref idref="fl-1"/>
      </object_component>
      <object_component id="oc-27">
         <name>.text</name>
         <load_address>0x36da</load_address>
         <run_address>0x36da</run_address>
         <size>0xc</size>
         <input_file_ref idref="fl-2"/>
      </object_component>
      <object_component id="oc-1a8">
         <name>.text:__aeabi_errno_addr</name>
         <load_address>0x36e8</load_address>
         <run_address>0x36e8</run_address>
         <size>0x8</size>
         <input_file_ref idref="fl-e6"/>
      </object_component>
      <object_component id="oc-39b">
         <name>.text:malloc</name>
         <load_address>0x36f0</load_address>
         <run_address>0x36f0</run_address>
         <size>0x8</size>
         <input_file_ref idref="fl-e0"/>
      </object_component>
      <object_component id="oc-f0">
         <name>.text:_outc</name>
         <load_address>0x36f8</load_address>
         <run_address>0x36f8</run_address>
         <size>0x4</size>
         <input_file_ref idref="fl-c6"/>
      </object_component>
      <object_component id="oc-ea">
         <name>.text:_outs</name>
         <load_address>0x36fc</load_address>
         <run_address>0x36fc</run_address>
         <size>0x4</size>
         <input_file_ref idref="fl-c6"/>
      </object_component>
      <object_component id="oc-ba">
         <name>.text:_system_pre_init</name>
         <load_address>0x3700</load_address>
         <run_address>0x3700</run_address>
         <size>0x4</size>
         <input_file_ref idref="fl-ef"/>
      </object_component>
      <object_component id="oc-12f">
         <name>.text:abort:abort</name>
         <load_address>0x3704</load_address>
         <run_address>0x3704</run_address>
         <size>0x4</size>
         <input_file_ref idref="fl-d8"/>
      </object_component>
      <object_component id="oc-1eb">
         <name>.const:gpio_pin_spec</name>
         <load_address>0x3708</load_address>
         <run_address>0x3708</run_address>
         <size>0x172</size>
         <input_file_ref idref="fl-3"/>
      </object_component>
      <object_component id="oc-217">
         <name>.const:.string:_ctypes_</name>
         <load_address>0x387a</load_address>
         <run_address>0x387a</run_address>
         <size>0x101</size>
         <input_file_ref idref="fl-db"/>
      </object_component>
      <object_component id="oc-2d6">
         <name>.const:tbl</name>
         <load_address>0x397c</load_address>
         <run_address>0x397c</run_address>
         <size>0x80</size>
         <input_file_ref idref="fl-a"/>
      </object_component>
      <object_component id="oc-1f0">
         <name>.const:sch1</name>
         <load_address>0x39fc</load_address>
         <run_address>0x39fc</run_address>
         <size>0x28</size>
         <input_file_ref idref="fl-5"/>
      </object_component>
      <object_component id="oc-4de">
         <name>.cinit..data.load</name>
         <load_address>0x3a28</load_address>
         <run_address>0x3a28</run_address>
         <size>0x6a</size>
      </object_component>
      <object_component id="oc-4dc">
         <name>__TI_handler_table</name>
         <load_address>0x3a94</load_address>
         <run_address>0x3a94</run_address>
         <size>0xc</size>
      </object_component>
      <object_component id="oc-4df">
         <name>.cinit..bss.load</name>
         <load_address>0x3aa0</load_address>
         <run_address>0x3aa0</run_address>
         <size>0x8</size>
      </object_component>
      <object_component id="oc-4dd">
         <name>__TI_cinit_table</name>
         <load_address>0x3aa8</load_address>
         <run_address>0x3aa8</run_address>
         <size>0x10</size>
      </object_component>
      <object_component id="oc-1f3">
         <name>.data:os_normal_task_count</name>
         <load_address>0x200001b8</load_address>
         <run_address>0x200001b8</run_address>
         <size>0x28</size>
         <input_file_ref idref="fl-5"/>
      </object_component>
      <object_component id="oc-87">
         <name>.data</name>
         <load_address>0x2000020c</load_address>
         <run_address>0x2000020c</run_address>
         <size>0x5</size>
         <input_file_ref idref="fl-5"/>
      </object_component>
      <object_component id="oc-1f9">
         <name>.data:$O1$$</name>
         <load_address>0x200001f0</load_address>
         <run_address>0x200001f0</run_address>
         <size>0xc</size>
         <input_file_ref idref="fl-d8"/>
      </object_component>
      <object_component id="oc-e4">
         <name>.data:$O1$$</name>
         <load_address>0x200001fc</load_address>
         <run_address>0x200001fc</run_address>
         <size>0x8</size>
         <input_file_ref idref="fl-d9"/>
      </object_component>
      <object_component id="oc-e7">
         <name>.data:_ftable</name>
         <load_address>0x20000000</load_address>
         <run_address>0x20000000</run_address>
         <size>0xf0</size>
         <input_file_ref idref="fl-dc"/>
      </object_component>
      <object_component id="oc-3ed">
         <name>.data</name>
         <load_address>0x200001e0</load_address>
         <run_address>0x200001e0</run_address>
         <size>0x10</size>
         <input_file_ref idref="fl-dc"/>
      </object_component>
      <object_component id="oc-423">
         <name>.data:$O1$$</name>
         <load_address>0x20000204</load_address>
         <run_address>0x20000204</run_address>
         <size>0x8</size>
         <input_file_ref idref="fl-e0"/>
      </object_component>
      <object_component id="oc-3b4">
         <name>.data:_device</name>
         <load_address>0x200000f0</load_address>
         <run_address>0x200000f0</run_address>
         <size>0x78</size>
         <input_file_ref idref="fl-e4"/>
      </object_component>
      <object_component id="oc-348">
         <name>.data:_stream</name>
         <load_address>0x20000168</load_address>
         <run_address>0x20000168</run_address>
         <size>0x50</size>
         <input_file_ref idref="fl-e4"/>
      </object_component>
      <object_component id="oc-27e">
         <name>.data</name>
         <load_address>0x20000214</load_address>
         <run_address>0x20000214</run_address>
         <size>0x4</size>
         <input_file_ref idref="fl-e6"/>
      </object_component>
      <object_component id="oc-471">
         <name>.bss:_CIOBUF_</name>
         <uninitialized>true</uninitialized>
         <run_address>0x20000418</run_address>
         <size>0x120</size>
         <input_file_ref idref="fl-f9"/>
      </object_component>
      <object_component id="oc-2be">
         <name>.common:Fault_Info</name>
         <uninitialized>true</uninitialized>
         <run_address>0x200005d8</run_address>
         <size>0x8</size>
      </object_component>
      <object_component id="oc-1f6">
         <name>.common:task_mask_p1</name>
         <uninitialized>true</uninitialized>
         <run_address>0x200005fc</run_address>
         <size>0x2</size>
      </object_component>
      <object_component id="oc-8a">
         <name>.common:oscounterincrement_1ms</name>
         <uninitialized>true</uninitialized>
         <run_address>0x200005f4</run_address>
         <size>0x4</size>
      </object_component>
      <object_component id="oc-8d">
         <name>.common:freerunningcounter</name>
         <uninitialized>true</uninitialized>
         <run_address>0x200005e0</run_address>
         <size>0x8</size>
      </object_component>
      <object_component id="oc-1ef">
         <name>.common:global_trigger</name>
         <uninitialized>true</uninitialized>
         <run_address>0x200005f0</run_address>
         <size>0x4</size>
      </object_component>
      <object_component id="oc-35d">
         <name>.common:timercount</name>
         <uninitialized>true</uninitialized>
         <run_address>0x200005f8</run_address>
         <size>0x4</size>
      </object_component>
      <object_component id="oc-2c1">
         <name>.common:testvar</name>
         <uninitialized>true</uninitialized>
         <run_address>0x200005ff</run_address>
         <size>0x1</size>
      </object_component>
      <object_component id="oc-2bb">
         <name>.common:eeprom_init_stat</name>
         <uninitialized>true</uninitialized>
         <run_address>0x200005fe</run_address>
         <size>0x1</size>
      </object_component>
      <object_component id="oc-43b">
         <name>.common:__TI_tmpnams</name>
         <uninitialized>true</uninitialized>
         <run_address>0x20000538</run_address>
         <size>0xa0</size>
      </object_component>
      <object_component id="oc-44c">
         <name>.common:parmbuf</name>
         <uninitialized>true</uninitialized>
         <run_address>0x200005e8</run_address>
         <size>0x8</size>
      </object_component>
      <object_component id="oc-21">
         <name>.sysmem</name>
         <uninitialized>true</uninitialized>
         <run_address>0x20000600</run_address>
         <size>0x10</size>
         <input_file_ref idref="fl-e0"/>
      </object_component>
      <object_component id="oc-4e1">
         <name>.sysmem</name>
         <uninitialized>true</uninitialized>
         <run_address>0x20000600</run_address>
         <size>0x0</size>
      </object_component>
      <object_component id="oc-24">
         <name>.stack</name>
         <uninitialized>true</uninitialized>
         <run_address>0x20000218</run_address>
         <size>0x4</size>
         <input_file_ref idref="fl-e5"/>
      </object_component>
      <object_component id="oc-4e0">
         <name>.stack</name>
         <uninitialized>true</uninitialized>
         <run_address>0x20000218</run_address>
         <size>0x0</size>
      </object_component>
      <object_component id="oc-110">
         <name>.debug_info</name>
         <load_address>0x0</load_address>
         <run_address>0x0</run_address>
         <size>0x39a</size>
         <input_file_ref idref="fl-1"/>
      </object_component>
      <object_component id="oc-2c9">
         <name>.debug_info</name>
         <load_address>0x39a</load_address>
         <run_address>0x39a</run_address>
         <size>0x220</size>
         <input_file_ref idref="fl-1"/>
      </object_component>
      <object_component id="oc-2d0">
         <name>.debug_info</name>
         <load_address>0x5ba</load_address>
         <run_address>0x5ba</run_address>
         <size>0x202</size>
         <input_file_ref idref="fl-1"/>
      </object_component>
      <object_component id="oc-35">
         <name>.debug_info</name>
         <load_address>0x7bc</load_address>
         <run_address>0x7bc</run_address>
         <size>0x170</size>
         <input_file_ref idref="fl-1"/>
      </object_component>
      <object_component id="oc-2e">
         <name>.debug_info</name>
         <load_address>0x92c</load_address>
         <run_address>0x92c</run_address>
         <size>0x185</size>
         <input_file_ref idref="fl-1"/>
      </object_component>
      <object_component id="oc-c1">
         <name>.debug_info</name>
         <load_address>0xab1</load_address>
         <run_address>0xab1</run_address>
         <size>0x11e</size>
         <input_file_ref idref="fl-1"/>
      </object_component>
      <object_component id="oc-106">
         <name>.debug_info</name>
         <load_address>0xbcf</load_address>
         <run_address>0xbcf</run_address>
         <size>0x2bf</size>
         <input_file_ref idref="fl-1"/>
      </object_component>
      <object_component id="oc-2c3">
         <name>.debug_info</name>
         <load_address>0xe8e</load_address>
         <run_address>0xe8e</run_address>
         <size>0x148</size>
         <input_file_ref idref="fl-1"/>
      </object_component>
      <object_component id="oc-ff">
         <name>.debug_info</name>
         <load_address>0xfd6</load_address>
         <run_address>0xfd6</run_address>
         <size>0x159</size>
         <input_file_ref idref="fl-1"/>
      </object_component>
      <object_component id="oc-90">
         <name>.debug_info</name>
         <load_address>0x112f</load_address>
         <run_address>0x112f</run_address>
         <size>0x6c</size>
         <input_file_ref idref="fl-1"/>
      </object_component>
      <object_component id="oc-3c7">
         <name>.debug_info</name>
         <load_address>0x119b</load_address>
         <run_address>0x119b</run_address>
         <size>0x48</size>
         <input_file_ref idref="fl-1"/>
      </object_component>
      <object_component id="oc-36b">
         <name>.debug_info</name>
         <load_address>0x11e3</load_address>
         <run_address>0x11e3</run_address>
         <size>0x110</size>
         <input_file_ref idref="fl-1"/>
      </object_component>
      <object_component id="oc-9a">
         <name>.debug_info</name>
         <load_address>0x12f3</load_address>
         <run_address>0x12f3</run_address>
         <size>0x26b</size>
         <input_file_ref idref="fl-1"/>
      </object_component>
      <object_component id="oc-45">
         <name>.debug_info</name>
         <load_address>0x155e</load_address>
         <run_address>0x155e</run_address>
         <size>0x84</size>
         <input_file_ref idref="fl-1"/>
      </object_component>
      <object_component id="oc-10b">
         <name>.debug_info</name>
         <load_address>0x15e2</load_address>
         <run_address>0x15e2</run_address>
         <size>0x297</size>
         <input_file_ref idref="fl-1"/>
      </object_component>
      <object_component id="oc-95">
         <name>.debug_info</name>
         <load_address>0x1879</load_address>
         <run_address>0x1879</run_address>
         <size>0xbb</size>
         <input_file_ref idref="fl-1"/>
      </object_component>
      <object_component id="oc-f8">
         <name>.debug_info</name>
         <load_address>0x1934</load_address>
         <run_address>0x1934</run_address>
         <size>0x2c</size>
         <input_file_ref idref="fl-1"/>
      </object_component>
      <object_component id="oc-3d">
         <name>.debug_info</name>
         <load_address>0x1960</load_address>
         <run_address>0x1960</run_address>
         <size>0x3bc</size>
         <input_file_ref idref="fl-2"/>
      </object_component>
      <object_component id="oc-10">
         <name>.debug_info</name>
         <load_address>0x1d1c</load_address>
         <run_address>0x1d1c</run_address>
         <size>0xf6</size>
         <input_file_ref idref="fl-2"/>
      </object_component>
      <object_component id="oc-28">
         <name>.debug_info</name>
         <load_address>0x1e12</load_address>
         <run_address>0x1e12</run_address>
         <size>0x272</size>
         <input_file_ref idref="fl-2"/>
      </object_component>
      <object_component id="oc-2de">
         <name>.debug_info</name>
         <load_address>0x2084</load_address>
         <run_address>0x2084</run_address>
         <size>0x2a5</size>
         <input_file_ref idref="fl-3"/>
      </object_component>
      <object_component id="oc-1ec">
         <name>.debug_info</name>
         <load_address>0x2329</load_address>
         <run_address>0x2329</run_address>
         <size>0xff</size>
         <input_file_ref idref="fl-3"/>
      </object_component>
      <object_component id="oc-2bf">
         <name>.debug_info</name>
         <load_address>0x2428</load_address>
         <run_address>0x2428</run_address>
         <size>0x2df</size>
         <input_file_ref idref="fl-4"/>
      </object_component>
      <object_component id="oc-358">
         <name>.debug_info</name>
         <load_address>0x2707</load_address>
         <run_address>0x2707</run_address>
         <size>0x25f</size>
         <input_file_ref idref="fl-4"/>
      </object_component>
      <object_component id="oc-8b">
         <name>.debug_info</name>
         <load_address>0x2966</load_address>
         <run_address>0x2966</run_address>
         <size>0x4c0</size>
         <input_file_ref idref="fl-5"/>
      </object_component>
      <object_component id="oc-1f4">
         <name>.debug_info</name>
         <load_address>0x2e26</load_address>
         <run_address>0x2e26</run_address>
         <size>0xf8</size>
         <input_file_ref idref="fl-5"/>
      </object_component>
      <object_component id="oc-88">
         <name>.debug_info</name>
         <load_address>0x2f1e</load_address>
         <run_address>0x2f1e</run_address>
         <size>0x101</size>
         <input_file_ref idref="fl-5"/>
      </object_component>
      <object_component id="oc-1f1">
         <name>.debug_info</name>
         <load_address>0x301f</load_address>
         <run_address>0x301f</run_address>
         <size>0xd8</size>
         <input_file_ref idref="fl-5"/>
      </object_component>
      <object_component id="oc-129">
         <name>.debug_info</name>
         <load_address>0x30f7</load_address>
         <run_address>0x30f7</run_address>
         <size>0x3cb</size>
         <input_file_ref idref="fl-5"/>
      </object_component>
      <object_component id="oc-35e">
         <name>.debug_info</name>
         <load_address>0x34c2</load_address>
         <run_address>0x34c2</run_address>
         <size>0x374</size>
         <input_file_ref idref="fl-7"/>
      </object_component>
      <object_component id="oc-2b6">
         <name>.debug_info</name>
         <load_address>0x3836</load_address>
         <run_address>0x3836</run_address>
         <size>0x3ec</size>
         <input_file_ref idref="fl-7"/>
      </object_component>
      <object_component id="oc-123">
         <name>.debug_info</name>
         <load_address>0x3c22</load_address>
         <run_address>0x3c22</run_address>
         <size>0x9c4</size>
         <input_file_ref idref="fl-8"/>
      </object_component>
      <object_component id="oc-2bc">
         <name>.debug_info</name>
         <load_address>0x45e6</load_address>
         <run_address>0x45e6</run_address>
         <size>0x3a5</size>
         <input_file_ref idref="fl-9"/>
      </object_component>
      <object_component id="oc-1e0">
         <name>.debug_info</name>
         <load_address>0x498b</load_address>
         <run_address>0x498b</run_address>
         <size>0x632</size>
         <input_file_ref idref="fl-9"/>
      </object_component>
      <object_component id="oc-2da">
         <name>.debug_info</name>
         <load_address>0x4fbd</load_address>
         <run_address>0x4fbd</run_address>
         <size>0x2ea</size>
         <input_file_ref idref="fl-a"/>
      </object_component>
      <object_component id="oc-2d7">
         <name>.debug_info</name>
         <load_address>0x52a7</load_address>
         <run_address>0x52a7</run_address>
         <size>0xe0</size>
         <input_file_ref idref="fl-a"/>
      </object_component>
      <object_component id="oc-1e6">
         <name>.debug_info</name>
         <load_address>0x5387</load_address>
         <run_address>0x5387</run_address>
         <size>0x6e4</size>
         <input_file_ref idref="fl-a"/>
      </object_component>
      <object_component id="oc-352">
         <name>.debug_info</name>
         <load_address>0x5a6b</load_address>
         <run_address>0x5a6b</run_address>
         <size>0x361</size>
         <input_file_ref idref="fl-b"/>
      </object_component>
      <object_component id="oc-f7">
         <name>.debug_info</name>
         <load_address>0x5dcc</load_address>
         <run_address>0x5dcc</run_address>
         <size>0x3e4</size>
         <input_file_ref idref="fl-c6"/>
      </object_component>
      <object_component id="oc-f1">
         <name>.debug_info</name>
         <load_address>0x61b0</load_address>
         <run_address>0x61b0</run_address>
         <size>0x156</size>
         <input_file_ref idref="fl-c6"/>
      </object_component>
      <object_component id="oc-eb">
         <name>.debug_info</name>
         <load_address>0x6306</load_address>
         <run_address>0x6306</run_address>
         <size>0x165</size>
         <input_file_ref idref="fl-c6"/>
      </object_component>
      <object_component id="oc-82">
         <name>.debug_info</name>
         <load_address>0x646b</load_address>
         <run_address>0x646b</run_address>
         <size>0x1ab</size>
         <input_file_ref idref="fl-c6"/>
      </object_component>
      <object_component id="oc-1d8">
         <name>.debug_info</name>
         <load_address>0x6616</load_address>
         <run_address>0x6616</run_address>
         <size>0xb2</size>
         <input_file_ref idref="fl-c6"/>
      </object_component>
      <object_component id="oc-1af">
         <name>.debug_info</name>
         <load_address>0x66c8</load_address>
         <run_address>0x66c8</run_address>
         <size>0x57a</size>
         <input_file_ref idref="fl-c7"/>
      </object_component>
      <object_component id="oc-17a">
         <name>.debug_info</name>
         <load_address>0x6c42</load_address>
         <run_address>0x6c42</run_address>
         <size>0x21d</size>
         <input_file_ref idref="fl-c7"/>
      </object_component>
      <object_component id="oc-248">
         <name>.debug_info</name>
         <load_address>0x6e5f</load_address>
         <run_address>0x6e5f</run_address>
         <size>0x1b2</size>
         <input_file_ref idref="fl-c7"/>
      </object_component>
      <object_component id="oc-24e">
         <name>.debug_info</name>
         <load_address>0x7011</load_address>
         <run_address>0x7011</run_address>
         <size>0x21a</size>
         <input_file_ref idref="fl-c7"/>
      </object_component>
      <object_component id="oc-185">
         <name>.debug_info</name>
         <load_address>0x722b</load_address>
         <run_address>0x722b</run_address>
         <size>0x3ba</size>
         <input_file_ref idref="fl-c7"/>
      </object_component>
      <object_component id="oc-255">
         <name>.debug_info</name>
         <load_address>0x75e5</load_address>
         <run_address>0x75e5</run_address>
         <size>0x304</size>
         <input_file_ref idref="fl-c7"/>
      </object_component>
      <object_component id="oc-25b">
         <name>.debug_info</name>
         <load_address>0x78e9</load_address>
         <run_address>0x78e9</run_address>
         <size>0x214</size>
         <input_file_ref idref="fl-c7"/>
      </object_component>
      <object_component id="oc-18b">
         <name>.debug_info</name>
         <load_address>0x7afd</load_address>
         <run_address>0x7afd</run_address>
         <size>0x214</size>
         <input_file_ref idref="fl-c7"/>
      </object_component>
      <object_component id="oc-191">
         <name>.debug_info</name>
         <load_address>0x7d11</load_address>
         <run_address>0x7d11</run_address>
         <size>0x303</size>
         <input_file_ref idref="fl-c7"/>
      </object_component>
      <object_component id="oc-197">
         <name>.debug_info</name>
         <load_address>0x8014</load_address>
         <run_address>0x8014</run_address>
         <size>0x4af</size>
         <input_file_ref idref="fl-c7"/>
      </object_component>
      <object_component id="oc-df">
         <name>.debug_info</name>
         <load_address>0x84c3</load_address>
         <run_address>0x84c3</run_address>
         <size>0x5f3</size>
         <input_file_ref idref="fl-c7"/>
      </object_component>
      <object_component id="oc-1b0">
         <name>.debug_info</name>
         <load_address>0x8ab6</load_address>
         <run_address>0x8ab6</run_address>
         <size>0x86</size>
         <input_file_ref idref="fl-c7"/>
      </object_component>
      <object_component id="oc-28a">
         <name>.debug_info</name>
         <load_address>0x8b3c</load_address>
         <run_address>0x8b3c</run_address>
         <size>0x39</size>
         <input_file_ref idref="fl-c7"/>
      </object_component>
      <object_component id="oc-331">
         <name>.debug_info</name>
         <load_address>0x8b75</load_address>
         <run_address>0x8b75</run_address>
         <size>0xb6</size>
         <input_file_ref idref="fl-c7"/>
      </object_component>
      <object_component id="oc-28f">
         <name>.debug_info</name>
         <load_address>0x8c2b</load_address>
         <run_address>0x8c2b</run_address>
         <size>0x46</size>
         <input_file_ref idref="fl-c7"/>
      </object_component>
      <object_component id="oc-1b5">
         <name>.debug_info</name>
         <load_address>0x8c71</load_address>
         <run_address>0x8c71</run_address>
         <size>0x46</size>
         <input_file_ref idref="fl-c7"/>
      </object_component>
      <object_component id="oc-285">
         <name>.debug_info</name>
         <load_address>0x8cb7</load_address>
         <run_address>0x8cb7</run_address>
         <size>0x2c</size>
         <input_file_ref idref="fl-c7"/>
      </object_component>
      <object_component id="oc-2b4">
         <name>.debug_info</name>
         <load_address>0x8ce3</load_address>
         <run_address>0x8ce3</run_address>
         <size>0x382</size>
         <input_file_ref idref="fl-c8"/>
      </object_component>
      <object_component id="oc-1d0">
         <name>.debug_info</name>
         <load_address>0x9065</load_address>
         <run_address>0x9065</run_address>
         <size>0x1e9</size>
         <input_file_ref idref="fl-c8"/>
      </object_component>
      <object_component id="oc-2b2">
         <name>.debug_info</name>
         <load_address>0x924e</load_address>
         <run_address>0x924e</run_address>
         <size>0x3fb</size>
         <input_file_ref idref="fl-c9"/>
      </object_component>
      <object_component id="oc-1c9">
         <name>.debug_info</name>
         <load_address>0x9649</load_address>
         <run_address>0x9649</run_address>
         <size>0x2e1</size>
         <input_file_ref idref="fl-c9"/>
      </object_component>
      <object_component id="oc-119">
         <name>.debug_info</name>
         <load_address>0x992a</load_address>
         <run_address>0x992a</run_address>
         <size>0x2c</size>
         <input_file_ref idref="fl-c9"/>
      </object_component>
      <object_component id="oc-343">
         <name>.debug_info</name>
         <load_address>0x9956</load_address>
         <run_address>0x9956</run_address>
         <size>0x2ff</size>
         <input_file_ref idref="fl-ca"/>
      </object_component>
      <object_component id="oc-29a">
         <name>.debug_info</name>
         <load_address>0x9c55</load_address>
         <run_address>0x9c55</run_address>
         <size>0x19b</size>
         <input_file_ref idref="fl-ca"/>
      </object_component>
      <object_component id="oc-3a9">
         <name>.debug_info</name>
         <load_address>0x9df0</load_address>
         <run_address>0x9df0</run_address>
         <size>0xbf</size>
         <input_file_ref idref="fl-ca"/>
      </object_component>
      <object_component id="oc-3a8">
         <name>.debug_info</name>
         <load_address>0x9eaf</load_address>
         <run_address>0x9eaf</run_address>
         <size>0x373</size>
         <input_file_ref idref="fl-cb"/>
      </object_component>
      <object_component id="oc-33d">
         <name>.debug_info</name>
         <load_address>0xa222</load_address>
         <run_address>0xa222</run_address>
         <size>0x20a</size>
         <input_file_ref idref="fl-cb"/>
      </object_component>
      <object_component id="oc-243">
         <name>.debug_info</name>
         <load_address>0xa42c</load_address>
         <run_address>0xa42c</run_address>
         <size>0x14b</size>
         <input_file_ref idref="fl-cc"/>
      </object_component>
      <object_component id="oc-180">
         <name>.debug_info</name>
         <load_address>0xa577</load_address>
         <run_address>0xa577</run_address>
         <size>0x127</size>
         <input_file_ref idref="fl-cd"/>
      </object_component>
      <object_component id="oc-22e">
         <name>.debug_info</name>
         <load_address>0xa69e</load_address>
         <run_address>0xa69e</run_address>
         <size>0x129</size>
         <input_file_ref idref="fl-cd"/>
      </object_component>
      <object_component id="oc-229">
         <name>.debug_info</name>
         <load_address>0xa7c7</load_address>
         <run_address>0xa7c7</run_address>
         <size>0x139</size>
         <input_file_ref idref="fl-ce"/>
      </object_component>
      <object_component id="oc-224">
         <name>.debug_info</name>
         <load_address>0xa900</load_address>
         <run_address>0xa900</run_address>
         <size>0x139</size>
         <input_file_ref idref="fl-cf"/>
      </object_component>
      <object_component id="oc-233">
         <name>.debug_info</name>
         <load_address>0xaa39</load_address>
         <run_address>0xaa39</run_address>
         <size>0x12d</size>
         <input_file_ref idref="fl-d0"/>
      </object_component>
      <object_component id="oc-23e">
         <name>.debug_info</name>
         <load_address>0xab66</load_address>
         <run_address>0xab66</run_address>
         <size>0x12b</size>
         <input_file_ref idref="fl-d1"/>
      </object_component>
      <object_component id="oc-4b">
         <name>.debug_info</name>
         <load_address>0xac91</load_address>
         <run_address>0xac91</run_address>
         <size>0x118</size>
         <input_file_ref idref="fl-d2"/>
      </object_component>
      <object_component id="oc-21d">
         <name>.debug_info</name>
         <load_address>0xada9</load_address>
         <run_address>0xada9</run_address>
         <size>0x133</size>
         <input_file_ref idref="fl-d3"/>
      </object_component>
      <object_component id="oc-b5">
         <name>.debug_info</name>
         <load_address>0xaedc</load_address>
         <run_address>0xaedc</run_address>
         <size>0x146</size>
         <input_file_ref idref="fl-d4"/>
      </object_component>
      <object_component id="oc-b3">
         <name>.debug_info</name>
         <load_address>0xb022</load_address>
         <run_address>0xb022</run_address>
         <size>0x2d3</size>
         <input_file_ref idref="fl-d5"/>
      </object_component>
      <object_component id="oc-57">
         <name>.debug_info</name>
         <load_address>0xb2f5</load_address>
         <run_address>0xb2f5</run_address>
         <size>0x1d1</size>
         <input_file_ref idref="fl-d5"/>
      </object_component>
      <object_component id="oc-ae">
         <name>.debug_info</name>
         <load_address>0xb4c6</load_address>
         <run_address>0xb4c6</run_address>
         <size>0x46</size>
         <input_file_ref idref="fl-d5"/>
      </object_component>
      <object_component id="oc-55">
         <name>.debug_info</name>
         <load_address>0xb50c</load_address>
         <run_address>0xb50c</run_address>
         <size>0x2a7</size>
         <input_file_ref idref="fl-d6"/>
      </object_component>
      <object_component id="oc-19">
         <name>.debug_info</name>
         <load_address>0xb7b3</load_address>
         <run_address>0xb7b3</run_address>
         <size>0x1e9</size>
         <input_file_ref idref="fl-d6"/>
      </object_component>
      <object_component id="oc-50">
         <name>.debug_info</name>
         <load_address>0xb99c</load_address>
         <run_address>0xb99c</run_address>
         <size>0x46</size>
         <input_file_ref idref="fl-d6"/>
      </object_component>
      <object_component id="oc-a6">
         <name>.debug_info</name>
         <load_address>0xb9e2</load_address>
         <run_address>0xb9e2</run_address>
         <size>0x2c</size>
         <input_file_ref idref="fl-d6"/>
      </object_component>
      <object_component id="oc-a4">
         <name>.debug_info</name>
         <load_address>0xba0e</load_address>
         <run_address>0xba0e</run_address>
         <size>0x29d</size>
         <input_file_ref idref="fl-d7"/>
      </object_component>
      <object_component id="oc-13">
         <name>.debug_info</name>
         <load_address>0xbcab</load_address>
         <run_address>0xbcab</run_address>
         <size>0x24f</size>
         <input_file_ref idref="fl-d7"/>
      </object_component>
      <object_component id="oc-40">
         <name>.debug_info</name>
         <load_address>0xbefa</load_address>
         <run_address>0xbefa</run_address>
         <size>0x60</size>
         <input_file_ref idref="fl-d7"/>
      </object_component>
      <object_component id="oc-112">
         <name>.debug_info</name>
         <load_address>0xbf5a</load_address>
         <run_address>0xbf5a</run_address>
         <size>0x46</size>
         <input_file_ref idref="fl-d7"/>
      </object_component>
      <object_component id="oc-9f">
         <name>.debug_info</name>
         <load_address>0xbfa0</load_address>
         <run_address>0xbfa0</run_address>
         <size>0x39</size>
         <input_file_ref idref="fl-d7"/>
      </object_component>
      <object_component id="oc-1fd">
         <name>.debug_info</name>
         <load_address>0xbfd9</load_address>
         <run_address>0xbfd9</run_address>
         <size>0x3ac</size>
         <input_file_ref idref="fl-d8"/>
      </object_component>
      <object_component id="oc-1fa">
         <name>.debug_info</name>
         <load_address>0xc385</load_address>
         <run_address>0xc385</run_address>
         <size>0x18f</size>
         <input_file_ref idref="fl-d8"/>
      </object_component>
      <object_component id="oc-130">
         <name>.debug_info</name>
         <load_address>0xc514</load_address>
         <run_address>0xc514</run_address>
         <size>0x121</size>
         <input_file_ref idref="fl-d8"/>
      </object_component>
      <object_component id="oc-136">
         <name>.debug_info</name>
         <load_address>0xc635</load_address>
         <run_address>0xc635</run_address>
         <size>0x183</size>
         <input_file_ref idref="fl-d8"/>
      </object_component>
      <object_component id="oc-1c2">
         <name>.debug_info</name>
         <load_address>0xc7b8</load_address>
         <run_address>0xc7b8</run_address>
         <size>0x2c8</size>
         <input_file_ref idref="fl-d9"/>
      </object_component>
      <object_component id="oc-e5">
         <name>.debug_info</name>
         <load_address>0xca80</load_address>
         <run_address>0xca80</run_address>
         <size>0x11d</size>
         <input_file_ref idref="fl-d9"/>
      </object_component>
      <object_component id="oc-1bb">
         <name>.debug_info</name>
         <load_address>0xcb9d</load_address>
         <run_address>0xcb9d</run_address>
         <size>0x12d</size>
         <input_file_ref idref="fl-d9"/>
      </object_component>
      <object_component id="oc-21b">
         <name>.debug_info</name>
         <load_address>0xccca</load_address>
         <run_address>0xccca</run_address>
         <size>0x2b8</size>
         <input_file_ref idref="fl-da"/>
      </object_component>
      <object_component id="oc-174">
         <name>.debug_info</name>
         <load_address>0xcf82</load_address>
         <run_address>0xcf82</run_address>
         <size>0x17b</size>
         <input_file_ref idref="fl-da"/>
      </object_component>
      <object_component id="oc-2fe">
         <name>.debug_info</name>
         <load_address>0xd0fd</load_address>
         <run_address>0xd0fd</run_address>
         <size>0xf8</size>
         <input_file_ref idref="fl-db"/>
      </object_component>
      <object_component id="oc-218">
         <name>.debug_info</name>
         <load_address>0xd1f5</load_address>
         <run_address>0xd1f5</run_address>
         <size>0x104</size>
         <input_file_ref idref="fl-db"/>
      </object_component>
      <object_component id="oc-1c6">
         <name>.debug_info</name>
         <load_address>0xd2f9</load_address>
         <run_address>0xd2f9</run_address>
         <size>0x143</size>
         <input_file_ref idref="fl-dc"/>
      </object_component>
      <object_component id="oc-e8">
         <name>.debug_info</name>
         <load_address>0xd43c</load_address>
         <run_address>0xd43c</run_address>
         <size>0x101</size>
         <input_file_ref idref="fl-dc"/>
      </object_component>
      <object_component id="oc-3ee">
         <name>.debug_info</name>
         <load_address>0xd53d</load_address>
         <run_address>0xd53d</run_address>
         <size>0x18e</size>
         <input_file_ref idref="fl-dc"/>
      </object_component>
      <object_component id="oc-30c">
         <name>.debug_info</name>
         <load_address>0xd6cb</load_address>
         <run_address>0xd6cb</run_address>
         <size>0x29a</size>
         <input_file_ref idref="fl-dd"/>
      </object_component>
      <object_component id="oc-238">
         <name>.debug_info</name>
         <load_address>0xd965</load_address>
         <run_address>0xd965</run_address>
         <size>0x1cc</size>
         <input_file_ref idref="fl-dd"/>
      </object_component>
      <object_component id="oc-276">
         <name>.debug_info</name>
         <load_address>0xdb31</load_address>
         <run_address>0xdb31</run_address>
         <size>0x295</size>
         <input_file_ref idref="fl-de"/>
      </object_component>
      <object_component id="oc-19d">
         <name>.debug_info</name>
         <load_address>0xddc6</load_address>
         <run_address>0xddc6</run_address>
         <size>0x1b5</size>
         <input_file_ref idref="fl-de"/>
      </object_component>
      <object_component id="oc-345">
         <name>.debug_info</name>
         <load_address>0xdf7b</load_address>
         <run_address>0xdf7b</run_address>
         <size>0x2a4</size>
         <input_file_ref idref="fl-df"/>
      </object_component>
      <object_component id="oc-2a0">
         <name>.debug_info</name>
         <load_address>0xe21f</load_address>
         <run_address>0xe21f</run_address>
         <size>0x258</size>
         <input_file_ref idref="fl-df"/>
      </object_component>
      <object_component id="oc-7c">
         <name>.debug_info</name>
         <load_address>0xe477</load_address>
         <run_address>0xe477</run_address>
         <size>0x3b1</size>
         <input_file_ref idref="fl-e0"/>
      </object_component>
      <object_component id="oc-22">
         <name>.debug_info</name>
         <load_address>0xe828</load_address>
         <run_address>0xe828</run_address>
         <size>0x10b</size>
         <input_file_ref idref="fl-e0"/>
      </object_component>
      <object_component id="oc-424">
         <name>.debug_info</name>
         <load_address>0xe933</load_address>
         <run_address>0xe933</run_address>
         <size>0x13e</size>
         <input_file_ref idref="fl-e0"/>
      </object_component>
      <object_component id="oc-39c">
         <name>.debug_info</name>
         <load_address>0xea71</load_address>
         <run_address>0xea71</run_address>
         <size>0x167</size>
         <input_file_ref idref="fl-e0"/>
      </object_component>
      <object_component id="oc-3d4">
         <name>.debug_info</name>
         <load_address>0xebd8</load_address>
         <run_address>0xebd8</run_address>
         <size>0x18d</size>
         <input_file_ref idref="fl-e0"/>
      </object_component>
[...]
         <object_component_ref idref="oc-122"/>
      </symbol>
      <symbol id="sm-16f">
         <name>systick_initlize</name>
         <value>0xd8d</value>
         <object_component_ref idref="oc-122"/>
      </symbol>
      <symbol id="sm-170">
         <name>sys_init</name>
         <value>0xd61</value>
         <object_component_ref idref="oc-122"/>
      </symbol>
      <symbol id="sm-171">
         <name>system_clkregister_initilize</name>
         <value>0xd85</value>
         <object_component_ref idref="oc-122"/>
      </symbol>
      <symbol id="sm-172">
         <name>initilize_dma</name>
         <value>0xd5b</value>
         <object_component_ref idref="oc-122"/>
      </symbol>
      <symbol id="sm-173">
         <name>intilize_rcc2_registers</name>
         <value>0xcf1</value>
         <object_component_ref idref="oc-122"/>
      </symbol>
      <symbol id="sm-174">
         <name>initilizea2d</name>
         <value>0xd5f</value>
         <object_component_ref idref="oc-122"/>
      </symbol>
      <symbol id="sm-175">
         <name>powerdown_sequence</name>
         <value>0xf7f</value>
         <object_component_ref idref="oc-122"/>
      </symbol>
      <symbol id="sm-176">
         <name>initilize_rcc_registers</name>
         <value>0xcbd</value>
         <object_component_ref idref="oc-122"/>
      </symbol>
      <symbol id="sm-177">
         <name>unlock_portf</name>
         <value>0xd1f</value>
         <object_component_ref idref="oc-122"/>
      </symbol>
      <symbol id="sm-178">
         <name>initilize_gpio</name>
         <value>0xd21</value>
         <object_component_ref idref="oc-122"/>
      </symbol>
      <symbol id="sm-1a3">
         <name>testvar</name>
         <value>0x200005ff</value>
      </symbol>
      <symbol id="sm-1a4">
         <name>eeprom_init_stat</name>
         <value>0x200005fe</value>
      </symbol>
      <symbol id="sm-1a5">
         <name>eeprom_driver_init</name>
         <value>0x1a75</value>
         <object_component_ref idref="oc-1df"/>
      </symbol>
      <symbol id="sm-1a6">
         <name>write_contents_eeprom_byAddress</name>
         <value>0x1b2d</value>
         <object_component_ref idref="oc-1df"/>
      </symbol>
      <symbol id="sm-1a7">
         <name>eeprom_write</name>
         <value>0x1b1d</value>
         <object_component_ref idref="oc-1df"/>
      </symbol>
      <symbol id="sm-1f7">
         <name>master_single_data_transmit</name>
         <value>0x11bb</value>
         <object_component_ref idref="oc-1e5"/>
      </symbol>
      <symbol id="sm-1f8">
         <name>initilizei2cmoduleslaveconfig</name>
         <value>0x1139</value>
         <object_component_ref idref="oc-1e5"/>
      </symbol>
      <symbol id="sm-1f9">
         <name>initilizei2cmodulemasterconfig</name>
         <value>0xfd9</value>
         <object_component_ref idref="oc-1e5"/>
      </symbol>
      <symbol id="sm-1fa">
         <name>tbl</name>
         <value>0x397c</value>
         <object_component_ref idref="oc-2d6"/>
      </symbol>
      <symbol id="sm-212">
         <name>starttimer</name>
         <value>0x25b3</value>
         <object_component_ref idref="oc-351"/>
      </symbol>
      <symbol id="sm-213">
         <name>intilize_general_purpose_timer</name>
         <value>0x259d</value>
         <object_component_ref idref="oc-351"/>
      </symbol>
      <symbol id="sm-214">
         <name>timeout_reached</name>
         <value>0x2603</value>
         <object_component_ref idref="oc-351"/>
      </symbol>
      <symbol id="sm-215">
         <name>stopttimer</name>
         <value>0x259f</value>
         <object_component_ref idref="oc-351"/>
      </symbol>
      <symbol id="sm-242">
         <name>printf</name>
         <value>0x2c91</value>
         <object_component_ref idref="oc-81"/>
      </symbol>
      <symbol id="sm-3ac">
         <name>__TI_printfi</name>
         <value>0x26d</value>
         <object_component_ref idref="oc-de"/>
      </symbol>
      <symbol id="sm-3c1">
         <name>putc</name>
         <value>0x2775</value>
         <object_component_ref idref="oc-1cf"/>
      </symbol>
      <symbol id="sm-3c2">
         <name>fputc</name>
         <value>0x2775</value>
         <object_component_ref idref="oc-1cf"/>
      </symbol>
      <symbol id="sm-3e5">
         <name>fputs</name>
         <value>0x2009</value>
         <object_component_ref idref="oc-1c8"/>
      </symbol>
      <symbol id="sm-3fd">
         <name>__TI_wrt_ok</name>
         <value>0x2dc1</value>
         <object_component_ref idref="oc-299"/>
      </symbol>
      <symbol id="sm-419">
         <name>setvbuf</name>
         <value>0x240d</value>
         <object_component_ref idref="oc-33c"/>
      </symbol>
      <symbol id="sm-430">
         <name>__aeabi_dsub</name>
         <value>0x16c9</value>
         <object_component_ref idref="oc-242"/>
      </symbol>
      <symbol id="sm-431">
         <name>__aeabi_dadd</name>
         <value>0x16d3</value>
         <object_component_ref idref="oc-242"/>
      </symbol>
      <symbol id="sm-453">
         <name>__aeabi_cdcmpeq</name>
         <value>0x2801</value>
         <object_component_ref idref="oc-17f"/>
      </symbol>
      <symbol id="sm-454">
         <name>__aeabi_cdcmple</name>
         <value>0x2801</value>
         <object_component_ref idref="oc-17f"/>
      </symbol>
      <symbol id="sm-455">
         <name>__aeabi_cdrcmple</name>
         <value>0x2887</value>
         <object_component_ref idref="oc-22d"/>
      </symbol>
      <symbol id="sm-469">
         <name>__aeabi_ddiv</name>
         <value>0x1c95</value>
         <object_component_ref idref="oc-228"/>
      </symbol>
      <symbol id="sm-474">
         <name>__aeabi_dmul</name>
         <value>0x222d</value>
         <object_component_ref idref="oc-223"/>
      </symbol>
      <symbol id="sm-47e">
         <name>__aeabi_d2iz</name>
         <value>0x31c5</value>
         <object_component_ref idref="oc-232"/>
      </symbol>
      <symbol id="sm-488">
         <name>__aeabi_i2d</name>
         <value>0x34d1</value>
         <object_component_ref idref="oc-23d"/>
      </symbol>
      <symbol id="sm-4a3">
         <name>memcpy</name>
         <value>0x2641</value>
         <object_component_ref idref="oc-4a"/>
      </symbol>
      <symbol id="sm-4a4">
         <name>__aeabi_memcpy</name>
         <value>0x2641</value>
         <object_component_ref idref="oc-4a"/>
      </symbol>
      <symbol id="sm-4a5">
         <name>__aeabi_memcpy8</name>
         <value>0x2641</value>
         <object_component_ref idref="oc-4a"/>
      </symbol>
      <symbol id="sm-4a6">
         <name>__aeabi_memcpy4</name>
         <value>0x2641</value>
         <object_component_ref idref="oc-4a"/>
      </symbol>
      <symbol id="sm-4b3">
         <name>__aeabi_uldivmod</name>
         <value>0x26dd</value>
         <object_component_ref idref="oc-21c"/>
      </symbol>
      <symbol id="sm-4c2">
         <name>__aeabi_memset</name>
         <value>0x290f</value>
         <object_component_ref idref="oc-b4"/>
      </symbol>
      <symbol id="sm-4c3">
         <name>memset</name>
         <value>0x2915</value>
         <object_component_ref idref="oc-b4"/>
      </symbol>
      <symbol id="sm-4c4">
         <name>__aeabi_memset8</name>
         <value>0x290f</value>
         <object_component_ref idref="oc-b4"/>
      </symbol>
      <symbol id="sm-4c5">
         <name>__aeabi_memset4</name>
         <value>0x290f</value>
         <object_component_ref idref="oc-b4"/>
      </symbol>
      <symbol id="sm-4c6">
         <name>__aeabi_memclr8</name>
         <value>0x290d</value>
         <object_component_ref idref="oc-b4"/>
      </symbol>
      <symbol id="sm-4c7">
         <name>__aeabi_memclr4</name>
         <value>0x290d</value>
         <object_component_ref idref="oc-b4"/>
      </symbol>
      <symbol id="sm-4c8">
         <name>__aeabi_memclr</name>
         <value>0x290d</value>
         <object_component_ref idref="oc-b4"/>
      </symbol>
      <symbol id="sm-4dc">
         <name>__TI_zero_init_nomemset</name>
         <value>0x35c5</value>
         <object_component_ref idref="oc-56"/>
      </symbol>
      <symbol id="sm-4f3">
         <name>__TI_decompress_none</name>
         <value>0x36bf</value>
         <object_component_ref idref="oc-18"/>
      </symbol>
      <symbol id="sm-516">
         <name>__TI_decompress_lzss</name>
         <value>0x2c29</value>
         <object_component_ref idref="oc-12"/>
      </symbol>
      <symbol id="sm-53c">
         <name>C$$EXIT</name>
         <value>0x3705</value>
         <object_component_ref idref="oc-12f"/>
      </symbol>
      <symbol id="sm-53d">
         <name>abort</name>
         <value>0x3705</value>
         <object_component_ref idref="oc-12f"/>
      </symbol>
      <symbol id="sm-53e">
         <name>__TI_dtors_ptr</name>
         <value>0x200001f4</value>
         <object_component_ref idref="oc-1f9"/>
      </symbol>
      <symbol id="sm-53f">
         <name>__TI_cleanup_ptr</name>
         <value>0x200001f0</value>
         <object_component_ref idref="oc-1f9"/>
      </symbol>
      <symbol id="sm-540">
         <name>__TI_enable_exit_profile_output</name>
         <value>0x200001f8</value>
         <object_component_ref idref="oc-1f9"/>
      </symbol>
      <symbol id="sm-541">
         <name>exit</name>
         <value>0x317d</value>
         <object_component_ref idref="oc-135"/>
      </symbol>
      <symbol id="sm-556">
         <name>_nop</name>
         <value>0xcbb</value>
         <object_component_ref idref="oc-1ba"/>
      </symbol>
      <symbol id="sm-557">
         <name>_lock</name>
         <value>0x200001fc</value>
         <object_component_ref idref="oc-e4"/>
      </symbol>
      <symbol id="sm-558">
         <name>_unlock</name>
         <value>0x20000200</value>
         <object_component_ref idref="oc-e4"/>
      </symbol>
      <symbol id="sm-56e">
         <name>atoi</name>
         <value>0x3131</value>
         <object_component_ref idref="oc-173"/>
      </symbol>
      <symbol id="sm-579">
         <name>_ctypes_</name>
         <value>0x387a</value>
         <object_component_ref idref="oc-217"/>
      </symbol>
      <symbol id="sm-58e">
         <name>__TI_tmpnams</name>
         <value>0x20000538</value>
      </symbol>
      <symbol id="sm-58f">
         <name>__aeabi_stdout</name>
         <value>0x200001e8</value>
         <object_component_ref idref="oc-3ed"/>
      </symbol>
      <symbol id="sm-590">
         <name>__aeabi_stderr</name>
         <value>0x200001ec</value>
         <object_component_ref idref="oc-3ed"/>
      </symbol>
      <symbol id="sm-591">
         <name>__aeabi_stdin</name>
         <value>0x200001e4</value>
         <object_component_ref idref="oc-3ed"/>
      </symbol>
      <symbol id="sm-592">
         <name>_ftable</name>
         <value>0x20000000</value>
         <object_component_ref idref="oc-e7"/>
      </symbol>
      <symbol id="sm-593">
         <name>__TI_ft_end</name>
         <value>0x200001e0</value>
         <object_component_ref idref="oc-3ed"/>
      </symbol>
      <symbol id="sm-5a2">
         <name>ltoa</name>
         <value>0x2fe7</value>
         <object_component_ref idref="oc-237"/>
      </symbol>
      <symbol id="sm-5b2">
         <name>memccpy</name>
         <value>0x35fd</value>
         <object_component_ref idref="oc-19c"/>
      </symbol>
      <symbol id="sm-5c2">
         <name>memchr</name>
         <value>0x35a5</value>
         <object_component_ref idref="oc-29f"/>
      </symbol>
      <symbol id="sm-64b">
         <name>_sys_memory</name>
         <value>0x20000600</value>
         <object_component_ref idref="oc-21"/>
      </symbol>
      <symbol id="sm-64c">
         <name>free</name>
         <value>0x2329</value>
         <object_component_ref idref="oc-395"/>
      </symbol>
      <symbol id="sm-64d">
         <name>memalign</name>
         <value>0x1ef1</value>
         <object_component_ref idref="oc-3e0"/>
      </symbol>
      <symbol id="sm-64e">
         <name>malloc</name>
         <value>0x36f1</value>
         <object_component_ref idref="oc-39b"/>
      </symbol>
      <symbol id="sm-64f">
         <name>aligned_alloc</name>
         <value>0x1ef1</value>
         <object_component_ref idref="oc-3e0"/>
      </symbol>
      <symbol id="sm-65f">
         <name>strchr</name>
         <value>0x364b</value>
         <object_component_ref idref="oc-26e"/>
      </symbol>
      <symbol id="sm-66d">
         <name>strlen</name>
         <value>0x3675</value>
         <object_component_ref idref="oc-16d"/>
      </symbol>
      <symbol id="sm-687">
         <name>write</name>
         <value>0x357d</value>
         <object_component_ref idref="oc-2ab"/>
      </symbol>
      <symbol id="sm-698">
         <name>_stream</name>
         <value>0x20000168</value>
         <object_component_ref idref="oc-348"/>
      </symbol>
      <symbol id="sm-699">
         <name>_device</name>
         <value>0x200000f0</value>
         <object_component_ref idref="oc-3b4"/>
      </symbol>
      <symbol id="sm-6ac">
         <name>__stack</name>
         <value>0x20000218</value>
         <object_component_ref idref="oc-24"/>
      </symbol>
      <symbol id="sm-6ad">
         <name>_c_int00_noargs</name>
         <value>0x346d</value>
         <object_component_ref idref="oc-68"/>
      </symbol>
      <symbol id="sm-6c3">
         <name>__aeabi_errno_addr</name>
         <value>0x36e9</value>
         <object_component_ref idref="oc-1a8"/>
      </symbol>
      <symbol id="sm-6c4">
         <name>errno</name>
         <value>0x20000214</value>
         <object_component_ref idref="oc-27e"/>
      </symbol>
      <symbol id="sm-6dd">
         <name>wcslen</name>
         <value>0x3689</value>
         <object_component_ref idref="oc-1a2"/>
      </symbol>
      <symbol id="sm-6fd">
         <name>frexpl</name>
         <value>0x2cf9</value>
         <object_component_ref idref="oc-262"/>
      </symbol>
      <symbol id="sm-6fe">
         <name>frexp</name>
         <value>0x2cf9</value>
         <object_component_ref idref="oc-262"/>
      </symbol>
      <symbol id="sm-71b">
         <name>scalbn</name>
         <value>0x211d</value>
         <object_component_ref idref="oc-268"/>
      </symbol>
      <symbol id="sm-71c">
         <name>scalbnl</name>
         <value>0x211d</value>
         <object_component_ref idref="oc-268"/>
      </symbol>
      <symbol id="sm-71d">
         <name>ldexpl</name>
         <value>0x211d</value>
         <object_component_ref idref="oc-268"/>
      </symbol>
      <symbol id="sm-71e">
         <name>ldexp</name>
         <value>0x211d</value>
         <object_component_ref idref="oc-268"/>
      </symbol>
      <symbol id="sm-72e">
         <name>__TI_doflush</name>
         <value>0x30e3</value>
         <object_component_ref idref="oc-2a5"/>
      </symbol>
      <symbol id="sm-73e">
         <name>__TI_cleanup</name>
         <value>0x3405</value>
         <object_component_ref idref="oc-3a1"/>
      </symbol>
      <symbol id="sm-750">
         <name>fseek</name>
         <value>0x2d5d</value>
         <object_component_ref idref="oc-336"/>
      </symbol>
      <symbol id="sm-75a">
         <name>__aeabi_idiv0</name>
         <value>0x1dcb</value>
         <object_component_ref idref="oc-301"/>
      </symbol>
      <symbol id="sm-75b">
         <name>__aeabi_ldiv0</name>
         <value>0x1dcb</value>
         <object_component_ref idref="oc-301"/>
      </symbol>
      <symbol id="sm-783">
         <name>__TI_auto_init_nobinit_nopinit</name>
         <value>0x3295</value>
         <object_component_ref idref="oc-13b"/>
      </symbol>
      <symbol id="sm-78d">
         <name>_system_pre_init</name>
         <value>0x3701</value>
         <object_component_ref idref="oc-ba"/>
      </symbol>
      <symbol id="sm-7a0">
         <name>HOSTclose</name>
         <value>0x320d</value>
         <object_component_ref idref="oc-3f9"/>
      </symbol>
      <symbol id="sm-7b1">
         <name>HOSTlseek</name>
         <value>0x2bc1</value>
         <object_component_ref idref="oc-40b"/>
      </symbol>
      <symbol id="sm-7c3">
         <name>parmbuf</name>
         <value>0x200005e8</value>
      </symbol>
      <symbol id="sm-7c4">
         <name>HOSTopen</name>
         <value>0x2e25</value>
         <object_component_ref idref="oc-3f3"/>
      </symbol>
      <symbol id="sm-7d5">
         <name>HOSTread</name>
         <value>0x2ee1</value>
         <object_component_ref idref="oc-3ff"/>
      </symbol>
      <symbol id="sm-7e6">
         <name>HOSTrename</name>
         <value>0x2b55</value>
         <object_component_ref idref="oc-417"/>
      </symbol>
      <symbol id="sm-7f7">
         <name>HOSTunlink</name>
         <value>0x3251</value>
         <object_component_ref idref="oc-411"/>
      </symbol>
      <symbol id="sm-808">
         <name>HOSTwrite</name>
         <value>0x2f39</value>
         <object_component_ref idref="oc-405"/>
      </symbol>
      <symbol id="sm-82c">
         <name>__TI_readmsg</name>
         <value>0x3439</value>
         <object_component_ref idref="oc-446"/>
      </symbol>
      <symbol id="sm-82d">
         <name>C$$IO$$</name>
         <value>0x338b</value>
         <object_component_ref idref="oc-440"/>
      </symbol>
      <symbol id="sm-82e">
         <name>__CIOBUF_</name>
         <value>0x20000418</value>
         <object_component_ref idref="oc-471"/>
      </symbol>
      <symbol id="sm-82f">
         <name>__TI_writemsg</name>
         <value>0x335d</value>
         <object_component_ref idref="oc-440"/>
      </symbol>
      <symbol id="sm-840">
         <name>lseek</name>
         <value>0x3555</value>
         <object_component_ref idref="oc-38d"/>
      </symbol>
      <symbol id="sm-84a">
         <name>copysign</name>
         <value>0x3619</value>
         <object_component_ref idref="oc-31a"/>
      </symbol>
      <symbol id="sm-84b">
         <name>copysignl</name>
         <value>0x3619</value>
         <object_component_ref idref="oc-31a"/>
      </symbol>
      <symbol id="sm-860">
         <name>__TI_closefile</name>
         <value>0x2a01</value>
         <object_component_ref idref="oc-3e7"/>
      </symbol>
      <symbol id="sm-883">
         <name>finddevice</name>
         <value>0x34a1</value>
         <object_component_ref idref="oc-48f"/>
      </symbol>
      <symbol id="sm-884">
         <name>getdevice</name>
         <value>0x32d9</value>
         <object_component_ref idref="oc-467"/>
      </symbol>
      <symbol id="sm-893">
         <name>strcmp</name>
         <value>0x3633</value>
         <object_component_ref idref="oc-4a6"/>
      </symbol>
      <symbol id="sm-8a1">
         <name>strcpy</name>
         <value>0x3661</value>
         <object_component_ref idref="oc-45a"/>
      </symbol>
      <symbol id="sm-8b1">
         <name>strncpy</name>
         <value>0x33cd</value>
         <object_component_ref idref="oc-489"/>
      </symbol>
      <symbol id="sm-8c6">
         <name>close</name>
         <value>0x2e85</value>
         <object_component_ref idref="oc-42f"/>
      </symbol>
      <symbol id="sm-8d6">
         <name>unlink</name>
         <value>0x3501</value>
         <object_component_ref idref="oc-435"/>
      </symbol>
      <symbol id="sm-8d7">
         <name>__TI_static_base__</name>
         <value>0x0</value>
      </symbol>
      <symbol id="sm-8da">
         <name>__mpu_init</name>
         <value>0x0</value>
      </symbol>
      <symbol id="sm-8db">
         <name>_system_post_cinit</name>
         <value>0x0</value>
      </symbol>
      <symbol id="sm-8dc">
         <name>remove</name>
         <value>0x3501</value>
      </symbol>
   </symbol_table>
   <title>Link successful</title>
</link_info>
