<?xml version="1.0" encoding="ISO-8859-1" ?>
<link_info>
   <banner>TI ARM Linker Unix v18.12.3.LTS</banner>
   <copyright>Copyright (c) 1996-2018 Texas Instruments Incorporated</copyright>
   <link_time>0x5e112da4</link_time>
   <link_errors>0x0</link_errors>
   <output_file>embssystems_practice.out</output_file>
   <entry_point>
      <name>_c_int00_noargs</name>
      <address>0x2c11</address>
   </entry_point>
   <input_file_list>
      <input_file id="fl-1">
         <path>./</path>
         <kind>object</kind>
         <file>main.obj</file>
         <name>main.obj</name>
      </input_file>
      <input_file id="fl-2">
         <path>./</path>
         <kind>object</kind>
         <file>tm4c123gh6pm_startup_ccs.obj</file>
         <name>tm4c123gh6pm_startup_ccs.obj</name>
      </input_file>
      <input_file id="fl-3">
         <path>./OSFILES/</path>
         <kind>object</kind>
         <file>os.obj</file>
         <name>os.obj</name>
      </input_file>
      <input_file id="fl-4">
         <path>./SOURCE/</path>
         <kind>object</kind>
         <file>sys_init.obj</file>
         <name>sys_init.obj</name>
      </input_file>
      <input_file id="fl-8">
         <kind>object</kind>
         <file>&lt;internal&gt;</file>
         <name>&lt;internal&gt;</name>
      </input_file>
      <input_file id="fl-be">
         <path>/home/satish/ti/ccs920/ccs/tools/compiler/ti-cgt-arm_18.12.3.LTS/lib/</path>
         <kind>archive</kind>
         <file>rtsv7M4_T_le_v4SPD16_eabi.lib</file>
         <name>printf.c.obj</name>
      </input_file>
      <input_file id="fl-bf">
         <path>/home/satish/ti/ccs920/ccs/tools/compiler/ti-cgt-arm_18.12.3.LTS/lib/</path>
         <kind>archive</kind>
         <file>rtsv7M4_T_le_v4SPD16_eabi.lib</file>
         <name>_printfi.c.obj</name>
      </input_file>
      <input_file id="fl-c0">
         <path>/home/satish/ti/ccs920/ccs/tools/compiler/ti-cgt-arm_18.12.3.LTS/lib/</path>
         <kind>archive</kind>
         <file>rtsv7M4_T_le_v4SPD16_eabi.lib</file>
         <name>fputc.c.obj</name>
      </input_file>
      <input_file id="fl-c1">
         <path>/home/satish/ti/ccs920/ccs/tools/compiler/ti-cgt-arm_18.12.3.LTS/lib/</path>
         <kind>archive</kind>
         <file>rtsv7M4_T_le_v4SPD16_eabi.lib</file>
         <name>fputs.c.obj</name>
      </input_file>
      <input_file id="fl-c2">
         <path>/home/satish/ti/ccs920/ccs/tools/compiler/ti-cgt-arm_18.12.3.LTS/lib/</path>
         <kind>archive</kind>
         <file>rtsv7M4_T_le_v4SPD16_eabi.lib</file>
         <name>_io_perm.c.obj</name>
      </input_file>
      <input_file id="fl-c3">
         <path>/home/satish/ti/ccs920/ccs/tools/compiler/ti-cgt-arm_18.12.3.LTS/lib/</path>
         <kind>archive</kind>
         <file>rtsv7M4_T_le_v4SPD16_eabi.lib</file>
         <name>setvbuf.c.obj</name>
      </input_file>
      <input_file id="fl-c4">
         <path>/home/satish/ti/ccs920/ccs/tools/compiler/ti-cgt-arm_18.12.3.LTS/lib/</path>
         <kind>archive</kind>
         <file>rtsv7M4_T_le_v4SPD16_eabi.lib</file>
         <name>wcslen.c.obj</name>
      </input_file>
      <input_file id="fl-c5">
         <path>/home/satish/ti/ccs920/ccs/tools/compiler/ti-cgt-arm_18.12.3.LTS/lib/</path>
         <kind>archive</kind>
         <file>rtsv7M4_T_le_v4SPD16_eabi.lib</file>
         <name>ull_div_t2.asm.obj</name>
      </input_file>
      <input_file id="fl-c6">
         <path>/home/satish/ti/ccs920/ccs/tools/compiler/ti-cgt-arm_18.12.3.LTS/lib/</path>
         <kind>archive</kind>
         <file>rtsv7M4_T_le_v4SPD16_eabi.lib</file>
         <name>memset_t2.asm.obj</name>
      </input_file>
      <input_file id="fl-c7">
         <path>/home/satish/ti/ccs920/ccs/tools/compiler/ti-cgt-arm_18.12.3.LTS/lib/</path>
         <kind>archive</kind>
         <file>rtsv7M4_T_le_v4SPD16_eabi.lib</file>
         <name>fd_add_t2.asm.obj</name>
      </input_file>
      <input_file id="fl-c8">
         <path>/home/satish/ti/ccs920/ccs/tools/compiler/ti-cgt-arm_18.12.3.LTS/lib/</path>
         <kind>archive</kind>
         <file>rtsv7M4_T_le_v4SPD16_eabi.lib</file>
         <name>fd_cmp_t2.asm.obj</name>
      </input_file>
      <input_file id="fl-c9">
         <path>/home/satish/ti/ccs920/ccs/tools/compiler/ti-cgt-arm_18.12.3.LTS/lib/</path>
         <kind>archive</kind>
         <file>rtsv7M4_T_le_v4SPD16_eabi.lib</file>
         <name>fd_div_t2.asm.obj</name>
      </input_file>
      <input_file id="fl-ca">
         <path>/home/satish/ti/ccs920/ccs/tools/compiler/ti-cgt-arm_18.12.3.LTS/lib/</path>
         <kind>archive</kind>
         <file>rtsv7M4_T_le_v4SPD16_eabi.lib</file>
         <name>fd_mul_t2.asm.obj</name>
      </input_file>
      <input_file id="fl-cb">
         <path>/home/satish/ti/ccs920/ccs/tools/compiler/ti-cgt-arm_18.12.3.LTS/lib/</path>
         <kind>archive</kind>
         <file>rtsv7M4_T_le_v4SPD16_eabi.lib</file>
         <name>fd_toi_t2.asm.obj</name>
      </input_file>
      <input_file id="fl-cc">
         <path>/home/satish/ti/ccs920/ccs/tools/compiler/ti-cgt-arm_18.12.3.LTS/lib/</path>
         <kind>archive</kind>
         <file>rtsv7M4_T_le_v4SPD16_eabi.lib</file>
         <name>i_tofd_t2.asm.obj</name>
      </input_file>
      <input_file id="fl-cd">
         <path>/home/satish/ti/ccs920/ccs/tools/compiler/ti-cgt-arm_18.12.3.LTS/lib/</path>
         <kind>archive</kind>
         <file>rtsv7M4_T_le_v4SPD16_eabi.lib</file>
         <name>memcpy_t2.asm.obj</name>
      </input_file>
      <input_file id="fl-ce">
         <path>/home/satish/ti/ccs920/ccs/tools/compiler/ti-cgt-arm_18.12.3.LTS/lib/</path>
         <kind>archive</kind>
         <file>rtsv7M4_T_le_v4SPD16_eabi.lib</file>
         <name>copy_zero_init.c.obj</name>
      </input_file>
      <input_file id="fl-cf">
         <path>/home/satish/ti/ccs920/ccs/tools/compiler/ti-cgt-arm_18.12.3.LTS/lib/</path>
         <kind>archive</kind>
         <file>rtsv7M4_T_le_v4SPD16_eabi.lib</file>
         <name>copy_decompress_none.c.obj</name>
      </input_file>
      <input_file id="fl-d0">
         <path>/home/satish/ti/ccs920/ccs/tools/compiler/ti-cgt-arm_18.12.3.LTS/lib/</path>
         <kind>archive</kind>
         <file>rtsv7M4_T_le_v4SPD16_eabi.lib</file>
         <name>copy_decompress_lzss.c.obj</name>
      </input_file>
      <input_file id="fl-d1">
         <path>/home/satish/ti/ccs920/ccs/tools/compiler/ti-cgt-arm_18.12.3.LTS/lib/</path>
         <kind>archive</kind>
         <file>rtsv7M4_T_le_v4SPD16_eabi.lib</file>
         <name>exit.c.obj</name>
      </input_file>
      <input_file id="fl-d2">
         <path>/home/satish/ti/ccs920/ccs/tools/compiler/ti-cgt-arm_18.12.3.LTS/lib/</path>
         <kind>archive</kind>
         <file>rtsv7M4_T_le_v4SPD16_eabi.lib</file>
         <name>_lock.c.obj</name>
      </input_file>
      <input_file id="fl-d3">
         <path>/home/satish/ti/ccs920/ccs/tools/compiler/ti-cgt-arm_18.12.3.LTS/lib/</path>
         <kind>archive</kind>
         <file>rtsv7M4_T_le_v4SPD16_eabi.lib</file>
         <name>atoi.c.obj</name>
      </input_file>
      <input_file id="fl-d4">
         <path>/home/satish/ti/ccs920/ccs/tools/compiler/ti-cgt-arm_18.12.3.LTS/lib/</path>
         <kind>archive</kind>
         <file>rtsv7M4_T_le_v4SPD16_eabi.lib</file>
         <name>ctype.c.obj</name>
      </input_file>
      <input_file id="fl-d5">
         <path>/home/satish/ti/ccs920/ccs/tools/compiler/ti-cgt-arm_18.12.3.LTS/lib/</path>
         <kind>archive</kind>
         <file>rtsv7M4_T_le_v4SPD16_eabi.lib</file>
         <name>defs.c.obj</name>
      </input_file>
      <input_file id="fl-d6">
         <path>/home/satish/ti/ccs920/ccs/tools/compiler/ti-cgt-arm_18.12.3.LTS/lib/</path>
         <kind>archive</kind>
         <file>rtsv7M4_T_le_v4SPD16_eabi.lib</file>
         <name>ltoa.c.obj</name>
      </input_file>
      <input_file id="fl-d7">
         <path>/home/satish/ti/ccs920/ccs/tools/compiler/ti-cgt-arm_18.12.3.LTS/lib/</path>
         <kind>archive</kind>
         <file>rtsv7M4_T_le_v4SPD16_eabi.lib</file>
         <name>memccpy.c.obj</name>
      </input_file>
      <input_file id="fl-d8">
         <path>/home/satish/ti/ccs920/ccs/tools/compiler/ti-cgt-arm_18.12.3.LTS/lib/</path>
         <kind>archive</kind>
         <file>rtsv7M4_T_le_v4SPD16_eabi.lib</file>
         <name>memchr.c.obj</name>
      </input_file>
      <input_file id="fl-d9">
         <path>/home/satish/ti/ccs920/ccs/tools/compiler/ti-cgt-arm_18.12.3.LTS/lib/</path>
         <kind>archive</kind>
         <file>rtsv7M4_T_le_v4SPD16_eabi.lib</file>
         <name>memory.c.obj</name>
      </input_file>
      <input_file id="fl-da">
         <path>/home/satish/ti/ccs920/ccs/tools/compiler/ti-cgt-arm_18.12.3.LTS/lib/</path>
         <kind>archive</kind>
         <file>rtsv7M4_T_le_v4SPD16_eabi.lib</file>
         <name>strchr.c.obj</name>
      </input_file>
      <input_file id="fl-db">
         <path>/home/satish/ti/ccs920/ccs/tools/compiler/ti-cgt-arm_18.12.3.LTS/lib/</path>
         <kind>archive</kind>
         <file>rtsv7M4_T_le_v4SPD16_eabi.lib</file>
         <name>strlen.c.obj</name>
      </input_file>
      <input_file id="fl-dc">
         <path>/home/satish/ti/ccs920/ccs/tools/compiler/ti-cgt-arm_18.12.3.LTS/lib/</path>
         <kind>archive</kind>
         <file>rtsv7M4_T_le_v4SPD16_eabi.lib</file>
         <name>errno.c.obj</name>
      </input_file>
      <input_file id="fl-dd">
         <path>/home/satish/ti/ccs920/ccs/tools/compiler/ti-cgt-arm_18.12.3.LTS/lib/</path>
         <kind>archive</kind>
         <file>rtsv7M4_T_le_v4SPD16_eabi.lib</file>
         <name>write.c.obj</name>
      </input_file>
      <input_file id="fl-de">
         <path>/home/satish/ti/ccs920/ccs/tools/compiler/ti-cgt-arm_18.12.3.LTS/lib/</path>
         <kind>archive</kind>
         <file>rtsv7M4_T_le_v4SPD16_eabi.lib</file>
         <name>host_device.c.obj</name>
      </input_file>
      <input_file id="fl-df">
         <path>/home/satish/ti/ccs920/ccs/tools/compiler/ti-cgt-arm_18.12.3.LTS/lib/</path>
         <kind>archive</kind>
         <file>rtsv7M4_T_le_v4SPD16_eabi.lib</file>
         <name>boot_cortex_m.c.obj</name>
      </input_file>
      <input_file id="fl-e0">
         <path>/home/satish/ti/ccs920/ccs/tools/compiler/ti-cgt-arm_18.12.3.LTS/lib/</path>
         <kind>archive</kind>
         <file>rtsv7M4_T_le_v4SPD16_eabi.lib</file>
         <name>s_frexp.c.obj</name>
      </input_file>
      <input_file id="fl-e1">
         <path>/home/satish/ti/ccs920/ccs/tools/compiler/ti-cgt-arm_18.12.3.LTS/lib/</path>
         <kind>archive</kind>
         <file>rtsv7M4_T_le_v4SPD16_eabi.lib</file>
         <name>s_scalbn.c.obj</name>
      </input_file>
      <input_file id="fl-e2">
         <path>/home/satish/ti/ccs920/ccs/tools/compiler/ti-cgt-arm_18.12.3.LTS/lib/</path>
         <kind>archive</kind>
         <file>rtsv7M4_T_le_v4SPD16_eabi.lib</file>
         <name>fflush.c.obj</name>
      </input_file>
      <input_file id="fl-e3">
         <path>/home/satish/ti/ccs920/ccs/tools/compiler/ti-cgt-arm_18.12.3.LTS/lib/</path>
         <kind>archive</kind>
         <file>rtsv7M4_T_le_v4SPD16_eabi.lib</file>
         <name>fopen.c.obj</name>
      </input_file>
      <input_file id="fl-e4">
         <path>/home/satish/ti/ccs920/ccs/tools/compiler/ti-cgt-arm_18.12.3.LTS/lib/</path>
         <kind>archive</kind>
         <file>rtsv7M4_T_le_v4SPD16_eabi.lib</file>
         <name>fseek.c.obj</name>
      </input_file>
      <input_file id="fl-e5">
         <path>/home/satish/ti/ccs920/ccs/tools/compiler/ti-cgt-arm_18.12.3.LTS/lib/</path>
         <kind>archive</kind>
         <file>rtsv7M4_T_le_v4SPD16_eabi.lib</file>
         <name>div0.asm.obj</name>
      </input_file>
      <input_file id="fl-e6">
         <path>/home/satish/ti/ccs920/ccs/tools/compiler/ti-cgt-arm_18.12.3.LTS/lib/</path>
         <kind>archive</kind>
         <file>rtsv7M4_T_le_v4SPD16_eabi.lib</file>
         <name>autoinit.c.obj</name>
      </input_file>
      <input_file id="fl-e7">
         <path>/home/satish/ti/ccs920/ccs/tools/compiler/ti-cgt-arm_18.12.3.LTS/lib/</path>
         <kind>archive</kind>
         <file>rtsv7M4_T_le_v4SPD16_eabi.lib</file>
         <name>pre_init.c.obj</name>
      </input_file>
      <input_file id="fl-e8">
         <path>/home/satish/ti/ccs920/ccs/tools/compiler/ti-cgt-arm_18.12.3.LTS/lib/</path>
         <kind>archive</kind>
         <file>rtsv7M4_T_le_v4SPD16_eabi.lib</file>
         <name>cpy_tbl.c.obj</name>
      </input_file>
      <input_file id="fl-e9">
         <path>/home/satish/ti/ccs920/ccs/tools/compiler/ti-cgt-arm_18.12.3.LTS/lib/</path>
         <kind>archive</kind>
         <file>rtsv7M4_T_le_v4SPD16_eabi.lib</file>
         <name>args_main.c.obj</name>
      </input_file>
      <input_file id="fl-ea">
         <path>/home/satish/ti/ccs920/ccs/tools/compiler/ti-cgt-arm_18.12.3.LTS/lib/</path>
         <kind>archive</kind>
         <file>rtsv7M4_T_le_v4SPD16_eabi.lib</file>
         <name>hostclose.c.obj</name>
      </input_file>
      <input_file id="fl-eb">
         <path>/home/satish/ti/ccs920/ccs/tools/compiler/ti-cgt-arm_18.12.3.LTS/lib/</path>
         <kind>archive</kind>
         <file>rtsv7M4_T_le_v4SPD16_eabi.lib</file>
         <name>hostlseek.c.obj</name>
      </input_file>
      <input_file id="fl-ec">
         <path>/home/satish/ti/ccs920/ccs/tools/compiler/ti-cgt-arm_18.12.3.LTS/lib/</path>
         <kind>archive</kind>
         <file>rtsv7M4_T_le_v4SPD16_eabi.lib</file>
         <name>hostopen.c.obj</name>
      </input_file>
      <input_file id="fl-ed">
         <path>/home/satish/ti/ccs920/ccs/tools/compiler/ti-cgt-arm_18.12.3.LTS/lib/</path>
         <kind>archive</kind>
         <file>rtsv7M4_T_le_v4SPD16_eabi.lib</file>
         <name>hostread.c.obj</name>
      </input_file>
      <input_file id="fl-ee">
         <path>/home/satish/ti/ccs920/ccs/tools/compiler/ti-cgt-arm_18.12.3.LTS/lib/</path>
         <kind>archive</kind>
         <file>rtsv7M4_T_le_v4SPD16_eabi.lib</file>
         <name>hostrename.c.obj</name>
      </input_file>
      <input_file id="fl-ef">
         <path>/home/satish/ti/ccs920/ccs/tools/compiler/ti-cgt-arm_18.12.3.LTS/lib/</path>
         <kind>archive</kind>
         <file>rtsv7M4_T_le_v4SPD16_eabi.lib</file>
         <name>hostunlink.c.obj</name>
      </input_file>
      <input_file id="fl-f0">
         <path>/home/satish/ti/ccs920/ccs/tools/compiler/ti-cgt-arm_18.12.3.LTS/lib/</path>
         <kind>archive</kind>
         <file>rtsv7M4_T_le_v4SPD16_eabi.lib</file>
         <name>hostwrite.c.obj</name>
      </input_file>
      <input_file id="fl-f1">
         <path>/home/satish/ti/ccs920/ccs/tools/compiler/ti-cgt-arm_18.12.3.LTS/lib/</path>
         <kind>archive</kind>
         <file>rtsv7M4_T_le_v4SPD16_eabi.lib</file>
         <name>trgmsg.c.obj</name>
      </input_file>
      <input_file id="fl-f2">
         <path>/home/satish/ti/ccs920/ccs/tools/compiler/ti-cgt-arm_18.12.3.LTS/lib/</path>
         <kind>archive</kind>
         <file>rtsv7M4_T_le_v4SPD16_eabi.lib</file>
         <name>open.c.obj</name>
      </input_file>
      <input_file id="fl-f3">
         <path>/home/satish/ti/ccs920/ccs/tools/compiler/ti-cgt-arm_18.12.3.LTS/lib/</path>
         <kind>archive</kind>
         <file>rtsv7M4_T_le_v4SPD16_eabi.lib</file>
         <name>lseek.c.obj</name>
      </input_file>
      <input_file id="fl-f4">
         <path>/home/satish/ti/ccs920/ccs/tools/compiler/ti-cgt-arm_18.12.3.LTS/lib/</path>
         <kind>archive</kind>
         <file>rtsv7M4_T_le_v4SPD16_eabi.lib</file>
         <name>s_copysign.c.obj</name>
      </input_file>
      <input_file id="fl-f5">
         <path>/home/satish/ti/ccs920/ccs/tools/compiler/ti-cgt-arm_18.12.3.LTS/lib/</path>
         <kind>archive</kind>
         <file>rtsv7M4_T_le_v4SPD16_eabi.lib</file>
         <name>fclose.c.obj</name>
      </input_file>
      <input_file id="fl-f6">
         <path>/home/satish/ti/ccs920/ccs/tools/compiler/ti-cgt-arm_18.12.3.LTS/lib/</path>
         <kind>archive</kind>
         <file>rtsv7M4_T_le_v4SPD16_eabi.lib</file>
         <name>getdevice.c.obj</name>
      </input_file>
      <input_file id="fl-f7">
         <path>/home/satish/ti/ccs920/ccs/tools/compiler/ti-cgt-arm_18.12.3.LTS/lib/</path>
         <kind>archive</kind>
         <file>rtsv7M4_T_le_v4SPD16_eabi.lib</file>
         <name>strcmp.c.obj</name>
      </input_file>
      <input_file id="fl-f8">
         <path>/home/satish/ti/ccs920/ccs/tools/compiler/ti-cgt-arm_18.12.3.LTS/lib/</path>
         <kind>archive</kind>
         <file>rtsv7M4_T_le_v4SPD16_eabi.lib</file>
         <name>strcpy.c.obj</name>
      </input_file>
      <input_file id="fl-f9">
         <path>/home/satish/ti/ccs920/ccs/tools/compiler/ti-cgt-arm_18.12.3.LTS/lib/</path>
         <kind>archive</kind>
         <file>rtsv7M4_T_le_v4SPD16_eabi.lib</file>
         <name>strncpy.c.obj</name>
      </input_file>
      <input_file id="fl-fa">
         <path>/home/satish/ti/ccs920/ccs/tools/compiler/ti-cgt-arm_18.12.3.LTS/lib/</path>
         <kind>archive</kind>
         <file>rtsv7M4_T_le_v4SPD16_eabi.lib</file>
         <name>remove.c.obj</name>
      </input_file>
      <input_file id="fl-fb">
         <path>/home/satish/ti/ccs920/ccs/tools/compiler/ti-cgt-arm_18.12.3.LTS/lib/</path>
         <kind>archive</kind>
         <file>rtsv7M4_T_le_v4SPD16_eabi.lib</file>
         <name>close.c.obj</name>
      </input_file>
      <input_file id="fl-fc">
         <path>/home/satish/ti/ccs920/ccs/tools/compiler/ti-cgt-arm_18.12.3.LTS/lib/</path>
         <kind>archive</kind>
         <file>rtsv7M4_T_le_v4SPD16_eabi.lib</file>
         <name>unlink.c.obj</name>
      </input_file>
   </input_file_list>
   <object_component_list>
      <object_component id="oc-f">
         <name>.intvecs</name>
         <load_address>0x0</load_address>
         <run_address>0x0</run_address>
         <size>0x26c</size>
         <input_file_ref idref="fl-2"/>
      </object_component>
      <object_component id="oc-d0">
         <name>.text:__TI_printfi</name>
         <load_address>0x26c</load_address>
         <run_address>0x26c</run_address>
         <size>0xa4e</size>
         <input_file_ref idref="fl-bf"/>
      </object_component>
      <object_component id="oc-1a6">
         <name>.text:_nop</name>
         <load_address>0xcba</load_address>
         <run_address>0xcba</run_address>
         <size>0x2</size>
         <input_file_ref idref="fl-d2"/>
      </object_component>
      <object_component id="oc-182">
         <name>.text:_pconv_a</name>
         <load_address>0xcbc</load_address>
         <run_address>0xcbc</run_address>
         <size>0x270</size>
         <input_file_ref idref="fl-bf"/>
      </object_component>
      <object_component id="oc-170">
         <name>.text:_pconv_g</name>
         <load_address>0xf2c</load_address>
         <run_address>0xf2c</run_address>
         <size>0x1d0</size>
         <input_file_ref idref="fl-bf"/>
      </object_component>
      <object_component id="oc-21f">
         <name>.text</name>
         <load_address>0x10fc</load_address>
         <run_address>0x10fc</run_address>
         <size>0x1b6</size>
         <input_file_ref idref="fl-c7"/>
      </object_component>
      <object_component id="oc-2b4">
         <name>.text</name>
         <load_address>0x12b2</load_address>
         <run_address>0x12b2</run_address>
         <size>0x2</size>
         <input_file_ref idref="fl-e5"/>
      </object_component>
      <object_component id="oc-17c">
         <name>.text:_pconv_e</name>
         <load_address>0x12b4</load_address>
         <run_address>0x12b4</run_address>
         <size>0x13c</size>
         <input_file_ref idref="fl-bf"/>
      </object_component>
      <object_component id="oc-205">
         <name>.text</name>
         <load_address>0x13f0</load_address>
         <run_address>0x13f0</run_address>
         <size>0x136</size>
         <input_file_ref idref="fl-c9"/>
      </object_component>
      <object_component id="oc-231">
         <name>.text:fcvt</name>
         <load_address>0x1528</load_address>
         <run_address>0x1528</run_address>
         <size>0x124</size>
         <input_file_ref idref="fl-bf"/>
      </object_component>
      <object_component id="oc-114">
         <name>.text</name>
         <load_address>0x164c</load_address>
         <run_address>0x164c</run_address>
         <size>0x124</size>
         <input_file_ref idref="fl-3"/>
      </object_component>
      <object_component id="oc-1b4">
         <name>.text:fputs</name>
         <load_address>0x1770</load_address>
         <run_address>0x1770</run_address>
         <size>0x114</size>
         <input_file_ref idref="fl-c1"/>
      </object_component>
      <object_component id="oc-245">
         <name>.text:scalbn</name>
         <load_address>0x1884</load_address>
         <run_address>0x1884</run_address>
         <size>0x110</size>
         <input_file_ref idref="fl-e1"/>
      </object_component>
      <object_component id="oc-200">
         <name>.text</name>
         <load_address>0x1994</load_address>
         <run_address>0x1994</run_address>
         <size>0xfc</size>
         <input_file_ref idref="fl-ca"/>
      </object_component>
      <object_component id="oc-36b">
         <name>.text:aligned_alloc</name>
         <load_address>0x1a90</load_address>
         <run_address>0x1a90</run_address>
         <size>0xf4</size>
         <input_file_ref idref="fl-d9"/>
      </object_component>
      <object_component id="oc-329">
         <name>.text:free</name>
         <load_address>0x1b84</load_address>
         <run_address>0x1b84</run_address>
         <size>0xe8</size>
         <input_file_ref idref="fl-d9"/>
      </object_component>
      <object_component id="oc-2ef">
         <name>.text:setvbuf</name>
         <load_address>0x1c6c</load_address>
         <run_address>0x1c6c</run_address>
         <size>0xdc</size>
         <input_file_ref idref="fl-c3"/>
      </object_component>
      <object_component id="oc-165">
         <name>.text:_ltostr</name>
         <load_address>0x1d48</load_address>
         <run_address>0x1d48</run_address>
         <size>0xb1</size>
         <input_file_ref idref="fl-bf"/>
      </object_component>
      <object_component id="oc-10e">
         <name>.text</name>
         <load_address>0x1dfc</load_address>
         <run_address>0x1dfc</run_address>
         <size>0xa8</size>
         <input_file_ref idref="fl-4"/>
      </object_component>
      <object_component id="oc-42">
         <name>.text</name>
         <load_address>0x1ea4</load_address>
         <run_address>0x1ea4</run_address>
         <size>0x9c</size>
         <input_file_ref idref="fl-cd"/>
      </object_component>
      <object_component id="oc-1f9">
         <name>.text</name>
         <load_address>0x1f40</load_address>
         <run_address>0x1f40</run_address>
         <size>0x96</size>
         <input_file_ref idref="fl-c5"/>
      </object_component>
      <object_component id="oc-1bb">
         <name>.text:fputc</name>
         <load_address>0x1fd8</load_address>
         <run_address>0x1fd8</run_address>
         <size>0x8c</size>
         <input_file_ref idref="fl-c0"/>
      </object_component>
      <object_component id="oc-16b">
         <name>.text:__aeabi_cdcmple</name>
         <load_address>0x2064</load_address>
         <run_address>0x2064</run_address>
         <size>0x86</size>
         <input_file_ref idref="fl-c8"/>
      </object_component>
      <object_component id="oc-20a">
         <name>.text:__aeabi_cdrcmple</name>
         <load_address>0x20ea</load_address>
         <run_address>0x20ea</run_address>
         <size>0x86</size>
         <input_file_ref idref="fl-c8"/>
      </object_component>
      <object_component id="oc-3b3">
         <name>.text:split</name>
         <load_address>0x2170</load_address>
         <run_address>0x2170</run_address>
         <size>0x7c</size>
         <input_file_ref idref="fl-d9"/>
      </object_component>
      <object_component id="oc-a6">
         <name>.text</name>
         <load_address>0x21ec</load_address>
         <run_address>0x21ec</run_address>
         <size>0x7a</size>
         <input_file_ref idref="fl-c6"/>
      </object_component>
      <object_component id="oc-372">
         <name>.text:__TI_closefile</name>
         <load_address>0x2268</load_address>
         <run_address>0x2268</run_address>
         <size>0x74</size>
         <input_file_ref idref="fl-f5"/>
      </object_component>
      <object_component id="oc-22a">
         <name>.text:_mcpy</name>
         <load_address>0x22dc</load_address>
         <run_address>0x22dc</run_address>
         <size>0x6e</size>
         <input_file_ref idref="fl-bf"/>
      </object_component>
      <object_component id="oc-3a2">
         <name>.text:HOSTrename</name>
         <load_address>0x234c</load_address>
         <run_address>0x234c</run_address>
         <size>0x6c</size>
         <input_file_ref idref="fl-ee"/>
      </object_component>
      <object_component id="oc-396">
         <name>.text:HOSTlseek</name>
         <load_address>0x23b8</load_address>
         <run_address>0x23b8</run_address>
         <size>0x68</size>
         <input_file_ref idref="fl-eb"/>
      </object_component>
      <object_component id="oc-12">
         <name>.text:decompress:lzss:__TI_decompress_lzss</name>
         <load_address>0x2420</load_address>
         <run_address>0x2420</run_address>
         <size>0x68</size>
         <input_file_ref idref="fl-d0"/>
      </object_component>
      <object_component id="oc-79">
         <name>.text:printf</name>
         <load_address>0x2488</load_address>
         <run_address>0x2488</run_address>
         <size>0x68</size>
         <input_file_ref idref="fl-be"/>
      </object_component>
      <object_component id="oc-23f">
         <name>.text:frexp</name>
         <load_address>0x24f0</load_address>
         <run_address>0x24f0</run_address>
         <size>0x64</size>
         <input_file_ref idref="fl-e0"/>
      </object_component>
      <object_component id="oc-2e9">
         <name>.text:fseek</name>
         <load_address>0x2554</load_address>
         <run_address>0x2554</run_address>
         <size>0x64</size>
         <input_file_ref idref="fl-e4"/>
      </object_component>
      <object_component id="oc-276">
         <name>.text:__TI_wrt_ok</name>
         <load_address>0x25b8</load_address>
         <run_address>0x25b8</run_address>
         <size>0x62</size>
         <input_file_ref idref="fl-c2"/>
      </object_component>
      <object_component id="oc-37e">
         <name>.text:HOSTopen</name>
         <load_address>0x261c</load_address>
         <run_address>0x261c</run_address>
         <size>0x60</size>
         <input_file_ref idref="fl-ec"/>
      </object_component>
      <object_component id="oc-3ba">
         <name>.text:close</name>
         <load_address>0x267c</load_address>
         <run_address>0x267c</run_address>
         <size>0x5c</size>
         <input_file_ref idref="fl-fb"/>
      </object_component>
      <object_component id="oc-38a">
         <name>.text:HOSTread</name>
         <load_address>0x26d8</load_address>
         <run_address>0x26d8</run_address>
         <size>0x58</size>
         <input_file_ref idref="fl-ed"/>
      </object_component>
      <object_component id="oc-390">
         <name>.text:HOSTwrite</name>
         <load_address>0x2730</load_address>
         <run_address>0x2730</run_address>
         <size>0x58</size>
         <input_file_ref idref="fl-f0"/>
      </object_component>
      <object_component id="oc-176">
         <name>.text:_pconv_f</name>
         <load_address>0x2788</load_address>
         <run_address>0x2788</run_address>
         <size>0x56</size>
         <input_file_ref idref="fl-bf"/>
      </object_component>
      <object_component id="oc-214">
         <name>.text:ltoa</name>
         <load_address>0x27de</load_address>
         <run_address>0x27de</run_address>
         <size>0x54</size>
         <input_file_ref idref="fl-d6"/>
      </object_component>
      <object_component id="oc-224">
         <name>.text:_ecpy</name>
         <load_address>0x2832</load_address>
         <run_address>0x2832</run_address>
         <size>0x52</size>
         <input_file_ref idref="fl-bf"/>
      </object_component>
      <object_component id="oc-282">
         <name>.text:__TI_doflush</name>
         <load_address>0x2884</load_address>
         <run_address>0x2884</run_address>
         <size>0x4c</size>
         <input_file_ref idref="fl-e2"/>
      </object_component>
      <object_component id="oc-15f">
         <name>.text:atoi</name>
         <load_address>0x28d0</load_address>
         <run_address>0x28d0</run_address>
         <size>0x4c</size>
         <input_file_ref idref="fl-d3"/>
      </object_component>
      <object_component id="oc-121">
         <name>.text:exit</name>
         <load_address>0x291c</load_address>
         <run_address>0x291c</run_address>
         <size>0x48</size>
         <input_file_ref idref="fl-d1"/>
      </object_component>
      <object_component id="oc-20f">
         <name>.text</name>
         <load_address>0x2964</load_address>
         <run_address>0x2964</run_address>
         <size>0x48</size>
         <input_file_ref idref="fl-cb"/>
      </object_component>
      <object_component id="oc-384">
         <name>.text:HOSTclose</name>
         <load_address>0x29ac</load_address>
         <run_address>0x29ac</run_address>
         <size>0x44</size>
         <input_file_ref idref="fl-ea"/>
      </object_component>
      <object_component id="oc-39c">
         <name>.text:HOSTunlink</name>
         <load_address>0x29f0</load_address>
         <run_address>0x29f0</run_address>
         <size>0x44</size>
         <input_file_ref idref="fl-ef"/>
      </object_component>
      <object_component id="oc-127">
         <name>.text:__TI_auto_init_nobinit_nopinit:__TI_auto_init_nobinit_nopinit</name>
         <load_address>0x2a34</load_address>
         <run_address>0x2a34</run_address>
         <size>0x44</size>
         <input_file_ref idref="fl-e6"/>
      </object_component>
      <object_component id="oc-3f2">
         <name>.text:getdevice</name>
         <load_address>0x2a78</load_address>
         <run_address>0x2a78</run_address>
         <size>0x44</size>
         <input_file_ref idref="fl-f6"/>
      </object_component>
      <object_component id="oc-237">
         <name>.text:_fcpy</name>
         <load_address>0x2abc</load_address>
         <run_address>0x2abc</run_address>
         <size>0x3e</size>
         <input_file_ref idref="fl-bf"/>
      </object_component>
      <object_component id="oc-2d">
         <name>.text:os_tick_reset</name>
         <load_address>0x2afc</load_address>
         <run_address>0x2afc</run_address>
         <size>0x3c</size>
         <input_file_ref idref="fl-1"/>
      </object_component>
      <object_component id="oc-3cb">
         <name>.text:__TI_writemsg</name>
         <load_address>0x2b38</load_address>
         <run_address>0x2b38</run_address>
         <size>0x38</size>
         <input_file_ref idref="fl-f1"/>
      </object_component>
      <object_component id="oc-414">
         <name>.text:strncpy</name>
         <load_address>0x2b70</load_address>
         <run_address>0x2b70</run_address>
         <size>0x36</size>
         <input_file_ref idref="fl-f9"/>
      </object_component>
      <object_component id="oc-335">
         <name>.text:__TI_cleanup</name>
         <load_address>0x2ba8</load_address>
         <run_address>0x2ba8</run_address>
         <size>0x34</size>
         <input_file_ref idref="fl-e3"/>
      </object_component>
      <object_component id="oc-3d1">
         <name>.text:__TI_readmsg</name>
         <load_address>0x2bdc</load_address>
         <run_address>0x2bdc</run_address>
         <size>0x34</size>
         <input_file_ref idref="fl-f1"/>
      </object_component>
      <object_component id="oc-60">
         <name>.text:_c_int00_noargs:_c_int00_noargs</name>
         <load_address>0x2c10</load_address>
         <run_address>0x2c10</run_address>
         <size>0x34</size>
         <input_file_ref idref="fl-df"/>
      </object_component>
      <object_component id="oc-41a">
         <name>.text:finddevice</name>
         <load_address>0x2c44</load_address>
         <run_address>0x2c44</run_address>
         <size>0x30</size>
         <input_file_ref idref="fl-f6"/>
      </object_component>
      <object_component id="oc-21a">
         <name>.text</name>
         <load_address>0x2c74</load_address>
         <run_address>0x2c74</run_address>
         <size>0x2e</size>
         <input_file_ref idref="fl-cc"/>
      </object_component>
      <object_component id="oc-3c0">
         <name>.text:unlink</name>
         <load_address>0x2ca4</load_address>
         <run_address>0x2ca4</run_address>
         <size>0x2c</size>
         <input_file_ref idref="fl-fc"/>
      </object_component>
      <object_component id="oc-364">
         <name>.text:free_list_insert</name>
         <load_address>0x2cd0</load_address>
         <run_address>0x2cd0</run_address>
         <size>0x28</size>
         <input_file_ref idref="fl-d9"/>
      </object_component>
      <object_component id="oc-321">
         <name>.text:lseek</name>
         <load_address>0x2cf8</load_address>
         <run_address>0x2cf8</run_address>
         <size>0x28</size>
         <input_file_ref idref="fl-f3"/>
      </object_component>
      <object_component id="oc-288">
         <name>.text:write</name>
         <load_address>0x2d20</load_address>
         <run_address>0x2d20</run_address>
         <size>0x28</size>
         <input_file_ref idref="fl-dd"/>
      </object_component>
      <object_component id="oc-27c">
         <name>.text:memchr</name>
         <load_address>0x2d48</load_address>
         <run_address>0x2d48</run_address>
         <size>0x20</size>
         <input_file_ref idref="fl-d8"/>
      </object_component>
      <object_component id="oc-4e">
         <name>.text:decompress:ZI:__TI_zero_init_nomemset:__TI_zero_init_nomemset</name>
         <load_address>0x2d68</load_address>
         <run_address>0x2d68</run_address>
         <size>0x1c</size>
         <input_file_ref idref="fl-ce"/>
      </object_component>
      <object_component id="oc-35e">
         <name>.text:free_list_remove</name>
         <load_address>0x2d84</load_address>
         <run_address>0x2d84</run_address>
         <size>0x1c</size>
         <input_file_ref idref="fl-d9"/>
      </object_component>
      <object_component id="oc-188">
         <name>.text:memccpy</name>
         <load_address>0x2da0</load_address>
         <run_address>0x2da0</run_address>
         <size>0x1c</size>
         <input_file_ref idref="fl-d7"/>
      </object_component>
      <object_component id="oc-2cd">
         <name>.text:copysign</name>
         <load_address>0x2dbc</load_address>
         <run_address>0x2dbc</run_address>
         <size>0x1a</size>
         <input_file_ref idref="fl-f4"/>
      </object_component>
      <object_component id="oc-431">
         <name>.text:strcmp</name>
         <load_address>0x2dd6</load_address>
         <run_address>0x2dd6</run_address>
         <size>0x18</size>
         <input_file_ref idref="fl-f7"/>
      </object_component>
      <object_component id="oc-24b">
         <name>.text:strchr</name>
         <load_address>0x2dee</load_address>
         <run_address>0x2dee</run_address>
         <size>0x16</size>
         <input_file_ref idref="fl-da"/>
      </object_component>
      <object_component id="oc-3e5">
         <name>.text:strcpy</name>
         <load_address>0x2e04</load_address>
         <run_address>0x2e04</run_address>
         <size>0x14</size>
         <input_file_ref idref="fl-f8"/>
      </object_component>
      <object_component id="oc-159">
         <name>.text:strlen</name>
         <load_address>0x2e18</load_address>
         <run_address>0x2e18</run_address>
         <size>0x14</size>
         <input_file_ref idref="fl-db"/>
      </object_component>
      <object_component id="oc-18e">
         <name>.text:wcslen</name>
         <load_address>0x2e2c</load_address>
         <run_address>0x2e2c</run_address>
         <size>0x12</size>
         <input_file_ref idref="fl-c4"/>
      </object_component>
      <object_component id="oc-18">
         <name>.text:decompress:none:__TI_decompress_none</name>
         <load_address>0x2e3e</load_address>
         <run_address>0x2e3e</run_address>
         <size>0xe</size>
         <input_file_ref idref="fl-cf"/>
      </object_component>
      <object_component id="oc-b2">
         <name>.text</name>
         <load_address>0x2e4c</load_address>
         <run_address>0x2e4c</run_address>
         <size>0xe</size>
         <input_file_ref idref="fl-1"/>
      </object_component>
      <object_component id="oc-27">
         <name>.text</name>
         <load_address>0x2e5a</load_address>
         <run_address>0x2e5a</run_address>
         <size>0xc</size>
         <input_file_ref idref="fl-2"/>
      </object_component>
      <object_component id="oc-194">
         <name>.text:__aeabi_errno_addr</name>
         <load_address>0x2e68</load_address>
         <run_address>0x2e68</run_address>
         <size>0x8</size>
         <input_file_ref idref="fl-dc"/>
      </object_component>
      <object_component id="oc-32f">
         <name>.text:malloc</name>
         <load_address>0x2e70</load_address>
         <run_address>0x2e70</run_address>
         <size>0x8</size>
         <input_file_ref idref="fl-d9"/>
      </object_component>
      <object_component id="oc-e2">
         <name>.text:_outc</name>
         <load_address>0x2e78</load_address>
         <run_address>0x2e78</run_address>
         <size>0x4</size>
         <input_file_ref idref="fl-be"/>
      </object_component>
      <object_component id="oc-dc">
         <name>.text:_outs</name>
         <load_address>0x2e7c</load_address>
         <run_address>0x2e7c</run_address>
         <size>0x4</size>
         <input_file_ref idref="fl-be"/>
      </object_component>
      <object_component id="oc-ac">
         <name>.text:_system_pre_init</name>
         <load_address>0x2e80</load_address>
         <run_address>0x2e80</run_address>
         <size>0x4</size>
         <input_file_ref idref="fl-e7"/>
      </object_component>
      <object_component id="oc-11b">
         <name>.text:abort:abort</name>
         <load_address>0x2e84</load_address>
         <run_address>0x2e84</run_address>
         <size>0x4</size>
         <input_file_ref idref="fl-d1"/>
      </object_component>
      <object_component id="oc-1f4">
         <name>.const:.string:_ctypes_</name>
         <load_address>0x2e88</load_address>
         <run_address>0x2e88</run_address>
         <size>0x101</size>
         <input_file_ref idref="fl-d4"/>
      </object_component>
      <object_component id="oc-1cd">
         <name>.const:sch1</name>
         <load_address>0x2f8c</load_address>
         <run_address>0x2f8c</run_address>
         <size>0x28</size>
         <input_file_ref idref="fl-3"/>
      </object_component>
      <object_component id="oc-469">
         <name>.cinit..data.load</name>
         <load_address>0x2fb8</load_address>
         <run_address>0x2fb8</run_address>
         <size>0x6a</size>
      </object_component>
      <object_component id="oc-467">
         <name>__TI_handler_table</name>
         <load_address>0x3024</load_address>
         <run_address>0x3024</run_address>
         <size>0xc</size>
      </object_component>
      <object_component id="oc-46a">
         <name>.cinit..bss.load</name>
         <load_address>0x3030</load_address>
         <run_address>0x3030</run_address>
         <size>0x8</size>
      </object_component>
      <object_component id="oc-468">
         <name>__TI_cinit_table</name>
         <load_address>0x3038</load_address>
         <run_address>0x3038</run_address>
         <size>0x10</size>
      </object_component>
      <object_component id="oc-1d0">
         <name>.data:os_normal_task_count</name>
         <load_address>0x200003d4</load_address>
         <run_address>0x200003d4</run_address>
         <size>0xa</size>
         <input_file_ref idref="fl-3"/>
      </object_component>
      <object_component id="oc-7f">
         <name>.data</name>
         <load_address>0x200003f0</load_address>
         <run_address>0x200003f0</run_address>
         <size>0x5</size>
         <input_file_ref idref="fl-3"/>
      </object_component>
      <object_component id="oc-1d6">
         <name>.data:$O1$$</name>
         <load_address>0x200003c8</load_address>
         <run_address>0x200003c8</run_address>
         <size>0xc</size>
         <input_file_ref idref="fl-d1"/>
      </object_component>
      <object_component id="oc-d6">
         <name>.data:$O1$$</name>
         <load_address>0x200003e0</load_address>
         <run_address>0x200003e0</run_address>
         <size>0x8</size>
         <input_file_ref idref="fl-d2"/>
      </object_component>
      <object_component id="oc-d9">
         <name>.data:_ftable</name>
         <load_address>0x20000200</load_address>
         <run_address>0x20000200</run_address>
         <size>0xf0</size>
         <input_file_ref idref="fl-d5"/>
      </object_component>
      <object_component id="oc-378">
         <name>.data</name>
         <load_address>0x200003b8</load_address>
         <run_address>0x200003b8</run_address>
         <size>0x10</size>
         <input_file_ref idref="fl-d5"/>
      </object_component>
      <object_component id="oc-3ae">
         <name>.data:$O1$$</name>
         <load_address>0x200003e8</load_address>
         <run_address>0x200003e8</run_address>
         <size>0x8</size>
         <input_file_ref idref="fl-d9"/>
      </object_component>
      <object_component id="oc-25b">
         <name>.data</name>
         <load_address>0x200003f8</load_address>
         <run_address>0x200003f8</run_address>
         <size>0x4</size>
         <input_file_ref idref="fl-dc"/>
      </object_component>
      <object_component id="oc-348">
         <name>.data:_device</name>
         <load_address>0x200002f0</load_address>
         <run_address>0x200002f0</run_address>
         <size>0x78</size>
         <input_file_ref idref="fl-de"/>
      </object_component>
      <object_component id="oc-2fb">
         <name>.data:_stream</name>
         <load_address>0x20000368</load_address>
         <run_address>0x20000368</run_address>
         <size>0x50</size>
         <input_file_ref idref="fl-de"/>
      </object_component>
      <object_component id="oc-3fc">
         <name>.bss:_CIOBUF_</name>
         <uninitialized>true</uninitialized>
         <run_address>0x200003fc</run_address>
         <size>0x120</size>
         <input_file_ref idref="fl-f1"/>
      </object_component>
      <object_component id="oc-1d3">
         <name>.common:task_mask_p1</name>
         <uninitialized>true</uninitialized>
         <run_address>0x200005cc</run_address>
         <size>0x2</size>
      </object_component>
      <object_component id="oc-82">
         <name>.common:oscounterincrement_1ms</name>
         <uninitialized>true</uninitialized>
         <run_address>0x200005c8</run_address>
         <size>0x4</size>
      </object_component>
      <object_component id="oc-1cc">
         <name>.common:global_trigger</name>
         <uninitialized>true</uninitialized>
         <run_address>0x200005c4</run_address>
         <size>0x4</size>
      </object_component>
      <object_component id="oc-3c6">
         <name>.common:__TI_tmpnams</name>
         <uninitialized>true</uninitialized>
         <run_address>0x2000051c</run_address>
         <size>0xa0</size>
      </object_component>
      <object_component id="oc-3d7">
         <name>.common:parmbuf</name>
         <uninitialized>true</uninitialized>
         <run_address>0x200005bc</run_address>
         <size>0x8</size>
      </object_component>
      <object_component id="oc-21">
         <name>.sysmem</name>
         <uninitialized>true</uninitialized>
         <run_address>0x200005d0</run_address>
         <size>0x10</size>
         <input_file_ref idref="fl-d9"/>
      </object_component>
      <object_component id="oc-46c">
         <name>.sysmem</name>
         <uninitialized>true</uninitialized>
         <run_address>0x200005d0</run_address>
         <size>0x0</size>
      </object_component>
      <object_component id="oc-24">
         <name>.stack</name>
         <uninitialized>true</uninitialized>
         <run_address>0x20000000</run_address>
         <size>0x4</size>
         <input_file_ref idref="fl-df"/>
      </object_component>
      <object_component id="oc-46b">
         <name>.stack</name>
         <uninitialized>true</uninitialized>
         <run_address>0x20000000</run_address>
         <size>0x0</size>
      </object_component>
      <object_component id="oc-fd">
         <name>.debug_info</name>
         <load_address>0x0</load_address>
         <run_address>0x0</run_address>
         <size>0x32f</size>
         <input_file_ref idref="fl-1"/>
      </object_component>
      <object_component id="oc-2e">
         <name>.debug_info</name>
         <load_address>0x32f</load_address>
         <run_address>0x32f</run_address>
         <size>0x17c</size>
         <input_file_ref idref="fl-1"/>
      </object_component>
      <object_component id="oc-b3">
         <name>.debug_info</name>
         <load_address>0x4ab</load_address>
         <run_address>0x4ab</run_address>
         <size>0x11b</size>
         <input_file_ref idref="fl-1"/>
      </object_component>
      <object_component id="oc-f1">
         <name>.debug_info</name>
         <load_address>0x5c6</load_address>
         <run_address>0x5c6</run_address>
         <size>0x159</size>
         <input_file_ref idref="fl-1"/>
      </object_component>
      <object_component id="oc-87">
         <name>.debug_info</name>
         <load_address>0x71f</load_address>
         <run_address>0x71f</run_address>
         <size>0x26b</size>
         <input_file_ref idref="fl-1"/>
      </object_component>
      <object_component id="oc-3d">
         <name>.debug_info</name>
         <load_address>0x98a</load_address>
         <run_address>0x98a</run_address>
         <size>0x84</size>
         <input_file_ref idref="fl-1"/>
      </object_component>
      <object_component id="oc-f8">
         <name>.debug_info</name>
         <load_address>0xa0e</load_address>
         <run_address>0xa0e</run_address>
         <size>0x297</size>
         <input_file_ref idref="fl-1"/>
      </object_component>
      <object_component id="oc-8c">
         <name>.debug_info</name>
         <load_address>0xca5</load_address>
         <run_address>0xca5</run_address>
         <size>0xbb</size>
         <input_file_ref idref="fl-1"/>
      </object_component>
      <object_component id="oc-ea">
         <name>.debug_info</name>
         <load_address>0xd60</load_address>
         <run_address>0xd60</run_address>
         <size>0x2c</size>
         <input_file_ref idref="fl-1"/>
      </object_component>
      <object_component id="oc-36">
         <name>.debug_info</name>
         <load_address>0xd8c</load_address>
         <run_address>0xd8c</run_address>
         <size>0x351</size>
         <input_file_ref idref="fl-2"/>
      </object_component>
      <object_component id="oc-10">
         <name>.debug_info</name>
         <load_address>0x10dd</load_address>
         <run_address>0x10dd</run_address>
         <size>0xf3</size>
         <input_file_ref idref="fl-2"/>
      </object_component>
      <object_component id="oc-28">
         <name>.debug_info</name>
         <load_address>0x11d0</load_address>
         <run_address>0x11d0</run_address>
         <size>0x26f</size>
         <input_file_ref idref="fl-2"/>
      </object_component>
      <object_component id="oc-83">
         <name>.debug_info</name>
         <load_address>0x143f</load_address>
         <run_address>0x143f</run_address>
         <size>0x3fe</size>
         <input_file_ref idref="fl-3"/>
      </object_component>
      <object_component id="oc-1d1">
         <name>.debug_info</name>
         <load_address>0x183d</load_address>
         <run_address>0x183d</run_address>
         <size>0xf5</size>
         <input_file_ref idref="fl-3"/>
      </object_component>
      <object_component id="oc-80">
         <name>.debug_info</name>
         <load_address>0x1932</load_address>
         <run_address>0x1932</run_address>
         <size>0xfe</size>
         <input_file_ref idref="fl-3"/>
      </object_component>
      <object_component id="oc-1ce">
         <name>.debug_info</name>
         <load_address>0x1a30</load_address>
         <run_address>0x1a30</run_address>
         <size>0xd5</size>
         <input_file_ref idref="fl-3"/>
      </object_component>
      <object_component id="oc-115">
         <name>.debug_info</name>
         <load_address>0x1b05</load_address>
         <run_address>0x1b05</run_address>
         <size>0x3a6</size>
         <input_file_ref idref="fl-3"/>
      </object_component>
      <object_component id="oc-10f">
         <name>.debug_info</name>
         <load_address>0x1eab</load_address>
         <run_address>0x1eab</run_address>
         <size>0x3bf</size>
         <input_file_ref idref="fl-4"/>
      </object_component>
      <object_component id="oc-e9">
         <name>.debug_info</name>
         <load_address>0x226a</load_address>
         <run_address>0x226a</run_address>
         <size>0x3e6</size>
         <input_file_ref idref="fl-be"/>
      </object_component>
      <object_component id="oc-e3">
         <name>.debug_info</name>
         <load_address>0x2650</load_address>
         <run_address>0x2650</run_address>
         <size>0x158</size>
         <input_file_ref idref="fl-be"/>
      </object_component>
      <object_component id="oc-dd">
         <name>.debug_info</name>
         <load_address>0x27a8</load_address>
         <run_address>0x27a8</run_address>
         <size>0x167</size>
         <input_file_ref idref="fl-be"/>
      </object_component>
      <object_component id="oc-7a">
         <name>.debug_info</name>
         <load_address>0x290f</load_address>
         <run_address>0x290f</run_address>
         <size>0x1ad</size>
         <input_file_ref idref="fl-be"/>
      </object_component>
      <object_component id="oc-1c4">
         <name>.debug_info</name>
         <load_address>0x2abc</load_address>
         <run_address>0x2abc</run_address>
         <size>0xb2</size>
         <input_file_ref idref="fl-be"/>
      </object_component>
      <object_component id="oc-19b">
         <name>.debug_info</name>
         <load_address>0x2b6e</load_address>
         <run_address>0x2b6e</run_address>
         <size>0x57c</size>
         <input_file_ref idref="fl-bf"/>
      </object_component>
      <object_component id="oc-166">
         <name>.debug_info</name>
         <load_address>0x30ea</load_address>
         <run_address>0x30ea</run_address>
         <size>0x21f</size>
         <input_file_ref idref="fl-bf"/>
      </object_component>
      <object_component id="oc-225">
         <name>.debug_info</name>
         <load_address>0x3309</load_address>
         <run_address>0x3309</run_address>
         <size>0x1b4</size>
         <input_file_ref idref="fl-bf"/>
      </object_component>
      <object_component id="oc-22b">
         <name>.debug_info</name>
         <load_address>0x34bd</load_address>
         <run_address>0x34bd</run_address>
         <size>0x21c</size>
         <input_file_ref idref="fl-bf"/>
      </object_component>
      <object_component id="oc-171">
         <name>.debug_info</name>
         <load_address>0x36d9</load_address>
         <run_address>0x36d9</run_address>
         <size>0x3bc</size>
         <input_file_ref idref="fl-bf"/>
      </object_component>
      <object_component id="oc-232">
         <name>.debug_info</name>
         <load_address>0x3a95</load_address>
         <run_address>0x3a95</run_address>
         <size>0x306</size>
         <input_file_ref idref="fl-bf"/>
      </object_component>
      <object_component id="oc-238">
         <name>.debug_info</name>
         <load_address>0x3d9b</load_address>
         <run_address>0x3d9b</run_address>
         <size>0x216</size>
         <input_file_ref idref="fl-bf"/>
      </object_component>
      <object_component id="oc-177">
         <name>.debug_info</name>
         <load_address>0x3fb1</load_address>
         <run_address>0x3fb1</run_address>
         <size>0x216</size>
         <input_file_ref idref="fl-bf"/>
      </object_component>
      <object_component id="oc-17d">
         <name>.debug_info</name>
         <load_address>0x41c7</load_address>
         <run_address>0x41c7</run_address>
         <size>0x305</size>
         <input_file_ref idref="fl-bf"/>
      </object_component>
      <object_component id="oc-183">
         <name>.debug_info</name>
         <load_address>0x44cc</load_address>
         <run_address>0x44cc</run_address>
         <size>0x4b1</size>
         <input_file_ref idref="fl-bf"/>
      </object_component>
      <object_component id="oc-d1">
         <name>.debug_info</name>
         <load_address>0x497d</load_address>
         <run_address>0x497d</run_address>
         <size>0x5f5</size>
         <input_file_ref idref="fl-bf"/>
      </object_component>
      <object_component id="oc-19c">
         <name>.debug_info</name>
         <load_address>0x4f72</load_address>
         <run_address>0x4f72</run_address>
         <size>0x86</size>
         <input_file_ref idref="fl-bf"/>
      </object_component>
      <object_component id="oc-267">
         <name>.debug_info</name>
         <load_address>0x4ff8</load_address>
         <run_address>0x4ff8</run_address>
         <size>0x39</size>
         <input_file_ref idref="fl-bf"/>
      </object_component>
      <object_component id="oc-2e4">
         <name>.debug_info</name>
         <load_address>0x5031</load_address>
         <run_address>0x5031</run_address>
         <size>0xb6</size>
         <input_file_ref idref="fl-bf"/>
      </object_component>
      <object_component id="oc-26c">
         <name>.debug_info</name>
         <load_address>0x50e7</load_address>
         <run_address>0x50e7</run_address>
         <size>0x46</size>
         <input_file_ref idref="fl-bf"/>
      </object_component>
      <object_component id="oc-1a1">
         <name>.debug_info</name>
         <load_address>0x512d</load_address>
         <run_address>0x512d</run_address>
         <size>0x46</size>
         <input_file_ref idref="fl-bf"/>
      </object_component>
      <object_component id="oc-262">
         <name>.debug_info</name>
         <load_address>0x5173</load_address>
         <run_address>0x5173</run_address>
         <size>0x2c</size>
         <input_file_ref idref="fl-bf"/>
      </object_component>
      <object_component id="oc-291">
         <name>.debug_info</name>
         <load_address>0x519f</load_address>
         <run_address>0x519f</run_address>
         <size>0x384</size>
         <input_file_ref idref="fl-c0"/>
      </object_component>
      <object_component id="oc-1bc">
         <name>.debug_info</name>
         <load_address>0x5523</load_address>
         <run_address>0x5523</run_address>
         <size>0x1eb</size>
         <input_file_ref idref="fl-c0"/>
      </object_component>
      <object_component id="oc-28f">
         <name>.debug_info</name>
         <load_address>0x570e</load_address>
         <run_address>0x570e</run_address>
         <size>0x3fd</size>
         <input_file_ref idref="fl-c1"/>
      </object_component>
      <object_component id="oc-1b5">
         <name>.debug_info</name>
         <load_address>0x5b0b</load_address>
         <run_address>0x5b0b</run_address>
         <size>0x2e3</size>
         <input_file_ref idref="fl-c1"/>
      </object_component>
      <object_component id="oc-105">
         <name>.debug_info</name>
         <load_address>0x5dee</load_address>
         <run_address>0x5dee</run_address>
         <size>0x2c</size>
         <input_file_ref idref="fl-c1"/>
      </object_component>
      <object_component id="oc-2f6">
         <name>.debug_info</name>
         <load_address>0x5e1a</load_address>
         <run_address>0x5e1a</run_address>
         <size>0x301</size>
         <input_file_ref idref="fl-c2"/>
      </object_component>
      <object_component id="oc-277">
         <name>.debug_info</name>
         <load_address>0x611b</load_address>
         <run_address>0x611b</run_address>
         <size>0x19d</size>
         <input_file_ref idref="fl-c2"/>
      </object_component>
      <object_component id="oc-33d">
         <name>.debug_info</name>
         <load_address>0x62b8</load_address>
         <run_address>0x62b8</run_address>
         <size>0xbf</size>
         <input_file_ref idref="fl-c2"/>
      </object_component>
      <object_component id="oc-33c">
         <name>.debug_info</name>
         <load_address>0x6377</load_address>
         <run_address>0x6377</run_address>
         <size>0x375</size>
         <input_file_ref idref="fl-c3"/>
      </object_component>
      <object_component id="oc-2f0">
         <name>.debug_info</name>
         <load_address>0x66ec</load_address>
         <run_address>0x66ec</run_address>
         <size>0x20c</size>
         <input_file_ref idref="fl-c3"/>
      </object_component>
      <object_component id="oc-25a">
         <name>.debug_info</name>
         <load_address>0x68f8</load_address>
         <run_address>0x68f8</run_address>
         <size>0x290</size>
         <input_file_ref idref="fl-c4"/>
      </object_component>
      <object_component id="oc-18f">
         <name>.debug_info</name>
         <load_address>0x6b88</load_address>
         <run_address>0x6b88</run_address>
         <size>0x15b</size>
         <input_file_ref idref="fl-c4"/>
      </object_component>
      <object_component id="oc-2d9">
         <name>.debug_info</name>
         <load_address>0x6ce3</load_address>
         <run_address>0x6ce3</run_address>
         <size>0x46</size>
         <input_file_ref idref="fl-c4"/>
      </object_component>
      <object_component id="oc-255">
         <name>.debug_info</name>
         <load_address>0x6d29</load_address>
         <run_address>0x6d29</run_address>
         <size>0x39</size>
         <input_file_ref idref="fl-c4"/>
      </object_component>
      <object_component id="oc-1fa">
         <name>.debug_info</name>
         <load_address>0x6d62</load_address>
         <run_address>0x6d62</run_address>
         <size>0x135</size>
         <input_file_ref idref="fl-c5"/>
      </object_component>
      <object_component id="oc-a7">
         <name>.debug_info</name>
         <load_address>0x6e97</load_address>
         <run_address>0x6e97</run_address>
         <size>0x148</size>
         <input_file_ref idref="fl-c6"/>
      </object_component>
      <object_component id="oc-220">
         <name>.debug_info</name>
         <load_address>0x6fdf</load_address>
         <run_address>0x6fdf</run_address>
         <size>0x14d</size>
         <input_file_ref idref="fl-c7"/>
      </object_component>
      <object_component id="oc-16c">
         <name>.debug_info</name>
         <load_address>0x712c</load_address>
         <run_address>0x712c</run_address>
         <size>0x129</size>
         <input_file_ref idref="fl-c8"/>
      </object_component>
      <object_component id="oc-20b">
         <name>.debug_info</name>
         <load_address>0x7255</load_address>
         <run_address>0x7255</run_address>
         <size>0x12b</size>
         <input_file_ref idref="fl-c8"/>
      </object_component>
      <object_component id="oc-206">
         <name>.debug_info</name>
         <load_address>0x7380</load_address>
         <run_address>0x7380</run_address>
         <size>0x13b</size>
         <input_file_ref idref="fl-c9"/>
      </object_component>
      <object_component id="oc-201">
         <name>.debug_info</name>
         <load_address>0x74bb</load_address>
         <run_address>0x74bb</run_address>
         <size>0x13b</size>
         <input_file_ref idref="fl-ca"/>
      </object_component>
      <object_component id="oc-210">
         <name>.debug_info</name>
         <load_address>0x75f6</load_address>
         <run_address>0x75f6</run_address>
         <size>0x12f</size>
         <input_file_ref idref="fl-cb"/>
      </object_component>
      <object_component id="oc-21b">
         <name>.debug_info</name>
         <load_address>0x7725</load_address>
         <run_address>0x7725</run_address>
         <size>0x12d</size>
         <input_file_ref idref="fl-cc"/>
      </object_component>
      <object_component id="oc-43">
         <name>.debug_info</name>
         <load_address>0x7852</load_address>
         <run_address>0x7852</run_address>
         <size>0x11a</size>
         <input_file_ref idref="fl-cd"/>
      </object_component>
      <object_component id="oc-a5">
         <name>.debug_info</name>
         <load_address>0x796c</load_address>
         <run_address>0x796c</run_address>
         <size>0x2d5</size>
         <input_file_ref idref="fl-ce"/>
      </object_component>
      <object_component id="oc-4f">
         <name>.debug_info</name>
         <load_address>0x7c41</load_address>
         <run_address>0x7c41</run_address>
         <size>0x1d3</size>
         <input_file_ref idref="fl-ce"/>
      </object_component>
      <object_component id="oc-a0">
         <name>.debug_info</name>
         <load_address>0x7e14</load_address>
         <run_address>0x7e14</run_address>
         <size>0x46</size>
         <input_file_ref idref="fl-ce"/>
      </object_component>
      <object_component id="oc-4d">
         <name>.debug_info</name>
         <load_address>0x7e5a</load_address>
         <run_address>0x7e5a</run_address>
         <size>0x2a9</size>
         <input_file_ref idref="fl-cf"/>
      </object_component>
      <object_component id="oc-19">
         <name>.debug_info</name>
         <load_address>0x8103</load_address>
         <run_address>0x8103</run_address>
         <size>0x1eb</size>
         <input_file_ref idref="fl-cf"/>
      </object_component>
      <object_component id="oc-48">
         <name>.debug_info</name>
         <load_address>0x82ee</load_address>
         <run_address>0x82ee</run_address>
         <size>0x46</size>
         <input_file_ref idref="fl-cf"/>
      </object_component>
      <object_component id="oc-98">
         <name>.debug_info</name>
         <load_address>0x8334</load_address>
         <run_address>0x8334</run_address>
         <size>0x2c</size>
         <input_file_ref idref="fl-cf"/>
      </object_component>
      <object_component id="oc-96">
         <name>.debug_info</name>
         <load_address>0x8360</load_address>
         <run_address>0x8360</run_address>
         <size>0x29f</size>
         <input_file_ref idref="fl-d0"/>
      </object_component>
      <object_component id="oc-13">
         <name>.debug_info</name>
         <load_address>0x85ff</load_address>
         <run_address>0x85ff</run_address>
         <size>0x251</size>
         <input_file_ref idref="fl-d0"/>
      </object_component>
      <object_component id="oc-38">
         <name>.debug_info</name>
         <load_address>0x8850</load_address>
         <run_address>0x8850</run_address>
         <size>0x60</size>
         <input_file_ref idref="fl-d0"/>
      </object_component>
      <object_component id="oc-fe">
         <name>.debug_info</name>
         <load_address>0x88b0</load_address>
         <run_address>0x88b0</run_address>
         <size>0x46</size>
         <input_file_ref idref="fl-d0"/>
      </object_component>
      <object_component id="oc-91">
         <name>.debug_info</name>
         <load_address>0x88f6</load_address>
         <run_address>0x88f6</run_address>
         <size>0x39</size>
         <input_file_ref idref="fl-d0"/>
      </object_component>
      <object_component id="oc-1da">
         <name>.debug_info</name>
         <load_address>0x892f</load_address>
         <run_address>0x892f</run_address>
         <size>0x3ae</size>
         <input_file_ref idref="fl-d1"/>
      </object_component>
      <object_component id="oc-1d7">
         <name>.debug_info</name>
         <load_address>0x8cdd</load_address>
         <run_address>0x8cdd</run_address>
         <size>0x191</size>
         <input_file_ref idref="fl-d1"/>
      </object_component>
      <object_component id="oc-11c">
         <name>.debug_info</name>
         <load_address>0x8e6e</load_address>
         <run_address>0x8e6e</run_address>
         <size>0x123</size>
         <input_file_ref idref="fl-d1"/>
      </object_component>
      <object_component id="oc-122">
         <name>.debug_info</name>
         <load_address>0x8f91</load_address>
         <run_address>0x8f91</run_address>
         <size>0x185</size>
         <input_file_ref idref="fl-d1"/>
      </object_component>
      <object_component id="oc-1ae">
         <name>.debug_info</name>
         <load_address>0x9116</load_address>
         <run_address>0x9116</run_address>
         <size>0x2ca</size>
         <input_file_ref idref="fl-d2"/>
      </object_component>
      <object_component id="oc-d7">
         <name>.debug_info</name>
         <load_address>0x93e0</load_address>
         <run_address>0x93e0</run_address>
         <size>0x11f</size>
         <input_file_ref idref="fl-d2"/>
      </object_component>
      <object_component id="oc-1a7">
         <name>.debug_info</name>
         <load_address>0x94ff</load_address>
         <run_address>0x94ff</run_address>
         <size>0x12f</size>
         <input_file_ref idref="fl-d2"/>
      </object_component>
      <object_component id="oc-1f8">
         <name>.debug_info</name>
         <load_address>0x962e</load_address>
         <run_address>0x962e</run_address>
         <size>0x2ba</size>
         <input_file_ref idref="fl-d3"/>
      </object_component>
      <object_component id="oc-160">
         <name>.debug_info</name>
         <load_address>0x98e8</load_address>
         <run_address>0x98e8</run_address>
         <size>0x17d</size>
         <input_file_ref idref="fl-d3"/>
      </object_component>
      <object_component id="oc-2b1">
         <name>.debug_info</name>
         <load_address>0x9a65</load_address>
         <run_address>0x9a65</run_address>
         <size>0xfa</size>
         <input_file_ref idref="fl-d4"/>
      </object_component>
      <object_component id="oc-1f5">
         <name>.debug_info</name>
         <load_address>0x9b5f</load_address>
         <run_address>0x9b5f</run_address>
         <size>0x106</size>
         <input_file_ref idref="fl-d4"/>
      </object_component>
      <object_component id="oc-1b2">
         <name>.debug_info</name>
         <load_address>0x9c65</load_address>
         <run_address>0x9c65</run_address>
         <size>0x145</size>
         <input_file_ref idref="fl-d5"/>
      </object_component>
      <object_component id="oc-da">
         <name>.debug_info</name>
         <load_address>0x9daa</load_address>
         <run_address>0x9daa</run_address>
         <size>0x103</size>
         <input_file_ref idref="fl-d5"/>
      </object_component>
      <object_component id="oc-379">
         <name>.debug_info</name>
         <load_address>0x9ead</load_address>
         <run_address>0x9ead</run_address>
         <size>0x190</size>
         <input_file_ref idref="fl-d5"/>
      </object_component>
      <object_component id="oc-2bf">
         <name>.debug_info</name>
         <load_address>0xa03d</load_address>
         <run_address>0xa03d</run_address>
         <size>0x29c</size>
         <input_file_ref idref="fl-d6"/>
      </object_component>
      <object_component id="oc-215">
         <name>.debug_info</name>
         <load_address>0xa2d9</load_address>
         <run_address>0xa2d9</run_address>
         <size>0x1ce</size>
         <input_file_ref idref="fl-d6"/>
      </object_component>
      <object_component id="oc-253">
         <name>.debug_info</name>
         <load_address>0xa4a7</load_address>
         <run_address>0xa4a7</run_address>
         <size>0x297</size>
         <input_file_ref idref="fl-d7"/>
      </object_component>
      <object_component id="oc-189">
         <name>.debug_info</name>
         <load_address>0xa73e</load_address>
         <run_address>0xa73e</run_address>
         <size>0x1b7</size>
         <input_file_ref idref="fl-d7"/>
      </object_component>
      <object_component id="oc-2f8">
         <name>.debug_info</name>
         <load_address>0xa8f5</load_address>
         <run_address>0xa8f5</run_address>
         <size>0x2a6</size>
         <input_file_ref idref="fl-d8"/>
      </object_component>
      <object_component id="oc-27d">
         <name>.debug_info</name>
         <load_address>0xab9b</load_address>
         <run_address>0xab9b</run_address>
         <size>0x25e</size>
         <input_file_ref idref="fl-d8"/>
      </object_component>
      <object_component id="oc-74">
         <name>.debug_info</name>
         <load_address>0xadf9</load_address>
         <run_address>0xadf9</run_address>
         <size>0x3b3</size>
         <input_file_ref idref="fl-d9"/>
      </object_component>
      <object_component id="oc-22">
         <name>.debug_info</name>
         <load_address>0xb1ac</load_address>
         <run_address>0xb1ac</run_address>
         <size>0x10d</size>
         <input_file_ref idref="fl-d9"/>
      </object_component>
      <object_component id="oc-3af">
         <name>.debug_info</name>
         <load_address>0xb2b9</load_address>
         <run_address>0xb2b9</run_address>
         <size>0x140</size>
         <input_file_ref idref="fl-d9"/>
      </object_component>
      <object_component id="oc-330">
         <name>.debug_info</name>
         <load_address>0xb3f9</load_address>
         <run_address>0xb3f9</run_address>
         <size>0x169</size>
         <input_file_ref idref="fl-d9"/>
      </object_component>
      <object_component id="oc-35f">
         <name>.debug_info</name>
         <load_address>0xb562</load_address>
         <run_address>0xb562</run_address>
         <size>0x18f</size>
         <input_file_ref idref="fl-d9"/>
      </object_component>
      <object_component id="oc-365">
         <name>.debug_info</name>
         <load_address>0xb6f1</load_address>
         <run_address>0xb6f1</run_address>
         <size>0x1a0</size>
         <input_file_ref idref="fl-d9"/>
      </object_component>
      <object_component id="oc-32a">
         <name>.debug_info</name>
         <load_address>0xb891</load_address>
         <run_address>0xb891</run_address>
         <size>0x204</size>
         <input_file_ref idref="fl-d9"/>
      </object_component>
      <object_component id="oc-3b4">
         <name>.debug_info</name>
         <load_address>0xba95</load_address>
         <run_address>0xba95</run_address>
         <size>0x1dc</size>
         <input_file_ref idref="fl-d9"/>
      </object_component>
      <object_component id="oc-36c">
         <name>.debug_info</name>
         <load_address>0xbc71</load_address>
         <run_address>0xbc71</run_address>
         <size>0x29a</size>
         <input_file_ref idref="fl-d9"/>
      </object_component>
      <object_component id="oc-cb">
         <name>.debug_info</name>
         <load_address>0xbf0b</load_address>
         <run_address>0xbf0b</run_address>
         <size>0xb2</size>
         <input_file_ref idref="fl-d9"/>
      </object_component>
      <object_component id="oc-c6">
         <name>.debug_info</name>
         <load_address>0xbfbd</load_address>
         <run_address>0xbfbd</run_address>
         <size>0x2c</size>
         <input_file_ref idref="fl-d9"/>
      </object_component>
      <object_component id="oc-2d6">
         <name>.debug_info</name>
         <load_address>0xbfe9</load_address>
         <run_address>0xbfe9</run_address>
         <size>0x29b</size>
         <input_file_ref idref="fl-da"/>
      </object_component>
      <object_component id="oc-24c">
         <name>.debug_info</name>
         <load_address>0xc284</load_address>
         <run_address>0xc284</run_address>
         <size>0x263</size>
         <input_file_ref idref="fl-da"/>
      </object_component>
      <object_component id="oc-1f3">
         <name>.debug_info</name>
         <load_address>0xc4e7</load_address>
         <run_address>0xc4e7</run_address>
         <size>0x290</size>
         <input_file_ref idref="fl-db"/>
      </object_component>
      <object_component id="oc-15a">
         <name>.debug_info</name>
         <load_address>0xc777</load_address>
         <run_address>0xc777</run_address>
         <size>0x246</size>
         <input_file_ref idref="fl-db"/>
      </object_component>
      <object_component id="oc-25f">
         <name>.debug_info</name>
         <load_address>0xc9bd</load_address>
         <run_address>0xc9bd</run_address>
         <size>0x28a</size>
         <input_file_ref idref="fl-dc"/>
      </object_component>
      <object_component id="oc-25c">
         <name>.debug_info</name>
         <load_address>0xcc47</load_address>
         <run_address>0xcc47</run_address>
         <size>0x10f</size>
         <input_file_ref idref="fl-dc"/>
      </object_component>
      <object_component id="oc-195">
         <name>.debug_info</name>
         <load_address>0xcd56</load_address>
         <run_address>0xcd56</run_address>
         <size>0x14f</size>
         <input_file_ref idref="fl-dc"/>
      </object_component>
      <object_component id="oc-2ff">
         <name>.debug_info</name>
         <load_address>0xcea5</load_address>
         <run_address>0xcea5</run_address>
         <size>0x398</size>
         <input_file_ref idref="fl-dd"/>
      </object_component>
      <object_component id="oc-289">
         <name>.debug_info</name>
         <load_address>0xd23d</load_address>
         <run_address>0xd23d</run_address>
         <size>0x190</size>
         <input_file_ref idref="fl-dd"/>
      </object_component>
      <object_component id="oc-350">
         <name>.debug_info</name>
         <load_address>0xd3cd</load_address>
         <run_address>0xd3cd</run_address>
         <size>0x120</size>
         <input_file_ref idref="fl-dd"/>
      </object_component>
      <object_component id="oc-355">
         <name>.debug_info</name>
         <load_address>0xd4ed</load_address>
         <run_address>0xd4ed</run_address>
         <size>0x2c</size>
         <input_file_ref idref="fl-dd"/>
      </object_component>
      <object_component id="oc-34d">
         <name>.debug_info</name>
         <load_address>0xd519</load_address>
         <run_address>0xd519</run_address>
         <size>0x338</size>
         <input_file_ref idref="fl-de"/>
      </object_component>
      <object_component id="oc-349">
         <name>.debug_info</name>
         <load_address>0xd851</load_address>
         <run_address>0xd851</run_address>
         <size>0x10a</size>
         <input_file_ref idref="fl-de"/>
      </object_component>
      <object_component id="oc-2fc">
         <name>.debug_info</name>
         <load_address>0xd95b</load_address>
         <run_address>0xd95b</run_address>
         <size>0x10a</size>
         <input_file_ref idref="fl-de"/>
      </object_component>
      <object_component id="oc-25">
         <name>.debug_info</name>
         <load_address>0xda65</load_address>
         <run_address>0xda65</run_address>
         <size>0x10c</size>
         <input_file_ref idref="fl-df"/>
      </object_component>
      <object_component id="oc-61">
         <name>.debug_info</name>
         <load_address>0xdb71</load_address>
         <run_address>0xdb71</run_address>
         <size>0x1aa</size>
         <input_file_ref idref="fl-df"/>
      </object_component>
      <object_component id="oc-2c7">
         <name>.debug_info</name>
         <load_address>0xdd1b</load_address>
         <run_address>0xdd1b</run_address>
         <size>0x29b</size>
         <input_file_ref idref="fl-e0"/>
      </object_component>
      <object_component id="oc-240">
         <name>.debug_info</name>
         <load_address>0xdfb6</load_address>
         <run_address>0xdfb6</run_address>
         <size>0x196</size>
         <input_file_ref idref="fl-e0"/>
      </object_component>
      <object_component id="oc-317">
         <name>.debug_info</name>
         <load_address>0xe14c</load_address>
         <run_address>0xe14c</run_address>
         <size>0x39</size>
         <input_file_ref idref="fl-e0"/>
      </object_component>
      <object_component id="oc-2c8">
         <name>.debug_info</name>
         <load_address>0xe185</load_address>
         <run_address>0xe185</run_address>
         <size>0x2c</size>
         <input_file_ref idref="fl-e0"/>
      </object_component>
      <object_component id="oc-2d4">
         <name>.debug_info</name>
         <load_address>0xe1b1</load_address>
         <run_address>0xe1b1</run_address>
         <size>0x2fe</size>
         <input_file_ref idref="fl-e1"/>
      </object_component>
      <object_component id="oc-247">
         <name>.debug_info</name>
         <load_address>0xe4af</load_address>
         <run_address>0xe4af</run_address>
         <size>0x226</size>
         <input_file_ref idref="fl-e1"/>
      </object_component>
      <object_component id="oc-2fa">
         <name>.debug_info</name>
         <load_address>0xe6d5</load_address>
         <run_address>0xe6d5</run_address>
         <size>0x348</size>
         <input_file_ref idref="fl-e2"/>
      </object_component>
      <object_component id="oc-283">
         <name>.debug_info</name>
         <load_address>0xea1d</load_address>
         <run_address>0xea1d</run_address>
         <size>0x18b</size>
         <input_file_ref idref="fl-e2"/>
      </object_component>
      <object_component id="oc-337">
         <name>.debug_info</name>
         <load_address>0xeba8</load_address>
         <run_address>0xeba8</run_address>
         <size>0x177</size>
         <input_file_ref idref="fl-e3"/>
      </object_component>
      <object_component id="oc-328">
         <name>.debug_info</name>
         <load_address>0xed1f</load_address>
         <run_address>0xed1f</run_address>
         <size>0x325</size>
         <input_file_ref idref="fl-e4"/>
      </object_component>
      <object_component id="oc-2ea">
         <name>.debug_info</name>
         <load_address>0xf044</load_address>
         <run_address>0xf044</run_address>
         <size>0x1ed</size>
         <input_file_ref idref="fl-e4"/>
      </object_component>
      <object_component id="oc-2b5">
         <name>.debug_info</name>
         <load_address>0xf231</load_address>
         <run_address>0xf231</run_address>
         <size>0x116</size>
         <input_file_ref idref="fl-e5"/>
      </object_component>
      <object_component id="oc-1dd">
         <name>.debug_info</name>
         <load_address>0xf347</load_address>
         <run_address>0xf347</run_address>
         <size>0x4b4</size>
         <input_file_ref idref="fl-e6"/>
      </object_component>
      <object_component id="oc-128">
         <name>.debug_info</name>
         <load_address>0xf7fb</load_address>
         <run_address>0xf7fb</run_address>
         <size>0x1a7</size>
         <input_file_ref idref="fl-e6"/>
      </object_component>
      <object_component id="oc-29c">
         <name>.debug_info</name>
         <load_address>0xf9a2</load_address>
         <run_address>0xf9a2</run_address>
[...]
         <object_component_ref idref="oc-2d"/>
      </symbol>
      <symbol id="sm-5e">
         <name>main</name>
         <value>0x2e4d</value>
         <object_component_ref idref="oc-b2"/>
      </symbol>
      <symbol id="sm-7a">
         <name>ResetISR</name>
         <value>0x2e5b</value>
         <object_component_ref idref="oc-27"/>
      </symbol>
      <symbol id="sm-7b">
         <name>g_pfnVectors</name>
         <value>0x0</value>
         <object_component_ref idref="oc-f"/>
      </symbol>
      <symbol id="sm-b3">
         <name>task_mask_p1</name>
         <value>0x200005cc</value>
      </symbol>
      <symbol id="sm-b4">
         <name>oscounterincrement_1ms</name>
         <value>0x200005c8</value>
      </symbol>
      <symbol id="sm-b5">
         <name>global_trigger</name>
         <value>0x200005c4</value>
      </symbol>
      <symbol id="sm-b6">
         <name>counter_lock</name>
         <value>0x200003f0</value>
         <object_component_ref idref="oc-7f"/>
      </symbol>
      <symbol id="sm-b7">
         <name>system_register_initilize</name>
         <value>0x174f</value>
         <object_component_ref idref="oc-114"/>
      </symbol>
      <symbol id="sm-b8">
         <name>task_20ms</name>
         <value>0x170b</value>
         <object_component_ref idref="oc-114"/>
      </symbol>
      <symbol id="sm-b9">
         <name>prev</name>
         <value>0x200003f4</value>
         <object_component_ref idref="oc-7f"/>
      </symbol>
      <symbol id="sm-ba">
         <name>start_os</name>
         <value>0x164d</value>
         <object_component_ref idref="oc-114"/>
      </symbol>
      <symbol id="sm-bb">
         <name>task_10ms</name>
         <value>0x1701</value>
         <object_component_ref idref="oc-114"/>
      </symbol>
      <symbol id="sm-bc">
         <name>set_maxtaskmask</name>
         <value>0x171f</value>
         <object_component_ref idref="oc-114"/>
      </symbol>
      <symbol id="sm-bd">
         <name>task_1ms</name>
         <value>0x16ed</value>
         <object_component_ref idref="oc-114"/>
      </symbol>
      <symbol id="sm-be">
         <name>sch1</name>
         <value>0x2f8c</value>
         <object_component_ref idref="oc-1cd"/>
      </symbol>
      <symbol id="sm-bf">
         <name>task_100ms</name>
         <value>0x1715</value>
         <object_component_ref idref="oc-114"/>
      </symbol>
      <symbol id="sm-c0">
         <name>os_normal_task_count</name>
         <value>0x200003d4</value>
         <object_component_ref idref="oc-1d0"/>
      </symbol>
      <symbol id="sm-c1">
         <name>task_5ms</name>
         <value>0x16f7</value>
         <object_component_ref idref="oc-114"/>
      </symbol>
      <symbol id="sm-d7">
         <name>systick_initlize</name>
         <value>0x1e73</value>
         <object_component_ref idref="oc-10e"/>
      </symbol>
      <symbol id="sm-d8">
         <name>sys_init</name>
         <value>0x1e5f</value>
         <object_component_ref idref="oc-10e"/>
      </symbol>
      <symbol id="sm-d9">
         <name>system_clkregister_initilize</name>
         <value>0x1e6b</value>
         <object_component_ref idref="oc-10e"/>
      </symbol>
      <symbol id="sm-da">
         <name>intilize_rcc2_registers</name>
         <value>0x1e31</value>
         <object_component_ref idref="oc-10e"/>
      </symbol>
      <symbol id="sm-db">
         <name>powerdown_sequence</name>
         <value>0x1e89</value>
         <object_component_ref idref="oc-10e"/>
      </symbol>
      <symbol id="sm-dc">
         <name>initilize_rcc_registers</name>
         <value>0x1dfd</value>
         <object_component_ref idref="oc-10e"/>
      </symbol>
      <symbol id="sm-108">
         <name>printf</name>
         <value>0x2489</value>
         <object_component_ref idref="oc-79"/>
      </symbol>
      <symbol id="sm-272">
         <name>__TI_printfi</name>
         <value>0x26d</value>
         <object_component_ref idref="oc-d0"/>
      </symbol>
      <symbol id="sm-287">
         <name>putc</name>
         <value>0x1fd9</value>
         <object_component_ref idref="oc-1bb"/>
      </symbol>
      <symbol id="sm-288">
         <name>fputc</name>
         <value>0x1fd9</value>
         <object_component_ref idref="oc-1bb"/>
      </symbol>
      <symbol id="sm-2ab">
         <name>fputs</name>
         <value>0x1771</value>
         <object_component_ref idref="oc-1b4"/>
      </symbol>
      <symbol id="sm-2c3">
         <name>__TI_wrt_ok</name>
         <value>0x25b9</value>
         <object_component_ref idref="oc-276"/>
      </symbol>
      <symbol id="sm-2df">
         <name>setvbuf</name>
         <value>0x1c6d</value>
         <object_component_ref idref="oc-2ef"/>
      </symbol>
      <symbol id="sm-2f8">
         <name>wcslen</name>
         <value>0x2e2d</value>
         <object_component_ref idref="oc-18e"/>
      </symbol>
      <symbol id="sm-305">
         <name>__aeabi_uldivmod</name>
         <value>0x1f41</value>
         <object_component_ref idref="oc-1f9"/>
      </symbol>
      <symbol id="sm-314">
         <name>__aeabi_memset</name>
         <value>0x21ef</value>
         <object_component_ref idref="oc-a6"/>
      </symbol>
      <symbol id="sm-315">
         <name>memset</name>
         <value>0x21f5</value>
         <object_component_ref idref="oc-a6"/>
      </symbol>
      <symbol id="sm-316">
         <name>__aeabi_memset8</name>
         <value>0x21ef</value>
         <object_component_ref idref="oc-a6"/>
      </symbol>
      <symbol id="sm-317">
         <name>__aeabi_memset4</name>
         <value>0x21ef</value>
         <object_component_ref idref="oc-a6"/>
      </symbol>
      <symbol id="sm-318">
         <name>__aeabi_memclr8</name>
         <value>0x21ed</value>
         <object_component_ref idref="oc-a6"/>
      </symbol>
      <symbol id="sm-319">
         <name>__aeabi_memclr4</name>
         <value>0x21ed</value>
         <object_component_ref idref="oc-a6"/>
      </symbol>
      <symbol id="sm-31a">
         <name>__aeabi_memclr</name>
         <value>0x21ed</value>
         <object_component_ref idref="oc-a6"/>
      </symbol>
      <symbol id="sm-331">
         <name>__aeabi_dsub</name>
         <value>0x10fd</value>
         <object_component_ref idref="oc-21f"/>
      </symbol>
      <symbol id="sm-332">
         <name>__aeabi_dadd</name>
         <value>0x1107</value>
         <object_component_ref idref="oc-21f"/>
      </symbol>
      <symbol id="sm-354">
         <name>__aeabi_cdcmpeq</name>
         <value>0x2065</value>
         <object_component_ref idref="oc-16b"/>
      </symbol>
      <symbol id="sm-355">
         <name>__aeabi_cdcmple</name>
         <value>0x2065</value>
         <object_component_ref idref="oc-16b"/>
      </symbol>
      <symbol id="sm-356">
         <name>__aeabi_cdrcmple</name>
         <value>0x20eb</value>
         <object_component_ref idref="oc-20a"/>
      </symbol>
      <symbol id="sm-36a">
         <name>__aeabi_ddiv</name>
         <value>0x13f1</value>
         <object_component_ref idref="oc-205"/>
      </symbol>
      <symbol id="sm-375">
         <name>__aeabi_dmul</name>
         <value>0x1995</value>
         <object_component_ref idref="oc-200"/>
      </symbol>
      <symbol id="sm-37f">
         <name>__aeabi_d2iz</name>
         <value>0x2965</value>
         <object_component_ref idref="oc-20f"/>
      </symbol>
      <symbol id="sm-389">
         <name>__aeabi_i2d</name>
         <value>0x2c75</value>
         <object_component_ref idref="oc-21a"/>
      </symbol>
      <symbol id="sm-3a4">
         <name>memcpy</name>
         <value>0x1ea5</value>
         <object_component_ref idref="oc-42"/>
      </symbol>
      <symbol id="sm-3a5">
         <name>__aeabi_memcpy</name>
         <value>0x1ea5</value>
         <object_component_ref idref="oc-42"/>
      </symbol>
      <symbol id="sm-3a6">
         <name>__aeabi_memcpy8</name>
         <value>0x1ea5</value>
         <object_component_ref idref="oc-42"/>
      </symbol>
      <symbol id="sm-3a7">
         <name>__aeabi_memcpy4</name>
         <value>0x1ea5</value>
         <object_component_ref idref="oc-42"/>
      </symbol>
      <symbol id="sm-3bb">
         <name>__TI_zero_init_nomemset</name>
         <value>0x2d69</value>
         <object_component_ref idref="oc-4e"/>
      </symbol>
      <symbol id="sm-3d2">
         <name>__TI_decompress_none</name>
         <value>0x2e3f</value>
         <object_component_ref idref="oc-18"/>
      </symbol>
      <symbol id="sm-3f5">
         <name>__TI_decompress_lzss</name>
         <value>0x2421</value>
         <object_component_ref idref="oc-12"/>
      </symbol>
      <symbol id="sm-41b">
         <name>C$$EXIT</name>
         <value>0x2e85</value>
         <object_component_ref idref="oc-11b"/>
      </symbol>
      <symbol id="sm-41c">
         <name>abort</name>
         <value>0x2e85</value>
         <object_component_ref idref="oc-11b"/>
      </symbol>
      <symbol id="sm-41d">
         <name>__TI_dtors_ptr</name>
         <value>0x200003cc</value>
         <object_component_ref idref="oc-1d6"/>
      </symbol>
      <symbol id="sm-41e">
         <name>__TI_cleanup_ptr</name>
         <value>0x200003c8</value>
         <object_component_ref idref="oc-1d6"/>
      </symbol>
      <symbol id="sm-41f">
         <name>__TI_enable_exit_profile_output</name>
         <value>0x200003d0</value>
         <object_component_ref idref="oc-1d6"/>
      </symbol>
      <symbol id="sm-420">
         <name>exit</name>
         <value>0x291d</value>
         <object_component_ref idref="oc-121"/>
      </symbol>
      <symbol id="sm-435">
         <name>_nop</name>
         <value>0xcbb</value>
         <object_component_ref idref="oc-1a6"/>
      </symbol>
      <symbol id="sm-436">
         <name>_lock</name>
         <value>0x200003e0</value>
         <object_component_ref idref="oc-d6"/>
      </symbol>
      <symbol id="sm-437">
         <name>_unlock</name>
         <value>0x200003e4</value>
         <object_component_ref idref="oc-d6"/>
      </symbol>
      <symbol id="sm-44d">
         <name>atoi</name>
         <value>0x28d1</value>
         <object_component_ref idref="oc-15f"/>
      </symbol>
      <symbol id="sm-458">
         <name>_ctypes_</name>
         <value>0x2e88</value>
         <object_component_ref idref="oc-1f4"/>
      </symbol>
      <symbol id="sm-46d">
         <name>__TI_tmpnams</name>
         <value>0x2000051c</value>
      </symbol>
      <symbol id="sm-46e">
         <name>__aeabi_stdout</name>
         <value>0x200003c0</value>
         <object_component_ref idref="oc-378"/>
      </symbol>
      <symbol id="sm-46f">
         <name>__aeabi_stderr</name>
         <value>0x200003c4</value>
         <object_component_ref idref="oc-378"/>
      </symbol>
      <symbol id="sm-470">
         <name>__aeabi_stdin</name>
         <value>0x200003bc</value>
         <object_component_ref idref="oc-378"/>
      </symbol>
      <symbol id="sm-471">
         <name>_ftable</name>
         <value>0x20000200</value>
         <object_component_ref idref="oc-d9"/>
      </symbol>
      <symbol id="sm-472">
         <name>__TI_ft_end</name>
         <value>0x200003b8</value>
         <object_component_ref idref="oc-378"/>
      </symbol>
      <symbol id="sm-481">
         <name>ltoa</name>
         <value>0x27df</value>
         <object_component_ref idref="oc-214"/>
      </symbol>
      <symbol id="sm-491">
         <name>memccpy</name>
         <value>0x2da1</value>
         <object_component_ref idref="oc-188"/>
      </symbol>
      <symbol id="sm-4a1">
         <name>memchr</name>
         <value>0x2d49</value>
         <object_component_ref idref="oc-27c"/>
      </symbol>
      <symbol id="sm-528">
         <name>_sys_memory</name>
         <value>0x200005d0</value>
         <object_component_ref idref="oc-21"/>
      </symbol>
      <symbol id="sm-529">
         <name>free</name>
         <value>0x1b85</value>
         <object_component_ref idref="oc-329"/>
      </symbol>
      <symbol id="sm-52a">
         <name>memalign</name>
         <value>0x1a91</value>
         <object_component_ref idref="oc-36b"/>
      </symbol>
      <symbol id="sm-52b">
         <name>malloc</name>
         <value>0x2e71</value>
         <object_component_ref idref="oc-32f"/>
      </symbol>
      <symbol id="sm-52c">
         <name>aligned_alloc</name>
         <value>0x1a91</value>
         <object_component_ref idref="oc-36b"/>
      </symbol>
      <symbol id="sm-53c">
         <name>strchr</name>
         <value>0x2def</value>
         <object_component_ref idref="oc-24b"/>
      </symbol>
      <symbol id="sm-54a">
         <name>strlen</name>
         <value>0x2e19</value>
         <object_component_ref idref="oc-159"/>
      </symbol>
      <symbol id="sm-560">
         <name>__aeabi_errno_addr</name>
         <value>0x2e69</value>
         <object_component_ref idref="oc-194"/>
      </symbol>
      <symbol id="sm-561">
         <name>errno</name>
         <value>0x200003f8</value>
         <object_component_ref idref="oc-25b"/>
      </symbol>
      <symbol id="sm-57b">
         <name>write</name>
         <value>0x2d21</value>
         <object_component_ref idref="oc-288"/>
      </symbol>
      <symbol id="sm-58c">
         <name>_stream</name>
         <value>0x20000368</value>
         <object_component_ref idref="oc-2fb"/>
      </symbol>
      <symbol id="sm-58d">
         <name>_device</name>
         <value>0x200002f0</value>
         <object_component_ref idref="oc-348"/>
      </symbol>
      <symbol id="sm-5a0">
         <name>__stack</name>
         <value>0x20000000</value>
         <object_component_ref idref="oc-24"/>
      </symbol>
      <symbol id="sm-5a1">
         <name>_c_int00_noargs</name>
         <value>0x2c11</value>
         <object_component_ref idref="oc-60"/>
      </symbol>
      <symbol id="sm-5c1">
         <name>frexpl</name>
         <value>0x24f1</value>
         <object_component_ref idref="oc-23f"/>
      </symbol>
      <symbol id="sm-5c2">
         <name>frexp</name>
         <value>0x24f1</value>
         <object_component_ref idref="oc-23f"/>
      </symbol>
      <symbol id="sm-5df">
         <name>scalbn</name>
         <value>0x1885</value>
         <object_component_ref idref="oc-245"/>
      </symbol>
      <symbol id="sm-5e0">
         <name>scalbnl</name>
         <value>0x1885</value>
         <object_component_ref idref="oc-245"/>
      </symbol>
      <symbol id="sm-5e1">
         <name>ldexpl</name>
         <value>0x1885</value>
         <object_component_ref idref="oc-245"/>
      </symbol>
      <symbol id="sm-5e2">
         <name>ldexp</name>
         <value>0x1885</value>
         <object_component_ref idref="oc-245"/>
      </symbol>
      <symbol id="sm-5f2">
         <name>__TI_doflush</name>
         <value>0x2885</value>
         <object_component_ref idref="oc-282"/>
      </symbol>
      <symbol id="sm-602">
         <name>__TI_cleanup</name>
         <value>0x2ba9</value>
         <object_component_ref idref="oc-335"/>
      </symbol>
      <symbol id="sm-614">
         <name>fseek</name>
         <value>0x2555</value>
         <object_component_ref idref="oc-2e9"/>
      </symbol>
      <symbol id="sm-61e">
         <name>__aeabi_idiv0</name>
         <value>0x12b3</value>
         <object_component_ref idref="oc-2b4"/>
      </symbol>
      <symbol id="sm-61f">
         <name>__aeabi_ldiv0</name>
         <value>0x12b3</value>
         <object_component_ref idref="oc-2b4"/>
      </symbol>
      <symbol id="sm-647">
         <name>__TI_auto_init_nobinit_nopinit</name>
         <value>0x2a35</value>
         <object_component_ref idref="oc-127"/>
      </symbol>
      <symbol id="sm-651">
         <name>_system_pre_init</name>
         <value>0x2e81</value>
         <object_component_ref idref="oc-ac"/>
      </symbol>
      <symbol id="sm-664">
         <name>HOSTclose</name>
         <value>0x29ad</value>
         <object_component_ref idref="oc-384"/>
      </symbol>
      <symbol id="sm-675">
         <name>HOSTlseek</name>
         <value>0x23b9</value>
         <object_component_ref idref="oc-396"/>
      </symbol>
      <symbol id="sm-687">
         <name>parmbuf</name>
         <value>0x200005bc</value>
      </symbol>
      <symbol id="sm-688">
         <name>HOSTopen</name>
         <value>0x261d</value>
         <object_component_ref idref="oc-37e"/>
      </symbol>
      <symbol id="sm-699">
         <name>HOSTread</name>
         <value>0x26d9</value>
         <object_component_ref idref="oc-38a"/>
      </symbol>
      <symbol id="sm-6aa">
         <name>HOSTrename</name>
         <value>0x234d</value>
         <object_component_ref idref="oc-3a2"/>
      </symbol>
      <symbol id="sm-6bb">
         <name>HOSTunlink</name>
         <value>0x29f1</value>
         <object_component_ref idref="oc-39c"/>
      </symbol>
      <symbol id="sm-6cc">
         <name>HOSTwrite</name>
         <value>0x2731</value>
         <object_component_ref idref="oc-390"/>
      </symbol>
      <symbol id="sm-6f0">
         <name>__TI_readmsg</name>
         <value>0x2bdd</value>
         <object_component_ref idref="oc-3d1"/>
      </symbol>
      <symbol id="sm-6f1">
         <name>C$$IO$$</name>
         <value>0x2b67</value>
         <object_component_ref idref="oc-3cb"/>
      </symbol>
      <symbol id="sm-6f2">
         <name>__CIOBUF_</name>
         <value>0x200003fc</value>
         <object_component_ref idref="oc-3fc"/>
      </symbol>
      <symbol id="sm-6f3">
         <name>__TI_writemsg</name>
         <value>0x2b39</value>
         <object_component_ref idref="oc-3cb"/>
      </symbol>
      <symbol id="sm-704">
         <name>lseek</name>
         <value>0x2cf9</value>
         <object_component_ref idref="oc-321"/>
      </symbol>
      <symbol id="sm-70e">
         <name>copysign</name>
         <value>0x2dbd</value>
         <object_component_ref idref="oc-2cd"/>
      </symbol>
      <symbol id="sm-70f">
         <name>copysignl</name>
         <value>0x2dbd</value>
         <object_component_ref idref="oc-2cd"/>
      </symbol>
      <symbol id="sm-724">
         <name>__TI_closefile</name>
         <value>0x2269</value>
         <object_component_ref idref="oc-372"/>
      </symbol>
      <symbol id="sm-747">
         <name>finddevice</name>
         <value>0x2c45</value>
         <object_component_ref idref="oc-41a"/>
      </symbol>
      <symbol id="sm-748">
         <name>getdevice</name>
         <value>0x2a79</value>
         <object_component_ref idref="oc-3f2"/>
      </symbol>
      <symbol id="sm-757">
         <name>strcmp</name>
         <value>0x2dd7</value>
         <object_component_ref idref="oc-431"/>
      </symbol>
      <symbol id="sm-765">
         <name>strcpy</name>
         <value>0x2e05</value>
         <object_component_ref idref="oc-3e5"/>
      </symbol>
      <symbol id="sm-775">
         <name>strncpy</name>
         <value>0x2b71</value>
         <object_component_ref idref="oc-414"/>
      </symbol>
      <symbol id="sm-78a">
         <name>close</name>
         <value>0x267d</value>
         <object_component_ref idref="oc-3ba"/>
      </symbol>
      <symbol id="sm-79a">
         <name>unlink</name>
         <value>0x2ca5</value>
         <object_component_ref idref="oc-3c0"/>
      </symbol>
      <symbol id="sm-79b">
         <name>__TI_static_base__</name>
         <value>0x0</value>
      </symbol>
      <symbol id="sm-79e">
         <name>__mpu_init</name>
         <value>0x0</value>
      </symbol>
      <symbol id="sm-79f">
         <name>_system_post_cinit</name>
         <value>0x0</value>
      </symbol>
      <symbol id="sm-7a0">
         <name>remove</name>
         <value>0x2ca5</value>
      </symbol>
   </symbol_table>
   <title>Link successful</title>
</link_info>
