******************************************************************************
                  TI ARM Linker Unix v18.12.3                  
******************************************************************************
>> Linked Tue Jan 21 02:20:11 2020

OUTPUT FILE NAME:   <embssystems_practice.out>
ENTRY POINT SYMBOL: "_c_int00_noargs"  address: 00002ecd


MEMORY CONFIGURATION

         name            origin    length      used     unused   attr    fill
----------------------  --------  ---------  --------  --------  ----  --------
  FLASH                 00000000   00040000  00003470  0003cb90  R  X
  SRAM                  20000000   00008000  000005fa  00007a06  RW X


SEGMENT ALLOCATION MAP

run origin  load origin   length   init length attrs members
----------  ----------- ---------- ----------- ----- -------
00000000    00000000    00003470   00003470    r-x
  00000000    00000000    0000026c   0000026c    r-- .intvecs
  0000026c    0000026c    00002ed8   00002ed8    r-x .text
  00003144    00003144    0000029c   0000029c    r-- .const
  000033e0    000033e0    00000090   00000090    r-- .cinit
20000000    20000000    00000600   00000000    rw-
  20000000    20000000    00000218   00000000    rw- .data
  20000218    20000218    00000200   00000000    rw- .stack
  20000418    20000418    000001d2   00000000    rw- .bss
  200005f0    200005f0    00000010   00000000    rw- .sysmem


SECTION ALLOCATION MAP

 output                                  attributes/
section   page    origin      length       input sections
--------  ----  ----------  ----------   ----------------
.intvecs   0    00000000    0000026c     
                  00000000    0000026c     tm4c123gh6pm_startup_ccs.obj (.intvecs)

.text      0    0000026c    00002ed8     
                  0000026c    00000a4e     rtsv7M4_T_le_v4SPD16_eabi.lib : _printfi.c.obj (.text:__TI_printfi)
                  00000cba    00000002                                   : _lock.c.obj (.text:_nop)
                  00000cbc    00000308     sys_init.obj (.text)
                  00000fc4    00000270     rtsv7M4_T_le_v4SPD16_eabi.lib : _printfi.c.obj (.text:_pconv_a)
                  00001234    000001d0                                   : _printfi.c.obj (.text:_pconv_g)
                  00001404    000001b6                                   : fd_add_t2.asm.obj (.text)
                  000015ba    00000002                                   : div0.asm.obj (.text)
                  000015bc    00000184     os.obj (.text)
                  00001740    0000013c     rtsv7M4_T_le_v4SPD16_eabi.lib : _printfi.c.obj (.text:_pconv_e)
                  0000187c    00000136                                   : fd_div_t2.asm.obj (.text)
                  000019b2    00000002     --HOLE-- [fill = 0]
                  000019b4    00000124                                   : _printfi.c.obj (.text:fcvt)
                  00001ad8    00000114                                   : fputs.c.obj (.text:fputs)
                  00001bec    00000110                                   : s_scalbn.c.obj (.text:scalbn)
                  00001cfc    000000fc                                   : fd_mul_t2.asm.obj (.text)
                  00001df8    000000f4                                   : memory.c.obj (.text:aligned_alloc)
                  00001eec    000000e8                                   : memory.c.obj (.text:free)
                  00001fd4    000000dc                                   : setvbuf.c.obj (.text:setvbuf)
                  000020b0    000000b1                                   : _printfi.c.obj (.text:_ltostr)
                  00002161    00000001     --HOLE-- [fill = 0]
                  00002162    0000009c                                   : memcpy_t2.asm.obj (.text)
                  000021fe    00000096                                   : ull_div_t2.asm.obj (.text)
                  00002294    0000008c                                   : fputc.c.obj (.text:fputc)
                  00002320    00000086                                   : fd_cmp_t2.asm.obj (.text:__aeabi_cdcmple)
                  000023a6    00000086                                   : fd_cmp_t2.asm.obj (.text:__aeabi_cdrcmple)
                  0000242c    0000007c                                   : memory.c.obj (.text:split)
                  000024a8    0000007a                                   : memset_t2.asm.obj (.text)
                  00002522    00000002     --HOLE-- [fill = 0]
                  00002524    00000074                                   : fclose.c.obj (.text:__TI_closefile)
                  00002598    0000006e                                   : _printfi.c.obj (.text:_mcpy)
                  00002606    00000002     --HOLE-- [fill = 0]
                  00002608    0000006c                                   : hostrename.c.obj (.text:HOSTrename)
                  00002674    00000068                                   : hostlseek.c.obj (.text:HOSTlseek)
                  000026dc    00000068                                   : copy_decompress_lzss.c.obj (.text:decompress:lzss:__TI_decompress_lzss)
                  00002744    00000068                                   : printf.c.obj (.text:printf)
                  000027ac    00000064                                   : s_frexp.c.obj (.text:frexp)
                  00002810    00000064                                   : fseek.c.obj (.text:fseek)
                  00002874    00000062                                   : _io_perm.c.obj (.text:__TI_wrt_ok)
                  000028d6    00000002     --HOLE-- [fill = 0]
                  000028d8    00000060                                   : hostopen.c.obj (.text:HOSTopen)
                  00002938    0000005c                                   : close.c.obj (.text:close)
                  00002994    00000058                                   : hostread.c.obj (.text:HOSTread)
                  000029ec    00000058                                   : hostwrite.c.obj (.text:HOSTwrite)
                  00002a44    00000056                                   : _printfi.c.obj (.text:_pconv_f)
                  00002a9a    00000054                                   : ltoa.c.obj (.text:ltoa)
                  00002aee    00000052                                   : _printfi.c.obj (.text:_ecpy)
                  00002b40    0000004c                                   : fflush.c.obj (.text:__TI_doflush)
                  00002b8c    0000004c                                   : atoi.c.obj (.text:atoi)
                  00002bd8    00000048                                   : exit.c.obj (.text:exit)
                  00002c20    00000048                                   : fd_toi_t2.asm.obj (.text)
                  00002c68    00000044                                   : hostclose.c.obj (.text:HOSTclose)
                  00002cac    00000044                                   : hostunlink.c.obj (.text:HOSTunlink)
                  00002cf0    00000044                                   : autoinit.c.obj (.text:__TI_auto_init_nobinit_nopinit:__TI_auto_init_nobinit_nopinit)
                  00002d34    00000044                                   : getdevice.c.obj (.text:getdevice)
                  00002d78    0000003e                                   : _printfi.c.obj (.text:_fcpy)
                  00002db6    00000002     --HOLE-- [fill = 0]
                  00002db8    0000003c     main.obj (.text:os_tick_reset)
                  00002df4    00000038     rtsv7M4_T_le_v4SPD16_eabi.lib : trgmsg.c.obj (.text:__TI_writemsg)
                  00002e2c    00000036                                   : strncpy.c.obj (.text:strncpy)
                  00002e62    00000002     --HOLE-- [fill = 0]
                  00002e64    00000034                                   : fopen.c.obj (.text:__TI_cleanup)
                  00002e98    00000034                                   : trgmsg.c.obj (.text:__TI_readmsg)
                  00002ecc    00000034                                   : boot_cortex_m.c.obj (.text:_c_int00_noargs:_c_int00_noargs)
                  00002f00    00000030                                   : getdevice.c.obj (.text:finddevice)
                  00002f30    0000002e                                   : i_tofd_t2.asm.obj (.text)
                  00002f5e    00000002     --HOLE-- [fill = 0]
                  00002f60    0000002c                                   : unlink.c.obj (.text:unlink)
                  00002f8c    00000028                                   : memory.c.obj (.text:free_list_insert)
                  00002fb4    00000028                                   : lseek.c.obj (.text:lseek)
                  00002fdc    00000028                                   : write.c.obj (.text:write)
                  00003004    00000020                                   : memchr.c.obj (.text:memchr)
                  00003024    0000001c                                   : copy_zero_init.c.obj (.text:decompress:ZI:__TI_zero_init_nomemset:__TI_zero_init_nomemset)
                  00003040    0000001c                                   : memory.c.obj (.text:free_list_remove)
                  0000305c    0000001c                                   : memccpy.c.obj (.text:memccpy)
                  00003078    0000001a                                   : s_copysign.c.obj (.text:copysign)
                  00003092    00000018                                   : strcmp.c.obj (.text:strcmp)
                  000030aa    00000016                                   : strchr.c.obj (.text:strchr)
                  000030c0    00000014                                   : strcpy.c.obj (.text:strcpy)
                  000030d4    00000014                                   : strlen.c.obj (.text:strlen)
                  000030e8    00000012                                   : wcslen.c.obj (.text:wcslen)
                  000030fa    0000000e                                   : copy_decompress_none.c.obj (.text:decompress:none:__TI_decompress_none)
                  00003108    0000000e     main.obj (.text)
                  00003116    0000000c     tm4c123gh6pm_startup_ccs.obj (.text)
                  00003122    00000002     --HOLE-- [fill = 0]
                  00003124    00000008     rtsv7M4_T_le_v4SPD16_eabi.lib : errno.c.obj (.text:__aeabi_errno_addr)
                  0000312c    00000008                                   : memory.c.obj (.text:malloc)
                  00003134    00000004                                   : printf.c.obj (.text:_outc)
                  00003138    00000004                                   : printf.c.obj (.text:_outs)
                  0000313c    00000004                                   : pre_init.c.obj (.text:_system_pre_init)
                  00003140    00000004                                   : exit.c.obj (.text:abort:abort)

.const     0    00003144    0000029c     
                  00003144    00000172     constdata_gpioconfig.obj (.const:gpio_pin_spec)
                  000032b6    00000101     rtsv7M4_T_le_v4SPD16_eabi.lib : ctype.c.obj (.const:.string:_ctypes_)
                  000033b7    00000001     --HOLE-- [fill = 0]
                  000033b8    00000028     os.obj (.const:sch1)

.cinit     0    000033e0    00000090     
                  000033e0    0000006a     (.cinit..data.load) [load image, compression = lzss]
                  0000344a    00000002     --HOLE-- [fill = 0]
                  0000344c    0000000c     (__TI_handler_table)
                  00003458    00000008     (.cinit..bss.load) [load image, compression = zero_init]
                  00003460    00000010     (__TI_cinit_table)

.init_array 
*          0    00000000    00000000     UNINITIALIZED

.data      0    20000000    00000218     UNINITIALIZED
                  20000000    000000f0     rtsv7M4_T_le_v4SPD16_eabi.lib : defs.c.obj (.data:_ftable)
                  200000f0    00000078                                   : host_device.c.obj (.data:_device)
                  20000168    00000050                                   : host_device.c.obj (.data:_stream)
                  200001b8    00000028     os.obj (.data:os_normal_task_count)
                  200001e0    00000010     rtsv7M4_T_le_v4SPD16_eabi.lib : defs.c.obj (.data)
                  200001f0    0000000c                                   : exit.c.obj (.data:$O1$$)
                  200001fc    00000008                                   : _lock.c.obj (.data:$O1$$)
                  20000204    00000008                                   : memory.c.obj (.data:$O1$$)
                  2000020c    00000005     os.obj (.data)
                  20000211    00000003     --HOLE--
                  20000214    00000004     rtsv7M4_T_le_v4SPD16_eabi.lib : errno.c.obj (.data)

.stack     0    20000218    00000200     UNINITIALIZED
                  20000218    00000004     rtsv7M4_T_le_v4SPD16_eabi.lib : boot_cortex_m.c.obj (.stack)
                  2000021c    000001fc     --HOLE--

.bss       0    20000418    000001d2     UNINITIALIZED
                  20000418    00000120     rtsv7M4_T_le_v4SPD16_eabi.lib : trgmsg.c.obj (.bss:_CIOBUF_)
                  20000538    000000a0     (.common:__TI_tmpnams)
                  200005d8    00000008     (.common:parmbuf)
                  200005e0    00000004     (.common:global_trigger)
                  200005e4    00000004     (.common:oscounterincrement_1ms)
                  200005e8    00000002     (.common:task_mask_p1)

.sysmem    0    200005f0    00000010     UNINITIALIZED
                  200005f0    00000010     rtsv7M4_T_le_v4SPD16_eabi.lib : memory.c.obj (.sysmem)

MODULE SUMMARY

       Module                         code    ro data   rw data
       ------                         ----    -------   -------
    ./
       tm4c123gh6pm_startup_ccs.obj   12      620       0      
       main.obj                       74      0         0      
    +--+------------------------------+-------+---------+---------+
       Total:                         86      620       0      
                                                               
    ./DATA_CONST/
       constdata_gpioconfig.obj       0       370       0      
    +--+------------------------------+-------+---------+---------+
       Total:                         0       370       0      
                                                               
    ./OSFILES/
       os.obj                         388     40        55     
    +--+------------------------------+-------+---------+---------+
       Total:                         388     40        55     
                                                               
    ./SOURCE/
       sys_init.obj                   776     0         0      
    +--+------------------------------+-------+---------+---------+
       Total:                         776     0         0      
                                                               
    /home/satish/ti/ccs920/ccs/tools/compiler/ti-cgt-arm_18.12.3.LTS/lib/rtsv7M4_T_le_v4SPD16_eabi.lib
       _printfi.c.obj                 4851    0         0      
       memory.c.obj                   676     0         8      
       fd_add_t2.asm.obj              438     0         0      
       defs.c.obj                     0       0         416    
       trgmsg.c.obj                   108     0         288    
       fd_div_t2.asm.obj              310     0         0      
       fputs.c.obj                    276     0         0      
       s_scalbn.c.obj                 272     0         0      
       fd_cmp_t2.asm.obj              268     0         0      
       ctype.c.obj                    0       257       0      
       fd_mul_t2.asm.obj              252     0         0      
       setvbuf.c.obj                  220     0         0      
       host_device.c.obj              0       0         200    
       memcpy_t2.asm.obj              156     0         0      
       ull_div_t2.asm.obj             150     0         0      
       fputc.c.obj                    140     0         0      
       memset_t2.asm.obj              122     0         0      
       fclose.c.obj                   116     0         0      
       getdevice.c.obj                116     0         0      
       printf.c.obj                   112     0         0      
       hostrename.c.obj               108     0         0      
       copy_decompress_lzss.c.obj     104     0         0      
       hostlseek.c.obj                104     0         0      
       hostopen.c.obj                 96      0         8      
       fseek.c.obj                    100     0         0      
       s_frexp.c.obj                  100     0         0      
       _io_perm.c.obj                 98      0         0      
       close.c.obj                    92      0         0      
       exit.c.obj                     76      0         12     
       hostread.c.obj                 88      0         0      
       hostwrite.c.obj                88      0         0      
       ltoa.c.obj                     84      0         0      
       atoi.c.obj                     76      0         0      
       fflush.c.obj                   76      0         0      
       fd_toi_t2.asm.obj              72      0         0      
       autoinit.c.obj                 68      0         0      
       hostclose.c.obj                68      0         0      
       hostunlink.c.obj               68      0         0      
       strncpy.c.obj                  54      0         0      
       boot_cortex_m.c.obj            52      0         0      
       fopen.c.obj                    52      0         0      
       i_tofd_t2.asm.obj              46      0         0      
       unlink.c.obj                   44      0         0      
       lseek.c.obj                    40      0         0      
       write.c.obj                    40      0         0      
       memchr.c.obj                   32      0         0      
       copy_zero_init.c.obj           28      0         0      
       memccpy.c.obj                  28      0         0      
       s_copysign.c.obj               26      0         0      
       strcmp.c.obj                   24      0         0      
       strchr.c.obj                   22      0         0      
       strcpy.c.obj                   20      0         0      
       strlen.c.obj                   20      0         0      
       wcslen.c.obj                   18      0         0      
       copy_decompress_none.c.obj     14      0         0      
       errno.c.obj                    8       0         4      
       _lock.c.obj                    2       0         8      
       pre_init.c.obj                 4       0         0      
       div0.asm.obj                   2       0         0      
    +--+------------------------------+-------+---------+---------+
       Total:                         10725   257       944    
                                                               
       Heap:                          0       0         16     
       Stack:                         0       0         512    
       Linker Generated:              0       142       0      
    +--+------------------------------+-------+---------+---------+
       Grand Total:                   11975   1429      1527   


LINKER GENERATED COPY TABLES

__TI_cinit_table @ 00003460 records: 2, size/record: 8, table size: 16
	.data: load addr=000033e0, load size=0000006a bytes, run addr=20000000, run size=00000218 bytes, compression=lzss
	.bss: load addr=00003458, load size=00000008 bytes, run addr=20000418, run size=000001d2 bytes, compression=zero_init


LINKER GENERATED HANDLER TABLE

__TI_handler_table @ 0000344c records: 3, size/record: 4, table size: 12
	index: 0, handler: __TI_decompress_lzss
	index: 1, handler: __TI_decompress_none
	index: 2, handler: __TI_zero_init


GLOBAL SYMBOLS: SORTED ALPHABETICALLY BY Name 

address   name                           
-------   ----                           
00003141  C$$EXIT                        
00002e23  C$$IO$$                        
00002c69  HOSTclose                      
00002675  HOSTlseek                      
000028d9  HOSTopen                       
00002995  HOSTread                       
00002609  HOSTrename                     
00002cad  HOSTunlink                     
000029ed  HOSTwrite                      
00003117  ResetISR                       
20000418  __CIOBUF_                      
20000418  __STACK_END                    
00000200  __STACK_SIZE                   
20000418  __STACK_TOP                    
00000010  __SYSMEM_SIZE                  
00003460  __TI_CINIT_Base                
00003470  __TI_CINIT_Limit               
0000344c  __TI_Handler_Table_Base        
00003458  __TI_Handler_Table_Limit       
00002cf1  __TI_auto_init_nobinit_nopinit 
00002e65  __TI_cleanup                   
200001f0  __TI_cleanup_ptr               
00002525  __TI_closefile                 
000026dd  __TI_decompress_lzss           
000030fb  __TI_decompress_none           
00002b41  __TI_doflush                   
200001f4  __TI_dtors_ptr                 
200001f8  __TI_enable_exit_profile_output
200001e0  __TI_ft_end                    
ffffffff  __TI_pprof_out_hndl            
0000026d  __TI_printfi                   
ffffffff  __TI_prof_data_size            
ffffffff  __TI_prof_data_start           
00002e99  __TI_readmsg                   
00000000  __TI_static_base__             
20000538  __TI_tmpnams                   
00002df5  __TI_writemsg                  
00002875  __TI_wrt_ok                    
00003025  __TI_zero_init_nomemset        
00002321  __aeabi_cdcmpeq                
00002321  __aeabi_cdcmple                
000023a7  __aeabi_cdrcmple               
00002c21  __aeabi_d2iz                   
0000140f  __aeabi_dadd                   
0000187d  __aeabi_ddiv                   
00001cfd  __aeabi_dmul                   
00001405  __aeabi_dsub                   
00003125  __aeabi_errno_addr             
00002f31  __aeabi_i2d                    
000015bb  __aeabi_idiv0                  
000015bb  __aeabi_ldiv0                  
000024a9  __aeabi_memclr                 
000024a9  __aeabi_memclr4                
000024a9  __aeabi_memclr8                
00002163  __aeabi_memcpy                 
00002163  __aeabi_memcpy4                
00002163  __aeabi_memcpy8                
000024ab  __aeabi_memset                 
000024ab  __aeabi_memset4                
000024ab  __aeabi_memset8                
200001ec  __aeabi_stderr                 
200001e4  __aeabi_stdin                  
200001e8  __aeabi_stdout                 
000021ff  __aeabi_uldivmod               
ffffffff  __binit__                      
ffffffff  __c_args__                     
UNDEFED   __mpu_init                     
20000218  __stack                        
00002ecd  _c_int00_noargs                
000032b6  _ctypes_                       
200000f0  _device                        
20000000  _ftable                        
200001fc  _lock                          
00000cbb  _nop                           
20000168  _stream                        
200005f0  _sys_memory                    
UNDEFED   _system_post_cinit             
0000313d  _system_pre_init               
20000200  _unlock                        
00003141  abort                          
00001df9  aligned_alloc                  
00002b8d  atoi                           
ffffffff  binit                          
00002939  close                          
00003079  copysign                       
00003079  copysignl                      
2000020c  counter_lock                   
20000214  errno                          
00002bd9  exit                           
00002f01  finddevice                     
00002295  fputc                          
00001ad9  fputs                          
00001eed  free                           
000027ad  frexp                          
000027ad  frexpl                         
00002811  fseek                          
00000000  g_pfnVectors                   
00002d35  getdevice                      
200005e0  global_trigger                 
00003144  gpio_pin_spec                  
00000d5b  initilize_dma                  
00000d21  initilize_gpio                 
00000d5d  initilize_pwm                  
00000cbd  initilize_rcc_registers        
00000d5f  initilizea2d                   
00000cf1  intilize_rcc2_registers        
00001bed  ldexp                          
00001bed  ldexpl                         
00002fb5  lseek                          
00002a9b  ltoa                           
00003109  main                           
0000312d  malloc                         
00001df9  memalign                       
0000305d  memccpy                        
00003005  memchr                         
00002163  memcpy                         
000024b1  memset                         
200001b8  os_normal_task_count           
00002db9  os_tick_reset                  
200005e4  oscounterincrement_1ms         
200005d8  parmbuf                        
00000f53  powerdown_sequence             
20000210  prev                           
00002745  printf                         
00002295  putc                           
00002f61  remove                         
00001bed  scalbn                         
00001bed  scalbnl                        
000033b8  sch1                           
000016ed  set_maxtaskmask                
00001fd5  setvbuf                        
000015bd  start_os                       
000030ab  strchr                         
00003093  strcmp                         
000030c1  strcpy                         
000030d5  strlen                         
00002e2d  strncpy                        
00000d61  sys_init                       
00000d75  system_clkregister_initilize   
0000171d  system_register_initilize      
00000d7d  systick_initlize               
000016cf  task_100ms                     
00001693  task_10ms                      
0000165d  task_1ms                       
000016b1  task_20ms                      
00001675  task_5ms                       
200005e8  task_mask_p1                   
00002f61  unlink                         
00000d1f  unlock_portf                   
000030e9  wcslen                         
00002fdd  write                          


GLOBAL SYMBOLS: SORTED BY Symbol Address 

address   name                           
-------   ----                           
00000000  __TI_static_base__             
00000000  g_pfnVectors                   
00000010  __SYSMEM_SIZE                  
00000200  __STACK_SIZE                   
0000026d  __TI_printfi                   
00000cbb  _nop                           
00000cbd  initilize_rcc_registers        
00000cf1  intilize_rcc2_registers        
00000d1f  unlock_portf                   
00000d21  initilize_gpio                 
00000d5b  initilize_dma                  
00000d5d  initilize_pwm                  
00000d5f  initilizea2d                   
00000d61  sys_init                       
00000d75  system_clkregister_initilize   
00000d7d  systick_initlize               
00000f53  powerdown_sequence             
00001405  __aeabi_dsub                   
0000140f  __aeabi_dadd                   
000015bb  __aeabi_idiv0                  
000015bb  __aeabi_ldiv0                  
000015bd  start_os                       
0000165d  task_1ms                       
00001675  task_5ms                       
00001693  task_10ms                      
000016b1  task_20ms                      
000016cf  task_100ms                     
000016ed  set_maxtaskmask                
0000171d  system_register_initilize      
0000187d  __aeabi_ddiv                   
00001ad9  fputs                          
00001bed  ldexp                          
00001bed  ldexpl                         
00001bed  scalbn                         
00001bed  scalbnl                        
00001cfd  __aeabi_dmul                   
00001df9  aligned_alloc                  
00001df9  memalign                       
00001eed  free                           
00001fd5  setvbuf                        
00002163  __aeabi_memcpy                 
00002163  __aeabi_memcpy4                
00002163  __aeabi_memcpy8                
00002163  memcpy                         
000021ff  __aeabi_uldivmod               
00002295  fputc                          
00002295  putc                           
00002321  __aeabi_cdcmpeq                
00002321  __aeabi_cdcmple                
000023a7  __aeabi_cdrcmple               
000024a9  __aeabi_memclr                 
000024a9  __aeabi_memclr4                
000024a9  __aeabi_memclr8                
000024ab  __aeabi_memset                 
000024ab  __aeabi_memset4                
000024ab  __aeabi_memset8                
000024b1  memset                         
00002525  __TI_closefile                 
00002609  HOSTrename                     
00002675  HOSTlseek                      
000026dd  __TI_decompress_lzss           
00002745  printf                         
000027ad  frexp                          
000027ad  frexpl                         
00002811  fseek                          
00002875  __TI_wrt_ok                    
000028d9  HOSTopen                       
00002939  close                          
00002995  HOSTread                       
000029ed  HOSTwrite                      
00002a9b  ltoa                           
00002b41  __TI_doflush                   
00002b8d  atoi                           
00002bd9  exit                           
00002c21  __aeabi_d2iz                   
00002c69  HOSTclose                      
00002cad  HOSTunlink                     
00002cf1  __TI_auto_init_nobinit_nopinit 
00002d35  getdevice                      
00002db9  os_tick_reset                  
00002df5  __TI_writemsg                  
00002e23  C$$IO$$                        
00002e2d  strncpy                        
00002e65  __TI_cleanup                   
00002e99  __TI_readmsg                   
00002ecd  _c_int00_noargs                
00002f01  finddevice                     
00002f31  __aeabi_i2d                    
00002f61  remove                         
00002f61  unlink                         
00002fb5  lseek                          
00002fdd  write                          
00003005  memchr                         
00003025  __TI_zero_init_nomemset        
0000305d  memccpy                        
00003079  copysign                       
00003079  copysignl                      
00003093  strcmp                         
000030ab  strchr                         
000030c1  strcpy                         
000030d5  strlen                         
000030e9  wcslen                         
000030fb  __TI_decompress_none           
00003109  main                           
00003117  ResetISR                       
00003125  __aeabi_errno_addr             
0000312d  malloc                         
0000313d  _system_pre_init               
00003141  C$$EXIT                        
00003141  abort                          
00003144  gpio_pin_spec                  
000032b6  _ctypes_                       
000033b8  sch1                           
0000344c  __TI_Handler_Table_Base        
00003458  __TI_Handler_Table_Limit       
00003460  __TI_CINIT_Base                
00003470  __TI_CINIT_Limit               
20000000  _ftable                        
200000f0  _device                        
20000168  _stream                        
200001b8  os_normal_task_count           
200001e0  __TI_ft_end                    
200001e4  __aeabi_stdin                  
200001e8  __aeabi_stdout                 
200001ec  __aeabi_stderr                 
200001f0  __TI_cleanup_ptr               
200001f4  __TI_dtors_ptr                 
200001f8  __TI_enable_exit_profile_output
200001fc  _lock                          
20000200  _unlock                        
2000020c  counter_lock                   
20000210  prev                           
20000214  errno                          
20000218  __stack                        
20000418  __CIOBUF_                      
20000418  __STACK_END                    
20000418  __STACK_TOP                    
20000538  __TI_tmpnams                   
200005d8  parmbuf                        
200005e0  global_trigger                 
200005e4  oscounterincrement_1ms         
200005e8  task_mask_p1                   
200005f0  _sys_memory                    
ffffffff  __TI_pprof_out_hndl            
ffffffff  __TI_prof_data_size            
ffffffff  __TI_prof_data_start           
ffffffff  __binit__                      
ffffffff  __c_args__                     
ffffffff  binit                          
UNDEFED   __mpu_init                     
UNDEFED   _system_post_cinit             

[151 symbols]
