******************************************************************************
                  TI ARM Linker Unix v18.12.3                  
******************************************************************************
>> Linked Sat Jan  4 19:28:20 2020

OUTPUT FILE NAME:   <embssystems_practice.out>
ENTRY POINT SYMBOL: "_c_int00_noargs"  address: 00002c11


MEMORY CONFIGURATION

         name            origin    length      used     unused   attr    fill
----------------------  --------  ---------  --------  --------  ----  --------
  FLASH                 00000000   00040000  00003044  0003cfbc  R  X
  SRAM                  20000000   00008000  000005de  00007a22  RW X


SEGMENT ALLOCATION MAP

run origin  load origin   length   init length attrs members
----------  ----------- ---------- ----------- ----- -------
00000000    00000000    00003048   00003048    r-x
  00000000    00000000    0000026c   0000026c    r-- .intvecs
  0000026c    0000026c    00002c1c   00002c1c    r-x .text
  00002e88    00002e88    0000012c   0000012c    r-- .const
  00002fb8    00002fb8    00000090   00000090    r-- .cinit
20000000    20000000    000005e0   00000000    rw-
  20000000    20000000    00000200   00000000    rw- .stack
  20000200    20000200    000001fc   00000000    rw- .data
  200003fc    200003fc    000001d2   00000000    rw- .bss
  200005d0    200005d0    00000010   00000000    rw- .sysmem


SECTION ALLOCATION MAP

 output                                  attributes/
section   page    origin      length       input sections
--------  ----  ----------  ----------   ----------------
.intvecs   0    00000000    0000026c     
                  00000000    0000026c     tm4c123gh6pm_startup_ccs.obj (.intvecs)

.text      0    0000026c    00002c1c     
                  0000026c    00000a4e     rtsv7M4_T_le_v4SPD16_eabi.lib : _printfi.c.obj (.text:__TI_printfi)
                  00000cba    00000002                                   : _lock.c.obj (.text:_nop)
                  00000cbc    00000270                                   : _printfi.c.obj (.text:_pconv_a)
                  00000f2c    000001d0                                   : _printfi.c.obj (.text:_pconv_g)
                  000010fc    000001b6                                   : fd_add_t2.asm.obj (.text)
                  000012b2    00000002                                   : div0.asm.obj (.text)
                  000012b4    0000013c                                   : _printfi.c.obj (.text:_pconv_e)
                  000013f0    00000136                                   : fd_div_t2.asm.obj (.text)
                  00001526    00000002     --HOLE-- [fill = 0]
                  00001528    00000124                                   : _printfi.c.obj (.text:fcvt)
                  0000164c    00000124     os.obj (.text)
                  00001770    00000114     rtsv7M4_T_le_v4SPD16_eabi.lib : fputs.c.obj (.text:fputs)
                  00001884    00000110                                   : s_scalbn.c.obj (.text:scalbn)
                  00001994    000000fc                                   : fd_mul_t2.asm.obj (.text)
                  00001a90    000000f4                                   : memory.c.obj (.text:aligned_alloc)
                  00001b84    000000e8                                   : memory.c.obj (.text:free)
                  00001c6c    000000dc                                   : setvbuf.c.obj (.text:setvbuf)
                  00001d48    000000b1                                   : _printfi.c.obj (.text:_ltostr)
                  00001df9    00000003     --HOLE-- [fill = 0]
                  00001dfc    000000a8     sys_init.obj (.text)
                  00001ea4    0000009c     rtsv7M4_T_le_v4SPD16_eabi.lib : memcpy_t2.asm.obj (.text)
                  00001f40    00000096                                   : ull_div_t2.asm.obj (.text)
                  00001fd6    00000002     --HOLE-- [fill = 0]
                  00001fd8    0000008c                                   : fputc.c.obj (.text:fputc)
                  00002064    00000086                                   : fd_cmp_t2.asm.obj (.text:__aeabi_cdcmple)
                  000020ea    00000086                                   : fd_cmp_t2.asm.obj (.text:__aeabi_cdrcmple)
                  00002170    0000007c                                   : memory.c.obj (.text:split)
                  000021ec    0000007a                                   : memset_t2.asm.obj (.text)
                  00002266    00000002     --HOLE-- [fill = 0]
                  00002268    00000074                                   : fclose.c.obj (.text:__TI_closefile)
                  000022dc    0000006e                                   : _printfi.c.obj (.text:_mcpy)
                  0000234a    00000002     --HOLE-- [fill = 0]
                  0000234c    0000006c                                   : hostrename.c.obj (.text:HOSTrename)
                  000023b8    00000068                                   : hostlseek.c.obj (.text:HOSTlseek)
                  00002420    00000068                                   : copy_decompress_lzss.c.obj (.text:decompress:lzss:__TI_decompress_lzss)
                  00002488    00000068                                   : printf.c.obj (.text:printf)
                  000024f0    00000064                                   : s_frexp.c.obj (.text:frexp)
                  00002554    00000064                                   : fseek.c.obj (.text:fseek)
                  000025b8    00000062                                   : _io_perm.c.obj (.text:__TI_wrt_ok)
                  0000261a    00000002     --HOLE-- [fill = 0]
                  0000261c    00000060                                   : hostopen.c.obj (.text:HOSTopen)
                  0000267c    0000005c                                   : close.c.obj (.text:close)
                  000026d8    00000058                                   : hostread.c.obj (.text:HOSTread)
                  00002730    00000058                                   : hostwrite.c.obj (.text:HOSTwrite)
                  00002788    00000056                                   : _printfi.c.obj (.text:_pconv_f)
                  000027de    00000054                                   : ltoa.c.obj (.text:ltoa)
                  00002832    00000052                                   : _printfi.c.obj (.text:_ecpy)
                  00002884    0000004c                                   : fflush.c.obj (.text:__TI_doflush)
                  000028d0    0000004c                                   : atoi.c.obj (.text:atoi)
                  0000291c    00000048                                   : exit.c.obj (.text:exit)
                  00002964    00000048                                   : fd_toi_t2.asm.obj (.text)
                  000029ac    00000044                                   : hostclose.c.obj (.text:HOSTclose)
                  000029f0    00000044                                   : hostunlink.c.obj (.text:HOSTunlink)
                  00002a34    00000044                                   : autoinit.c.obj (.text:__TI_auto_init_nobinit_nopinit:__TI_auto_init_nobinit_nopinit)
                  00002a78    00000044                                   : getdevice.c.obj (.text:getdevice)
                  00002abc    0000003e                                   : _printfi.c.obj (.text:_fcpy)
                  00002afa    00000002     --HOLE-- [fill = 0]
                  00002afc    0000003c     main.obj (.text:os_tick_reset)
                  00002b38    00000038     rtsv7M4_T_le_v4SPD16_eabi.lib : trgmsg.c.obj (.text:__TI_writemsg)
                  00002b70    00000036                                   : strncpy.c.obj (.text:strncpy)
                  00002ba6    00000002     --HOLE-- [fill = 0]
                  00002ba8    00000034                                   : fopen.c.obj (.text:__TI_cleanup)
                  00002bdc    00000034                                   : trgmsg.c.obj (.text:__TI_readmsg)
                  00002c10    00000034                                   : boot_cortex_m.c.obj (.text:_c_int00_noargs:_c_int00_noargs)
                  00002c44    00000030                                   : getdevice.c.obj (.text:finddevice)
                  00002c74    0000002e                                   : i_tofd_t2.asm.obj (.text)
                  00002ca2    00000002     --HOLE-- [fill = 0]
                  00002ca4    0000002c                                   : unlink.c.obj (.text:unlink)
                  00002cd0    00000028                                   : memory.c.obj (.text:free_list_insert)
                  00002cf8    00000028                                   : lseek.c.obj (.text:lseek)
                  00002d20    00000028                                   : write.c.obj (.text:write)
                  00002d48    00000020                                   : memchr.c.obj (.text:memchr)
                  00002d68    0000001c                                   : copy_zero_init.c.obj (.text:decompress:ZI:__TI_zero_init_nomemset:__TI_zero_init_nomemset)
                  00002d84    0000001c                                   : memory.c.obj (.text:free_list_remove)
                  00002da0    0000001c                                   : memccpy.c.obj (.text:memccpy)
                  00002dbc    0000001a                                   : s_copysign.c.obj (.text:copysign)
                  00002dd6    00000018                                   : strcmp.c.obj (.text:strcmp)
                  00002dee    00000016                                   : strchr.c.obj (.text:strchr)
                  00002e04    00000014                                   : strcpy.c.obj (.text:strcpy)
                  00002e18    00000014                                   : strlen.c.obj (.text:strlen)
                  00002e2c    00000012                                   : wcslen.c.obj (.text:wcslen)
                  00002e3e    0000000e                                   : copy_decompress_none.c.obj (.text:decompress:none:__TI_decompress_none)
                  00002e4c    0000000e     main.obj (.text)
                  00002e5a    0000000c     tm4c123gh6pm_startup_ccs.obj (.text)
                  00002e66    00000002     --HOLE-- [fill = 0]
                  00002e68    00000008     rtsv7M4_T_le_v4SPD16_eabi.lib : errno.c.obj (.text:__aeabi_errno_addr)
                  00002e70    00000008                                   : memory.c.obj (.text:malloc)
                  00002e78    00000004                                   : printf.c.obj (.text:_outc)
                  00002e7c    00000004                                   : printf.c.obj (.text:_outs)
                  00002e80    00000004                                   : pre_init.c.obj (.text:_system_pre_init)
                  00002e84    00000004                                   : exit.c.obj (.text:abort:abort)

.const     0    00002e88    0000012c     
                  00002e88    00000101     rtsv7M4_T_le_v4SPD16_eabi.lib : ctype.c.obj (.const:.string:_ctypes_)
                  00002f89    00000003     --HOLE-- [fill = 0]
                  00002f8c    00000028     os.obj (.const:sch1)

.cinit     0    00002fb8    00000090     
                  00002fb8    0000006a     (.cinit..data.load) [load image, compression = lzss]
                  00003022    00000002     --HOLE-- [fill = 0]
                  00003024    0000000c     (__TI_handler_table)
                  00003030    00000008     (.cinit..bss.load) [load image, compression = zero_init]
                  00003038    00000010     (__TI_cinit_table)

.init_array 
*          0    00000000    00000000     UNINITIALIZED

.stack     0    20000000    00000200     UNINITIALIZED
                  20000000    00000004     rtsv7M4_T_le_v4SPD16_eabi.lib : boot_cortex_m.c.obj (.stack)
                  20000004    000001fc     --HOLE--

.data      0    20000200    000001fc     UNINITIALIZED
                  20000200    000000f0     rtsv7M4_T_le_v4SPD16_eabi.lib : defs.c.obj (.data:_ftable)
                  200002f0    00000078                                   : host_device.c.obj (.data:_device)
                  20000368    00000050                                   : host_device.c.obj (.data:_stream)
                  200003b8    00000010                                   : defs.c.obj (.data)
                  200003c8    0000000c                                   : exit.c.obj (.data:$O1$$)
                  200003d4    0000000a     os.obj (.data:os_normal_task_count)
                  200003de    00000002     --HOLE--
                  200003e0    00000008     rtsv7M4_T_le_v4SPD16_eabi.lib : _lock.c.obj (.data:$O1$$)
                  200003e8    00000008                                   : memory.c.obj (.data:$O1$$)
                  200003f0    00000005     os.obj (.data)
                  200003f5    00000003     --HOLE--
                  200003f8    00000004     rtsv7M4_T_le_v4SPD16_eabi.lib : errno.c.obj (.data)

.bss       0    200003fc    000001d2     UNINITIALIZED
                  200003fc    00000120     rtsv7M4_T_le_v4SPD16_eabi.lib : trgmsg.c.obj (.bss:_CIOBUF_)
                  2000051c    000000a0     (.common:__TI_tmpnams)
                  200005bc    00000008     (.common:parmbuf)
                  200005c4    00000004     (.common:global_trigger)
                  200005c8    00000004     (.common:oscounterincrement_1ms)
                  200005cc    00000002     (.common:task_mask_p1)

.sysmem    0    200005d0    00000010     UNINITIALIZED
                  200005d0    00000010     rtsv7M4_T_le_v4SPD16_eabi.lib : memory.c.obj (.sysmem)

MODULE SUMMARY

       Module                         code    ro data   rw data
       ------                         ----    -------   -------
    ./
       tm4c123gh6pm_startup_ccs.obj   12      620       0      
       main.obj                       74      0         0      
    +--+------------------------------+-------+---------+---------+
       Total:                         86      620       0      
                                                               
    ./OSFILES/
       os.obj                         292     40        25     
    +--+------------------------------+-------+---------+---------+
       Total:                         292     40        25     
                                                               
    ./SOURCE/
       sys_init.obj                   168     0         0      
    +--+------------------------------+-------+---------+---------+
       Total:                         168     0         0      
                                                               
    /home/satish/ti/ccs920/ccs/tools/compiler/ti-cgt-arm_18.12.3.LTS/lib/rtsv7M4_T_le_v4SPD16_eabi.lib
       _printfi.c.obj                 4851    0         0      
       memory.c.obj                   676     0         8      
       fd_add_t2.asm.obj              438     0         0      
       defs.c.obj                     0       0         416    
       trgmsg.c.obj                   108     0         288    
       fd_div_t2.asm.obj              310     0         0      
       fputs.c.obj                    276     0         0      
       s_scalbn.c.obj                 272     0         0      
       fd_cmp_t2.asm.obj              268     0         0      
       ctype.c.obj                    0       257       0      
       fd_mul_t2.asm.obj              252     0         0      
       setvbuf.c.obj                  220     0         0      
       host_device.c.obj              0       0         200    
       memcpy_t2.asm.obj              156     0         0      
       ull_div_t2.asm.obj             150     0         0      
       fputc.c.obj                    140     0         0      
       memset_t2.asm.obj              122     0         0      
       fclose.c.obj                   116     0         0      
       getdevice.c.obj                116     0         0      
       printf.c.obj                   112     0         0      
       hostrename.c.obj               108     0         0      
       copy_decompress_lzss.c.obj     104     0         0      
       hostlseek.c.obj                104     0         0      
       hostopen.c.obj                 96      0         8      
       fseek.c.obj                    100     0         0      
       s_frexp.c.obj                  100     0         0      
       _io_perm.c.obj                 98      0         0      
       close.c.obj                    92      0         0      
       exit.c.obj                     76      0         12     
       hostread.c.obj                 88      0         0      
       hostwrite.c.obj                88      0         0      
       ltoa.c.obj                     84      0         0      
       atoi.c.obj                     76      0         0      
       fflush.c.obj                   76      0         0      
       fd_toi_t2.asm.obj              72      0         0      
       autoinit.c.obj                 68      0         0      
       hostclose.c.obj                68      0         0      
       hostunlink.c.obj               68      0         0      
       strncpy.c.obj                  54      0         0      
       boot_cortex_m.c.obj            52      0         0      
       fopen.c.obj                    52      0         0      
       i_tofd_t2.asm.obj              46      0         0      
       unlink.c.obj                   44      0         0      
       lseek.c.obj                    40      0         0      
       write.c.obj                    40      0         0      
       memchr.c.obj                   32      0         0      
       copy_zero_init.c.obj           28      0         0      
       memccpy.c.obj                  28      0         0      
       s_copysign.c.obj               26      0         0      
       strcmp.c.obj                   24      0         0      
       strchr.c.obj                   22      0         0      
       strcpy.c.obj                   20      0         0      
       strlen.c.obj                   20      0         0      
       wcslen.c.obj                   18      0         0      
       copy_decompress_none.c.obj     14      0         0      
       errno.c.obj                    8       0         4      
       _lock.c.obj                    2       0         8      
       pre_init.c.obj                 4       0         0      
       div0.asm.obj                   2       0         0      
    +--+------------------------------+-------+---------+---------+
       Total:                         10725   257       944    
                                                               
       Heap:                          0       0         16     
       Stack:                         0       0         512    
       Linker Generated:              0       142       0      
    +--+------------------------------+-------+---------+---------+
       Grand Total:                   11271   1059      1497   


LINKER GENERATED COPY TABLES

__TI_cinit_table @ 00003038 records: 2, size/record: 8, table size: 16
	.data: load addr=00002fb8, load size=0000006a bytes, run addr=20000200, run size=000001fc bytes, compression=lzss
	.bss: load addr=00003030, load size=00000008 bytes, run addr=200003fc, run size=000001d2 bytes, compression=zero_init


LINKER GENERATED HANDLER TABLE

__TI_handler_table @ 00003024 records: 3, size/record: 4, table size: 12
	index: 0, handler: __TI_decompress_lzss
	index: 1, handler: __TI_decompress_none
	index: 2, handler: __TI_zero_init


GLOBAL SYMBOLS: SORTED ALPHABETICALLY BY Name 

address   name                           
-------   ----                           
00002e85  C$$EXIT                        
00002b67  C$$IO$$                        
000029ad  HOSTclose                      
000023b9  HOSTlseek                      
0000261d  HOSTopen                       
000026d9  HOSTread                       
0000234d  HOSTrename                     
000029f1  HOSTunlink                     
00002731  HOSTwrite                      
00002e5b  ResetISR                       
200003fc  __CIOBUF_                      
20000200  __STACK_END                    
00000200  __STACK_SIZE                   
20000200  __STACK_TOP                    
00000010  __SYSMEM_SIZE                  
00003038  __TI_CINIT_Base                
00003048  __TI_CINIT_Limit               
00003024  __TI_Handler_Table_Base        
00003030  __TI_Handler_Table_Limit       
00002a35  __TI_auto_init_nobinit_nopinit 
00002ba9  __TI_cleanup                   
200003c8  __TI_cleanup_ptr               
00002269  __TI_closefile                 
00002421  __TI_decompress_lzss           
00002e3f  __TI_decompress_none           
00002885  __TI_doflush                   
200003cc  __TI_dtors_ptr                 
200003d0  __TI_enable_exit_profile_output
200003b8  __TI_ft_end                    
ffffffff  __TI_pprof_out_hndl            
0000026d  __TI_printfi                   
ffffffff  __TI_prof_data_size            
ffffffff  __TI_prof_data_start           
00002bdd  __TI_readmsg                   
00000000  __TI_static_base__             
2000051c  __TI_tmpnams                   
00002b39  __TI_writemsg                  
000025b9  __TI_wrt_ok                    
00002d69  __TI_zero_init_nomemset        
00002065  __aeabi_cdcmpeq                
00002065  __aeabi_cdcmple                
000020eb  __aeabi_cdrcmple               
00002965  __aeabi_d2iz                   
00001107  __aeabi_dadd                   
000013f1  __aeabi_ddiv                   
00001995  __aeabi_dmul                   
000010fd  __aeabi_dsub                   
00002e69  __aeabi_errno_addr             
00002c75  __aeabi_i2d                    
000012b3  __aeabi_idiv0                  
000012b3  __aeabi_ldiv0                  
000021ed  __aeabi_memclr                 
000021ed  __aeabi_memclr4                
000021ed  __aeabi_memclr8                
00001ea5  __aeabi_memcpy                 
00001ea5  __aeabi_memcpy4                
00001ea5  __aeabi_memcpy8                
000021ef  __aeabi_memset                 
000021ef  __aeabi_memset4                
000021ef  __aeabi_memset8                
200003c4  __aeabi_stderr                 
200003bc  __aeabi_stdin                  
200003c0  __aeabi_stdout                 
00001f41  __aeabi_uldivmod               
ffffffff  __binit__                      
ffffffff  __c_args__                     
UNDEFED   __mpu_init                     
20000000  __stack                        
00002c11  _c_int00_noargs                
00002e88  _ctypes_                       
200002f0  _device                        
20000200  _ftable                        
200003e0  _lock                          
00000cbb  _nop                           
20000368  _stream                        
200005d0  _sys_memory                    
UNDEFED   _system_post_cinit             
00002e81  _system_pre_init               
200003e4  _unlock                        
00002e85  abort                          
00001a91  aligned_alloc                  
000028d1  atoi                           
ffffffff  binit                          
0000267d  close                          
00002dbd  copysign                       
00002dbd  copysignl                      
200003f0  counter_lock                   
200003f8  errno                          
0000291d  exit                           
00002c45  finddevice                     
00001fd9  fputc                          
00001771  fputs                          
00001b85  free                           
000024f1  frexp                          
000024f1  frexpl                         
00002555  fseek                          
00000000  g_pfnVectors                   
00002a79  getdevice                      
200005c4  global_trigger                 
00001dfd  initilize_rcc_registers        
00001e31  intilize_rcc2_registers        
00001885  ldexp                          
00001885  ldexpl                         
00002cf9  lseek                          
000027df  ltoa                           
00002e4d  main                           
00002e71  malloc                         
00001a91  memalign                       
00002da1  memccpy                        
00002d49  memchr                         
00001ea5  memcpy                         
000021f5  memset                         
200003d4  os_normal_task_count           
00002afd  os_tick_reset                  
200005c8  oscounterincrement_1ms         
200005bc  parmbuf                        
00001e89  powerdown_sequence             
200003f4  prev                           
00002489  printf                         
00001fd9  putc                           
00002ca5  remove                         
00001885  scalbn                         
00001885  scalbnl                        
00002f8c  sch1                           
0000171f  set_maxtaskmask                
00001c6d  setvbuf                        
0000164d  start_os                       
00002def  strchr                         
00002dd7  strcmp                         
00002e05  strcpy                         
00002e19  strlen                         
00002b71  strncpy                        
00001e5f  sys_init                       
00001e6b  system_clkregister_initilize   
0000174f  system_register_initilize      
00001e73  systick_initlize               
00001715  task_100ms                     
00001701  task_10ms                      
000016ed  task_1ms                       
0000170b  task_20ms                      
000016f7  task_5ms                       
200005cc  task_mask_p1                   
00002ca5  unlink                         
00002e2d  wcslen                         
00002d21  write                          


GLOBAL SYMBOLS: SORTED BY Symbol Address 

address   name                           
-------   ----                           
00000000  __TI_static_base__             
00000000  g_pfnVectors                   
00000010  __SYSMEM_SIZE                  
00000200  __STACK_SIZE                   
0000026d  __TI_printfi                   
00000cbb  _nop                           
000010fd  __aeabi_dsub                   
00001107  __aeabi_dadd                   
000012b3  __aeabi_idiv0                  
000012b3  __aeabi_ldiv0                  
000013f1  __aeabi_ddiv                   
0000164d  start_os                       
000016ed  task_1ms                       
000016f7  task_5ms                       
00001701  task_10ms                      
0000170b  task_20ms                      
00001715  task_100ms                     
0000171f  set_maxtaskmask                
0000174f  system_register_initilize      
00001771  fputs                          
00001885  ldexp                          
00001885  ldexpl                         
00001885  scalbn                         
00001885  scalbnl                        
00001995  __aeabi_dmul                   
00001a91  aligned_alloc                  
00001a91  memalign                       
00001b85  free                           
00001c6d  setvbuf                        
00001dfd  initilize_rcc_registers        
00001e31  intilize_rcc2_registers        
00001e5f  sys_init                       
00001e6b  system_clkregister_initilize   
00001e73  systick_initlize               
00001e89  powerdown_sequence             
00001ea5  __aeabi_memcpy                 
00001ea5  __aeabi_memcpy4                
00001ea5  __aeabi_memcpy8                
00001ea5  memcpy                         
00001f41  __aeabi_uldivmod               
00001fd9  fputc                          
00001fd9  putc                           
00002065  __aeabi_cdcmpeq                
00002065  __aeabi_cdcmple                
000020eb  __aeabi_cdrcmple               
000021ed  __aeabi_memclr                 
000021ed  __aeabi_memclr4                
000021ed  __aeabi_memclr8                
000021ef  __aeabi_memset                 
000021ef  __aeabi_memset4                
000021ef  __aeabi_memset8                
000021f5  memset                         
00002269  __TI_closefile                 
0000234d  HOSTrename                     
000023b9  HOSTlseek                      
00002421  __TI_decompress_lzss           
00002489  printf                         
000024f1  frexp                          
000024f1  frexpl                         
00002555  fseek                          
000025b9  __TI_wrt_ok                    
0000261d  HOSTopen                       
0000267d  close                          
000026d9  HOSTread                       
00002731  HOSTwrite                      
000027df  ltoa                           
00002885  __TI_doflush                   
000028d1  atoi                           
0000291d  exit                           
00002965  __aeabi_d2iz                   
000029ad  HOSTclose                      
000029f1  HOSTunlink                     
00002a35  __TI_auto_init_nobinit_nopinit 
00002a79  getdevice                      
00002afd  os_tick_reset                  
00002b39  __TI_writemsg                  
00002b67  C$$IO$$                        
00002b71  strncpy                        
00002ba9  __TI_cleanup                   
00002bdd  __TI_readmsg                   
00002c11  _c_int00_noargs                
00002c45  finddevice                     
00002c75  __aeabi_i2d                    
00002ca5  remove                         
00002ca5  unlink                         
00002cf9  lseek                          
00002d21  write                          
00002d49  memchr                         
00002d69  __TI_zero_init_nomemset        
00002da1  memccpy                        
00002dbd  copysign                       
00002dbd  copysignl                      
00002dd7  strcmp                         
00002def  strchr                         
00002e05  strcpy                         
00002e19  strlen                         
00002e2d  wcslen                         
00002e3f  __TI_decompress_none           
00002e4d  main                           
00002e5b  ResetISR                       
00002e69  __aeabi_errno_addr             
00002e71  malloc                         
00002e81  _system_pre_init               
00002e85  C$$EXIT                        
00002e85  abort                          
00002e88  _ctypes_                       
00002f8c  sch1                           
00003024  __TI_Handler_Table_Base        
00003030  __TI_Handler_Table_Limit       
00003038  __TI_CINIT_Base                
00003048  __TI_CINIT_Limit               
20000000  __stack                        
20000200  __STACK_END                    
20000200  __STACK_TOP                    
20000200  _ftable                        
200002f0  _device                        
20000368  _stream                        
200003b8  __TI_ft_end                    
200003bc  __aeabi_stdin                  
200003c0  __aeabi_stdout                 
200003c4  __aeabi_stderr                 
200003c8  __TI_cleanup_ptr               
200003cc  __TI_dtors_ptr                 
200003d0  __TI_enable_exit_profile_output
200003d4  os_normal_task_count           
200003e0  _lock                          
200003e4  _unlock                        
200003f0  counter_lock                   
200003f4  prev                           
200003f8  errno                          
200003fc  __CIOBUF_                      
2000051c  __TI_tmpnams                   
200005bc  parmbuf                        
200005c4  global_trigger                 
200005c8  oscounterincrement_1ms         
200005cc  task_mask_p1                   
200005d0  _sys_memory                    
ffffffff  __TI_pprof_out_hndl            
ffffffff  __TI_prof_data_size            
ffffffff  __TI_prof_data_start           
ffffffff  __binit__                      
ffffffff  __c_args__                     
ffffffff  binit                          
UNDEFED   __mpu_init                     
UNDEFED   _system_post_cinit             

[145 symbols]
