******************************************************************************
                  TI ARM Linker Unix v18.12.3                  
******************************************************************************
>> Linked Sun Feb  2 10:40:06 2020

OUTPUT FILE NAME:   <embssystems_practice.out>
ENTRY POINT SYMBOL: "_c_int00_noargs"  address: 00003611


MEMORY CONFIGURATION

         name            origin    length      used     unused   attr    fill
----------------------  --------  ---------  --------  --------  ----  --------
  FLASH                 00000000   00040000  00003c40  0003c3c0  R  X
  SRAM                  20000000   00008000  00000633  000079cd  RW X


SEGMENT ALLOCATION MAP

run origin  load origin   length   init length attrs members
----------  ----------- ---------- ----------- ----- -------
00000000    00000000    00003c40   00003c40    r-x
  00000000    00000000    0000026c   0000026c    r-- .intvecs
  0000026c    0000026c    00003628   00003628    r-x .text
  00003894    00003894    0000031c   0000031c    r-- .const
  00003bb0    00003bb0    00000090   00000090    r-- .cinit
20000000    20000000    00000638   00000000    rw-
  20000000    20000000    00000218   00000000    rw- .data
  20000218    20000218    0000020b   00000000    rw- .bss
  20000428    20000428    00000200   00000000    rw- .stack
  20000628    20000628    00000010   00000000    rw- .sysmem


SECTION ALLOCATION MAP

 output                                  attributes/
section   page    origin      length       input sections
--------  ----  ----------  ----------   ----------------
.intvecs   0    00000000    0000026c     
                  00000000    0000026c     tm4c123gh6pm_startup_ccs.obj (.intvecs)

.text      0    0000026c    00003628     
                  0000026c    00000a4e     rtsv7M4_T_le_v4SPD16_eabi.lib : _printfi.c.obj (.text:__TI_printfi)
                  00000cba    00000002                                   : _lock.c.obj (.text:_nop)
                  00000cbc    0000048c     sys_init.obj (.text)
                  00001148    00000274     i2c.obj (.text)
                  000013bc    00000270     rtsv7M4_T_le_v4SPD16_eabi.lib : _printfi.c.obj (.text:_pconv_a)
                  0000162c    000001e0     eeprom_mngr.obj (.text)
                  0000180c    000001d0     rtsv7M4_T_le_v4SPD16_eabi.lib : _printfi.c.obj (.text:_pconv_g)
                  000019dc    000001b6                                   : fd_add_t2.asm.obj (.text)
                  00001b92    00000002                                   : div0.asm.obj (.text)
                  00001b94    00000184     os.obj (.text)
                  00001d18    0000013c     rtsv7M4_T_le_v4SPD16_eabi.lib : _printfi.c.obj (.text:_pconv_e)
                  00001e54    00000136                                   : fd_div_t2.asm.obj (.text)
                  00001f8a    00000002     --HOLE-- [fill = 0]
                  00001f8c    00000124                                   : _printfi.c.obj (.text:fcvt)
                  000020b0    00000114                                   : fputs.c.obj (.text:fputs)
                  000021c4    00000110                                   : s_scalbn.c.obj (.text:scalbn)
                  000022d4    000000fc                                   : fd_mul_t2.asm.obj (.text)
                  000023d0    000000f4                                   : memory.c.obj (.text:aligned_alloc)
                  000024c4    000000e8                                   : memory.c.obj (.text:free)
                  000025ac    000000dc                                   : setvbuf.c.obj (.text:setvbuf)
                  00002688    000000b1                                   : _printfi.c.obj (.text:_ltostr)
                  00002739    00000003     --HOLE-- [fill = 0]
                  0000273c    000000a4     pwm_timer_lib.obj (.text)
                  000027e0    0000009c     rtsv7M4_T_le_v4SPD16_eabi.lib : memcpy_t2.asm.obj (.text)
                  0000287c    00000096                                   : ull_div_t2.asm.obj (.text)
                  00002912    00000002     --HOLE-- [fill = 0]
                  00002914    0000008c                                   : fputc.c.obj (.text:fputc)
                  000029a0    00000086                                   : fd_cmp_t2.asm.obj (.text:__aeabi_cdcmple)
                  00002a26    00000086                                   : fd_cmp_t2.asm.obj (.text:__aeabi_cdrcmple)
                  00002aac    0000007c                                   : memory.c.obj (.text:split)
                  00002b28    0000007a                                   : memset_t2.asm.obj (.text)
                  00002ba2    00000002     --HOLE-- [fill = 0]
                  00002ba4    00000074                                   : fclose.c.obj (.text:__TI_closefile)
                  00002c18    00000070     exception_handlers.obj (.text)
                  00002c88    0000006e     rtsv7M4_T_le_v4SPD16_eabi.lib : _printfi.c.obj (.text:_mcpy)
                  00002cf6    00000002     --HOLE-- [fill = 0]
                  00002cf8    0000006c                                   : hostrename.c.obj (.text:HOSTrename)
                  00002d64    00000068                                   : hostlseek.c.obj (.text:HOSTlseek)
                  00002dcc    00000068                                   : copy_decompress_lzss.c.obj (.text:decompress:lzss:__TI_decompress_lzss)
                  00002e34    00000068                                   : printf.c.obj (.text:printf)
                  00002e9c    00000064                                   : s_frexp.c.obj (.text:frexp)
                  00002f00    00000064                                   : fseek.c.obj (.text:fseek)
                  00002f64    00000062                                   : _io_perm.c.obj (.text:__TI_wrt_ok)
                  00002fc6    00000002     --HOLE-- [fill = 0]
                  00002fc8    00000060                                   : hostopen.c.obj (.text:HOSTopen)
                  00003028    0000005c                                   : close.c.obj (.text:close)
                  00003084    00000058                                   : hostread.c.obj (.text:HOSTread)
                  000030dc    00000058                                   : hostwrite.c.obj (.text:HOSTwrite)
                  00003134    00000056                                   : _printfi.c.obj (.text:_pconv_f)
                  0000318a    00000054                                   : ltoa.c.obj (.text:ltoa)
                  000031de    00000002     --HOLE-- [fill = 0]
                  000031e0    00000054     main.obj (.text:os_tick_reset)
                  00003234    00000052     rtsv7M4_T_le_v4SPD16_eabi.lib : _printfi.c.obj (.text:_ecpy)
                  00003286    0000004c                                   : fflush.c.obj (.text:__TI_doflush)
                  000032d2    00000002     --HOLE-- [fill = 0]
                  000032d4    0000004c                                   : atoi.c.obj (.text:atoi)
                  00003320    00000048                                   : exit.c.obj (.text:exit)
                  00003368    00000048                                   : fd_toi_t2.asm.obj (.text)
                  000033b0    00000044                                   : hostclose.c.obj (.text:HOSTclose)
                  000033f4    00000044                                   : hostunlink.c.obj (.text:HOSTunlink)
                  00003438    00000044                                   : autoinit.c.obj (.text:__TI_auto_init_nobinit_nopinit:__TI_auto_init_nobinit_nopinit)
                  0000347c    00000044                                   : getdevice.c.obj (.text:getdevice)
                  000034c0    0000003e                                   : _printfi.c.obj (.text:_fcpy)
                  000034fe    00000002     --HOLE-- [fill = 0]
                  00003500    00000038                                   : trgmsg.c.obj (.text:__TI_writemsg)
                  00003538    00000038     diagnostic_manager.obj (.text)
                  00003570    00000036     rtsv7M4_T_le_v4SPD16_eabi.lib : strncpy.c.obj (.text:strncpy)
                  000035a6    00000002     --HOLE-- [fill = 0]
                  000035a8    00000034                                   : fopen.c.obj (.text:__TI_cleanup)
                  000035dc    00000034                                   : trgmsg.c.obj (.text:__TI_readmsg)
                  00003610    00000034                                   : boot_cortex_m.c.obj (.text:_c_int00_noargs:_c_int00_noargs)
                  00003644    00000030                                   : getdevice.c.obj (.text:finddevice)
                  00003674    0000002e                                   : i_tofd_t2.asm.obj (.text)
                  000036a2    00000002     --HOLE-- [fill = 0]
                  000036a4    0000002c                                   : unlink.c.obj (.text:unlink)
                  000036d0    00000028                                   : memory.c.obj (.text:free_list_insert)
                  000036f8    00000028                                   : lseek.c.obj (.text:lseek)
                  00003720    00000028                                   : write.c.obj (.text:write)
                  00003748    00000020                                   : memchr.c.obj (.text:memchr)
                  00003768    0000001c                                   : copy_zero_init.c.obj (.text:decompress:ZI:__TI_zero_init_nomemset:__TI_zero_init_nomemset)
                  00003784    0000001c                                   : memory.c.obj (.text:free_list_remove)
                  000037a0    0000001c                                   : memccpy.c.obj (.text:memccpy)
                  000037bc    0000001a                                   : s_copysign.c.obj (.text:copysign)
                  000037d6    00000018                                   : strcmp.c.obj (.text:strcmp)
                  000037ee    00000016                                   : strchr.c.obj (.text:strchr)
                  00003804    00000014                                   : strcpy.c.obj (.text:strcpy)
                  00003818    00000014                                   : strlen.c.obj (.text:strlen)
                  0000382c    00000012                                   : wcslen.c.obj (.text:wcslen)
                  0000383e    0000000e     i2c.obj (.text:calculate_MTPR)
                  0000384c    0000000e     rtsv7M4_T_le_v4SPD16_eabi.lib : copy_decompress_none.c.obj (.text:decompress:none:__TI_decompress_none)
                  0000385a    0000000e     main.obj (.text)
                  00003868    0000000c     tm4c123gh6pm_startup_ccs.obj (.text)
                  00003874    00000008     rtsv7M4_T_le_v4SPD16_eabi.lib : errno.c.obj (.text:__aeabi_errno_addr)
                  0000387c    00000008                                   : memory.c.obj (.text:malloc)
                  00003884    00000004                                   : printf.c.obj (.text:_outc)
                  00003888    00000004                                   : printf.c.obj (.text:_outs)
                  0000388c    00000004                                   : pre_init.c.obj (.text:_system_pre_init)
                  00003890    00000004                                   : exit.c.obj (.text:abort:abort)

.const     0    00003894    0000031c     
                  00003894    00000172     constdata_gpioconfig.obj (.const:gpio_pin_spec)
                  00003a06    00000101     rtsv7M4_T_le_v4SPD16_eabi.lib : ctype.c.obj (.const:.string:_ctypes_)
                  00003b07    00000001     --HOLE-- [fill = 0]
                  00003b08    00000080     i2c.obj (.const:tbl)
                  00003b88    00000028     os.obj (.const:sch1)

.cinit     0    00003bb0    00000090     
                  00003bb0    0000006b     (.cinit..data.load) [load image, compression = lzss]
                  00003c1b    00000001     --HOLE-- [fill = 0]
                  00003c1c    0000000c     (__TI_handler_table)
                  00003c28    00000008     (.cinit..bss.load) [load image, compression = zero_init]
                  00003c30    00000010     (__TI_cinit_table)

.init_array 
*          0    00000000    00000000     UNINITIALIZED

.data      0    20000000    00000218     UNINITIALIZED
                  20000000    000000f0     rtsv7M4_T_le_v4SPD16_eabi.lib : defs.c.obj (.data:_ftable)
                  200000f0    00000078                                   : host_device.c.obj (.data:_device)
                  20000168    00000050                                   : host_device.c.obj (.data:_stream)
                  200001b8    00000028     os.obj (.data:os_normal_task_count)
                  200001e0    00000010     rtsv7M4_T_le_v4SPD16_eabi.lib : defs.c.obj (.data)
                  200001f0    0000000c                                   : exit.c.obj (.data:$O1$$)
                  200001fc    00000008                                   : _lock.c.obj (.data:$O1$$)
                  20000204    00000008                                   : memory.c.obj (.data:$O1$$)
                  2000020c    00000005     os.obj (.data)
                  20000211    00000002     diagnostic_manager.obj (.data)
                  20000213    00000001     --HOLE--
                  20000214    00000004     rtsv7M4_T_le_v4SPD16_eabi.lib : errno.c.obj (.data)

.bss       0    20000218    0000020b     UNINITIALIZED
                  20000218    00000120     rtsv7M4_T_le_v4SPD16_eabi.lib : trgmsg.c.obj (.bss:_CIOBUF_)
                  20000338    000000a0     (.common:__TI_tmpnams)
                  200003d8    00000024     (.common:eeprom_access)
                  200003fc    00000008     (.common:Fault_Info)
                  20000404    00000004     (.common:global_trigger)
                  20000408    00000008     (.common:freerunningcounter)
                  20000410    00000008     (.common:parmbuf)
                  20000418    00000004     (.common:oscounterincrement_1ms)
                  2000041c    00000004     (.common:timercount)
                  20000420    00000002     (.common:task_mask_p1)
                  20000422    00000001     (.common:eeprom_init_stat)

.stack     0    20000428    00000200     UNINITIALIZED
                  20000428    00000004     rtsv7M4_T_le_v4SPD16_eabi.lib : boot_cortex_m.c.obj (.stack)
                  2000042c    000001fc     --HOLE--

.sysmem    0    20000628    00000010     UNINITIALIZED
                  20000628    00000010     rtsv7M4_T_le_v4SPD16_eabi.lib : memory.c.obj (.sysmem)

MODULE SUMMARY

       Module                         code    ro data   rw data
       ------                         ----    -------   -------
    ./
       tm4c123gh6pm_startup_ccs.obj   12      620       0      
       main.obj                       98      0         0      
    +--+------------------------------+-------+---------+---------+
       Total:                         110     620       0      
                                                               
    ./DATA_CONST/
       constdata_gpioconfig.obj       0       370       0      
    +--+------------------------------+-------+---------+---------+
       Total:                         0       370       0      
                                                               
    ./Diagnostics/
       diagnostic_manager.obj         56      0         10     
    +--+------------------------------+-------+---------+---------+
       Total:                         56      0         10     
                                                               
    ./OSFILES/
       os.obj                         388     40        63     
    +--+------------------------------+-------+---------+---------+
       Total:                         388     40        63     
                                                               
    ./SOURCE/
       sys_init.obj                   1164    0         0      
       exception_handlers.obj         112     0         4      
    +--+------------------------------+-------+---------+---------+
       Total:                         1276    0         4      
                                                               
    ./driver_libraries/
       i2c.obj                        642     128       0      
       eeprom_mngr.obj                480     0         37     
       pwm_timer_lib.obj              164     0         0      
    +--+------------------------------+-------+---------+---------+
       Total:                         1286    128       37     
                                                               
    /home/satish/ti/ccs920/ccs/tools/compiler/ti-cgt-arm_18.12.3.LTS/lib/rtsv7M4_T_le_v4SPD16_eabi.lib
       _printfi.c.obj                 4851    0         0      
       memory.c.obj                   676     0         8      
       fd_add_t2.asm.obj              438     0         0      
       defs.c.obj                     0       0         416    
       trgmsg.c.obj                   108     0         288    
       fd_div_t2.asm.obj              310     0         0      
       fputs.c.obj                    276     0         0      
       s_scalbn.c.obj                 272     0         0      
       fd_cmp_t2.asm.obj              268     0         0      
       ctype.c.obj                    0       257       0      
       fd_mul_t2.asm.obj              252     0         0      
       setvbuf.c.obj                  220     0         0      
       host_device.c.obj              0       0         200    
       memcpy_t2.asm.obj              156     0         0      
       ull_div_t2.asm.obj             150     0         0      
       fputc.c.obj                    140     0         0      
       memset_t2.asm.obj              122     0         0      
       fclose.c.obj                   116     0         0      
       getdevice.c.obj                116     0         0      
       printf.c.obj                   112     0         0      
       hostrename.c.obj               108     0         0      
       copy_decompress_lzss.c.obj     104     0         0      
       hostlseek.c.obj                104     0         0      
       hostopen.c.obj                 96      0         8      
       fseek.c.obj                    100     0         0      
       s_frexp.c.obj                  100     0         0      
       _io_perm.c.obj                 98      0         0      
       close.c.obj                    92      0         0      
       exit.c.obj                     76      0         12     
       hostread.c.obj                 88      0         0      
       hostwrite.c.obj                88      0         0      
       ltoa.c.obj                     84      0         0      
       atoi.c.obj                     76      0         0      
       fflush.c.obj                   76      0         0      
       fd_toi_t2.asm.obj              72      0         0      
       autoinit.c.obj                 68      0         0      
       hostclose.c.obj                68      0         0      
       hostunlink.c.obj               68      0         0      
       strncpy.c.obj                  54      0         0      
       boot_cortex_m.c.obj            52      0         0      
       fopen.c.obj                    52      0         0      
       i_tofd_t2.asm.obj              46      0         0      
       unlink.c.obj                   44      0         0      
       lseek.c.obj                    40      0         0      
       write.c.obj                    40      0         0      
       memchr.c.obj                   32      0         0      
       copy_zero_init.c.obj           28      0         0      
       memccpy.c.obj                  28      0         0      
       s_copysign.c.obj               26      0         0      
       strcmp.c.obj                   24      0         0      
       strchr.c.obj                   22      0         0      
       strcpy.c.obj                   20      0         0      
       strlen.c.obj                   20      0         0      
       wcslen.c.obj                   18      0         0      
       copy_decompress_none.c.obj     14      0         0      
       errno.c.obj                    8       0         4      
       _lock.c.obj                    2       0         8      
       pre_init.c.obj                 4       0         0      
       div0.asm.obj                   2       0         0      
    +--+------------------------------+-------+---------+---------+
       Total:                         10725   257       944    
                                                               
       Heap:                          0       0         16     
       Stack:                         0       0         512    
       Linker Generated:              0       143       0      
    +--+------------------------------+-------+---------+---------+
       Grand Total:                   13841   1558      1586   


LINKER GENERATED COPY TABLES

__TI_cinit_table @ 00003c30 records: 2, size/record: 8, table size: 16
	.data: load addr=00003bb0, load size=0000006b bytes, run addr=20000000, run size=00000218 bytes, compression=lzss
	.bss: load addr=00003c28, load size=00000008 bytes, run addr=20000218, run size=0000020b bytes, compression=zero_init


LINKER GENERATED HANDLER TABLE

__TI_handler_table @ 00003c1c records: 3, size/record: 4, table size: 12
	index: 0, handler: __TI_decompress_lzss
	index: 1, handler: __TI_decompress_none
	index: 2, handler: __TI_zero_init


GLOBAL SYMBOLS: SORTED ALPHABETICALLY BY Name 

address   name                           
-------   ----                           
00003891  C$$EXIT                        
0000352f  C$$IO$$                        
200003fc  Fault_Info                     
000033b1  HOSTclose                      
00002d65  HOSTlseek                      
00002fc9  HOSTopen                       
00003085  HOSTread                       
00002cf9  HOSTrename                     
000033f5  HOSTunlink                     
000030dd  HOSTwrite                      
00003869  ResetISR                       
20000218  __CIOBUF_                      
20000628  __STACK_END                    
00000200  __STACK_SIZE                   
20000628  __STACK_TOP                    
00000010  __SYSMEM_SIZE                  
00003c30  __TI_CINIT_Base                
00003c40  __TI_CINIT_Limit               
00003c1c  __TI_Handler_Table_Base        
00003c28  __TI_Handler_Table_Limit       
00003439  __TI_auto_init_nobinit_nopinit 
000035a9  __TI_cleanup                   
200001f0  __TI_cleanup_ptr               
00002ba5  __TI_closefile                 
00002dcd  __TI_decompress_lzss           
0000384d  __TI_decompress_none           
00003287  __TI_doflush                   
200001f4  __TI_dtors_ptr                 
200001f8  __TI_enable_exit_profile_output
200001e0  __TI_ft_end                    
ffffffff  __TI_pprof_out_hndl            
0000026d  __TI_printfi                   
ffffffff  __TI_prof_data_size            
ffffffff  __TI_prof_data_start           
000035dd  __TI_readmsg                   
00000000  __TI_static_base__             
20000338  __TI_tmpnams                   
00003501  __TI_writemsg                  
00002f65  __TI_wrt_ok                    
00003769  __TI_zero_init_nomemset        
000029a1  __aeabi_cdcmpeq                
000029a1  __aeabi_cdcmple                
00002a27  __aeabi_cdrcmple               
00003369  __aeabi_d2iz                   
000019e7  __aeabi_dadd                   
00001e55  __aeabi_ddiv                   
000022d5  __aeabi_dmul                   
000019dd  __aeabi_dsub                   
00003875  __aeabi_errno_addr             
00003675  __aeabi_i2d                    
00001b93  __aeabi_idiv0                  
00001b93  __aeabi_ldiv0                  
00002b29  __aeabi_memclr                 
00002b29  __aeabi_memclr4                
00002b29  __aeabi_memclr8                
000027e1  __aeabi_memcpy                 
000027e1  __aeabi_memcpy4                
000027e1  __aeabi_memcpy8                
00002b2b  __aeabi_memset                 
00002b2b  __aeabi_memset4                
00002b2b  __aeabi_memset8                
200001ec  __aeabi_stderr                 
200001e4  __aeabi_stdin                  
200001e8  __aeabi_stdout                 
0000287d  __aeabi_uldivmod               
ffffffff  __binit__                      
ffffffff  __c_args__                     
UNDEFED   __mpu_init                     
20000428  __stack                        
00003611  _c_int00_noargs                
00003a06  _ctypes_                       
200000f0  _device                        
20000000  _ftable                        
200001fc  _lock                          
00000cbb  _nop                           
20000168  _stream                        
20000628  _sys_memory                    
UNDEFED   _system_post_cinit             
0000388d  _system_pre_init               
20000200  _unlock                        
00003891  abort                          
000023d1  aligned_alloc                  
000032d5  atoi                           
ffffffff  binit                          
0000383f  calculate_MTPR                 
00003029  close                          
000037bd  copysign                       
000037bd  copysignl                      
00002c6f  corereset                      
2000020c  counter_lock                   
00002c19  disable_interrupts             
200003d8  eeprom_access                  
000016b9  eeprom_driver_init             
20000422  eeprom_init_stat               
00002c1d  enable_interrupts              
20000214  errno                          
00003321  exit                           
00003645  finddevice                     
00002915  fputc                          
000020b1  fputs                          
000024c5  free                           
20000408  freerunningcounter             
00002e9d  frexp                          
00002e9d  frexpl                         
00002f01  fseek                          
00000000  g_pfnVectors                   
0000347d  getdevice                      
20000404  global_trigger                 
00003894  gpio_pin_spec                  
00002c21  i2c_exception_handler          
00000d5b  initilize_dma                  
00000d21  initilize_gpio                 
00001321  initilize_i2c                  
00000d5d  initilize_pwm                  
00000cbd  initilize_rcc_registers        
00000d5f  initilizea2d                   
00001149  initilizei2cmodulemasterconfig 
00001309  initilizei2cmoduleslaveconfig  
0000273d  intilize_general_purpose_timer 
00000cf1  intilize_rcc2_registers        
000021c5  ldexp                          
000021c5  ldexpl                         
000036f9  lseek                          
0000318b  ltoa                           
0000385b  main                           
20000212  malfunctiontimes               
0000387d  malloc                         
00001741  mem_copy                       
000023d1  memalign                       
000037a1  memccpy                        
00003749  memchr                         
000027e1  memcpy                         
00002b31  memset                         
200001b8  os_normal_task_count           
000031e1  os_tick_reset                  
20000418  oscounterincrement_1ms         
20000410  parmbuf                        
000010d5  powerdown_sequence             
20000210  prev                           
00002e35  printf                         
00002915  putc                           
000036a5  remove                         
000021c5  scalbn                         
000021c5  scalbnl                        
00003b88  sch1                           
00003539  set_bits                       
00001cc5  set_maxtaskmask                
000025ad  setvbuf                        
00001b95  start_os                       
00002753  starttimer                     
0000273f  stopttimer                     
000037ef  strchr                         
000037d7  strcmp                         
00003805  strcpy                         
00003819  strlen                         
00003571  strncpy                        
00000d61  sys_init                       
00000d7d  system_clkregister_initilize   
00001cf5  system_register_initilize      
00002c67  systemresetfunction            
00000d85  systick_initlize               
00001ca7  task_100ms                     
00001c6b  task_10ms                      
00001c35  task_1ms                       
00001c89  task_20ms                      
00001c4d  task_5ms                       
20000420  task_mask_p1                   
00003b08  tbl                            
00003557  testfaillogic                  
000027a3  timeout_reached                
2000041c  timercount                     
000036a5  unlink                         
00000d1f  unlock_portf                   
20000211  warm_up_cycles                 
0000382d  wcslen                         
00003721  write                          
00001791  write_contents_toeeprom        


GLOBAL SYMBOLS: SORTED BY Symbol Address 

address   name                           
-------   ----                           
00000000  __TI_static_base__             
00000000  g_pfnVectors                   
00000010  __SYSMEM_SIZE                  
00000200  __STACK_SIZE                   
0000026d  __TI_printfi                   
00000cbb  _nop                           
00000cbd  initilize_rcc_registers        
00000cf1  intilize_rcc2_registers        
00000d1f  unlock_portf                   
00000d21  initilize_gpio                 
00000d5b  initilize_dma                  
00000d5d  initilize_pwm                  
00000d5f  initilizea2d                   
00000d61  sys_init                       
00000d7d  system_clkregister_initilize   
00000d85  systick_initlize               
000010d5  powerdown_sequence             
00001149  initilizei2cmodulemasterconfig 
00001309  initilizei2cmoduleslaveconfig  
00001321  initilize_i2c                  
000016b9  eeprom_driver_init             
00001741  mem_copy                       
00001791  write_contents_toeeprom        
000019dd  __aeabi_dsub                   
000019e7  __aeabi_dadd                   
00001b93  __aeabi_idiv0                  
00001b93  __aeabi_ldiv0                  
00001b95  start_os                       
00001c35  task_1ms                       
00001c4d  task_5ms                       
00001c6b  task_10ms                      
00001c89  task_20ms                      
00001ca7  task_100ms                     
00001cc5  set_maxtaskmask                
00001cf5  system_register_initilize      
00001e55  __aeabi_ddiv                   
000020b1  fputs                          
000021c5  ldexp                          
000021c5  ldexpl                         
000021c5  scalbn                         
000021c5  scalbnl                        
000022d5  __aeabi_dmul                   
000023d1  aligned_alloc                  
000023d1  memalign                       
000024c5  free                           
000025ad  setvbuf                        
0000273d  intilize_general_purpose_timer 
0000273f  stopttimer                     
00002753  starttimer                     
000027a3  timeout_reached                
000027e1  __aeabi_memcpy                 
000027e1  __aeabi_memcpy4                
000027e1  __aeabi_memcpy8                
000027e1  memcpy                         
0000287d  __aeabi_uldivmod               
00002915  fputc                          
00002915  putc                           
000029a1  __aeabi_cdcmpeq                
000029a1  __aeabi_cdcmple                
00002a27  __aeabi_cdrcmple               
00002b29  __aeabi_memclr                 
00002b29  __aeabi_memclr4                
00002b29  __aeabi_memclr8                
00002b2b  __aeabi_memset                 
00002b2b  __aeabi_memset4                
00002b2b  __aeabi_memset8                
00002b31  memset                         
00002ba5  __TI_closefile                 
00002c19  disable_interrupts             
00002c1d  enable_interrupts              
00002c21  i2c_exception_handler          
00002c67  systemresetfunction            
00002c6f  corereset                      
00002cf9  HOSTrename                     
00002d65  HOSTlseek                      
00002dcd  __TI_decompress_lzss           
00002e35  printf                         
00002e9d  frexp                          
00002e9d  frexpl                         
00002f01  fseek                          
00002f65  __TI_wrt_ok                    
00002fc9  HOSTopen                       
00003029  close                          
00003085  HOSTread                       
000030dd  HOSTwrite                      
0000318b  ltoa                           
000031e1  os_tick_reset                  
00003287  __TI_doflush                   
000032d5  atoi                           
00003321  exit                           
00003369  __aeabi_d2iz                   
000033b1  HOSTclose                      
000033f5  HOSTunlink                     
00003439  __TI_auto_init_nobinit_nopinit 
0000347d  getdevice                      
00003501  __TI_writemsg                  
0000352f  C$$IO$$                        
00003539  set_bits                       
00003557  testfaillogic                  
00003571  strncpy                        
000035a9  __TI_cleanup                   
000035dd  __TI_readmsg                   
00003611  _c_int00_noargs                
00003645  finddevice                     
00003675  __aeabi_i2d                    
000036a5  remove                         
000036a5  unlink                         
000036f9  lseek                          
00003721  write                          
00003749  memchr                         
00003769  __TI_zero_init_nomemset        
000037a1  memccpy                        
000037bd  copysign                       
000037bd  copysignl                      
000037d7  strcmp                         
000037ef  strchr                         
00003805  strcpy                         
00003819  strlen                         
0000382d  wcslen                         
0000383f  calculate_MTPR                 
0000384d  __TI_decompress_none           
0000385b  main                           
00003869  ResetISR                       
00003875  __aeabi_errno_addr             
0000387d  malloc                         
0000388d  _system_pre_init               
00003891  C$$EXIT                        
00003891  abort                          
00003894  gpio_pin_spec                  
00003a06  _ctypes_                       
00003b08  tbl                            
00003b88  sch1                           
00003c1c  __TI_Handler_Table_Base        
00003c28  __TI_Handler_Table_Limit       
00003c30  __TI_CINIT_Base                
00003c40  __TI_CINIT_Limit               
20000000  _ftable                        
200000f0  _device                        
20000168  _stream                        
200001b8  os_normal_task_count           
200001e0  __TI_ft_end                    
200001e4  __aeabi_stdin                  
200001e8  __aeabi_stdout                 
200001ec  __aeabi_stderr                 
200001f0  __TI_cleanup_ptr               
200001f4  __TI_dtors_ptr                 
200001f8  __TI_enable_exit_profile_output
200001fc  _lock                          
20000200  _unlock                        
2000020c  counter_lock                   
20000210  prev                           
20000211  warm_up_cycles                 
20000212  malfunctiontimes               
20000214  errno                          
20000218  __CIOBUF_                      
20000338  __TI_tmpnams                   
200003d8  eeprom_access                  
200003fc  Fault_Info                     
20000404  global_trigger                 
20000408  freerunningcounter             
20000410  parmbuf                        
20000418  oscounterincrement_1ms         
2000041c  timercount                     
20000420  task_mask_p1                   
20000422  eeprom_init_stat               
20000428  __stack                        
20000628  __STACK_END                    
20000628  __STACK_TOP                    
20000628  _sys_memory                    
ffffffff  __TI_pprof_out_hndl            
ffffffff  __TI_prof_data_size            
ffffffff  __TI_prof_data_start           
ffffffff  __binit__                      
ffffffff  __c_args__                     
ffffffff  binit                          
UNDEFED   __mpu_init                     
UNDEFED   _system_post_cinit             

[177 symbols]
