******************************************************************************
                  TI ARM Linker Unix v18.12.3                  
******************************************************************************
>> Linked Sat Feb  1 17:16:04 2020

OUTPUT FILE NAME:   <embssystems_practice.out>
ENTRY POINT SYMBOL: "_c_int00_noargs"  address: 00003559


MEMORY CONFIGURATION

         name            origin    length      used     unused   attr    fill
----------------------  --------  ---------  --------  --------  ----  --------
  FLASH                 00000000   00040000  00003b90  0003c470  R  X
  SRAM                  20000000   00008000  0000061b  000079e5  RW X


SEGMENT ALLOCATION MAP

run origin  load origin   length   init length attrs members
----------  ----------- ---------- ----------- ----- -------
00000000    00000000    00003b90   00003b90    r-x
  00000000    00000000    0000026c   0000026c    r-- .intvecs
  0000026c    0000026c    00003570   00003570    r-x .text
  000037dc    000037dc    0000031c   0000031c    r-- .const
  00003af8    00003af8    00000098   00000098    r-- .cinit
20000000    20000000    00000620   00000000    rw-
  20000000    20000000    00000218   00000000    rw- .data
  20000218    20000218    00000200   00000000    rw- .stack
  20000418    20000418    000001f3   00000000    rw- .bss
  20000610    20000610    00000010   00000000    rw- .sysmem


SECTION ALLOCATION MAP

 output                                  attributes/
section   page    origin      length       input sections
--------  ----  ----------  ----------   ----------------
.intvecs   0    00000000    0000026c     
                  00000000    0000026c     tm4c123gh6pm_startup_ccs.obj (.intvecs)

.text      0    0000026c    00003570     
                  0000026c    00000a4e     rtsv7M4_T_le_v4SPD16_eabi.lib : _printfi.c.obj (.text:__TI_printfi)
                  00000cba    00000002                                   : _lock.c.obj (.text:_nop)
                  00000cbc    0000048c     sys_init.obj (.text)
                  00001148    000002a4     i2c.obj (.text)
                  000013ec    00000270     rtsv7M4_T_le_v4SPD16_eabi.lib : _printfi.c.obj (.text:_pconv_a)
                  0000165c    000001d0                                   : _printfi.c.obj (.text:_pconv_g)
                  0000182c    000001b6                                   : fd_add_t2.asm.obj (.text)
                  000019e2    00000002                                   : div0.asm.obj (.text)
                  000019e4    00000184     os.obj (.text)
                  00001b68    0000013c     rtsv7M4_T_le_v4SPD16_eabi.lib : _printfi.c.obj (.text:_pconv_e)
                  00001ca4    00000136                                   : fd_div_t2.asm.obj (.text)
                  00001dda    00000002     --HOLE-- [fill = 0]
                  00001ddc    00000124                                   : _printfi.c.obj (.text:fcvt)
                  00001f00    00000114                                   : fputs.c.obj (.text:fputs)
                  00002014    00000110                                   : s_scalbn.c.obj (.text:scalbn)
                  00002124    000000fc                                   : fd_mul_t2.asm.obj (.text)
                  00002220    000000f8     eeprom_mngr.obj (.text)
                  00002318    000000f4     rtsv7M4_T_le_v4SPD16_eabi.lib : memory.c.obj (.text:aligned_alloc)
                  0000240c    000000e8                                   : memory.c.obj (.text:free)
                  000024f4    000000dc                                   : setvbuf.c.obj (.text:setvbuf)
                  000025d0    000000b1                                   : _printfi.c.obj (.text:_ltostr)
                  00002681    00000003     --HOLE-- [fill = 0]
                  00002684    000000a4     pwm_timer_lib.obj (.text)
                  00002728    0000009c     rtsv7M4_T_le_v4SPD16_eabi.lib : memcpy_t2.asm.obj (.text)
                  000027c4    00000096                                   : ull_div_t2.asm.obj (.text)
                  0000285a    00000002     --HOLE-- [fill = 0]
                  0000285c    0000008c                                   : fputc.c.obj (.text:fputc)
                  000028e8    00000086                                   : fd_cmp_t2.asm.obj (.text:__aeabi_cdcmple)
                  0000296e    00000086                                   : fd_cmp_t2.asm.obj (.text:__aeabi_cdrcmple)
                  000029f4    0000007c                                   : memory.c.obj (.text:split)
                  00002a70    0000007a                                   : memset_t2.asm.obj (.text)
                  00002aea    00000002     --HOLE-- [fill = 0]
                  00002aec    00000074                                   : fclose.c.obj (.text:__TI_closefile)
                  00002b60    00000070     exception_handlers.obj (.text)
                  00002bd0    0000006e     rtsv7M4_T_le_v4SPD16_eabi.lib : _printfi.c.obj (.text:_mcpy)
                  00002c3e    00000002     --HOLE-- [fill = 0]
                  00002c40    0000006c                                   : hostrename.c.obj (.text:HOSTrename)
                  00002cac    00000068                                   : hostlseek.c.obj (.text:HOSTlseek)
                  00002d14    00000068                                   : copy_decompress_lzss.c.obj (.text:decompress:lzss:__TI_decompress_lzss)
                  00002d7c    00000068                                   : printf.c.obj (.text:printf)
                  00002de4    00000064                                   : s_frexp.c.obj (.text:frexp)
                  00002e48    00000064                                   : fseek.c.obj (.text:fseek)
                  00002eac    00000062                                   : _io_perm.c.obj (.text:__TI_wrt_ok)
                  00002f0e    00000002     --HOLE-- [fill = 0]
                  00002f10    00000060                                   : hostopen.c.obj (.text:HOSTopen)
                  00002f70    0000005c                                   : close.c.obj (.text:close)
                  00002fcc    00000058                                   : hostread.c.obj (.text:HOSTread)
                  00003024    00000058                                   : hostwrite.c.obj (.text:HOSTwrite)
                  0000307c    00000056                                   : _printfi.c.obj (.text:_pconv_f)
                  000030d2    00000054                                   : ltoa.c.obj (.text:ltoa)
                  00003126    00000002     --HOLE-- [fill = 0]
                  00003128    00000054     main.obj (.text:os_tick_reset)
                  0000317c    00000052     rtsv7M4_T_le_v4SPD16_eabi.lib : _printfi.c.obj (.text:_ecpy)
                  000031ce    0000004c                                   : fflush.c.obj (.text:__TI_doflush)
                  0000321a    00000002     --HOLE-- [fill = 0]
                  0000321c    0000004c                                   : atoi.c.obj (.text:atoi)
                  00003268    00000048                                   : exit.c.obj (.text:exit)
                  000032b0    00000048                                   : fd_toi_t2.asm.obj (.text)
                  000032f8    00000044                                   : hostclose.c.obj (.text:HOSTclose)
                  0000333c    00000044                                   : hostunlink.c.obj (.text:HOSTunlink)
                  00003380    00000044                                   : autoinit.c.obj (.text:__TI_auto_init_nobinit_nopinit:__TI_auto_init_nobinit_nopinit)
                  000033c4    00000044                                   : getdevice.c.obj (.text:getdevice)
                  00003408    0000003e                                   : _printfi.c.obj (.text:_fcpy)
                  00003446    00000002     --HOLE-- [fill = 0]
                  00003448    00000038                                   : trgmsg.c.obj (.text:__TI_writemsg)
                  00003480    00000038     diagnostic_manager.obj (.text)
                  000034b8    00000036     rtsv7M4_T_le_v4SPD16_eabi.lib : strncpy.c.obj (.text:strncpy)
                  000034ee    00000002     --HOLE-- [fill = 0]
                  000034f0    00000034                                   : fopen.c.obj (.text:__TI_cleanup)
                  00003524    00000034                                   : trgmsg.c.obj (.text:__TI_readmsg)
                  00003558    00000034                                   : boot_cortex_m.c.obj (.text:_c_int00_noargs:_c_int00_noargs)
                  0000358c    00000030                                   : getdevice.c.obj (.text:finddevice)
                  000035bc    0000002e                                   : i_tofd_t2.asm.obj (.text)
                  000035ea    00000002     --HOLE-- [fill = 0]
                  000035ec    0000002c                                   : unlink.c.obj (.text:unlink)
                  00003618    00000028                                   : memory.c.obj (.text:free_list_insert)
                  00003640    00000028                                   : lseek.c.obj (.text:lseek)
                  00003668    00000028                                   : write.c.obj (.text:write)
                  00003690    00000020                                   : memchr.c.obj (.text:memchr)
                  000036b0    0000001c                                   : copy_zero_init.c.obj (.text:decompress:ZI:__TI_zero_init_nomemset:__TI_zero_init_nomemset)
                  000036cc    0000001c                                   : memory.c.obj (.text:free_list_remove)
                  000036e8    0000001c                                   : memccpy.c.obj (.text:memccpy)
                  00003704    0000001a                                   : s_copysign.c.obj (.text:copysign)
                  0000371e    00000018                                   : strcmp.c.obj (.text:strcmp)
                  00003736    00000016                                   : strchr.c.obj (.text:strchr)
                  0000374c    00000014                                   : strcpy.c.obj (.text:strcpy)
                  00003760    00000014                                   : strlen.c.obj (.text:strlen)
                  00003774    00000012                                   : wcslen.c.obj (.text:wcslen)
                  00003786    0000000e     i2c.obj (.text:calculate_MTPR)
                  00003794    0000000e     rtsv7M4_T_le_v4SPD16_eabi.lib : copy_decompress_none.c.obj (.text:decompress:none:__TI_decompress_none)
                  000037a2    0000000e     main.obj (.text)
                  000037b0    0000000c     tm4c123gh6pm_startup_ccs.obj (.text)
                  000037bc    00000008     rtsv7M4_T_le_v4SPD16_eabi.lib : errno.c.obj (.text:__aeabi_errno_addr)
                  000037c4    00000008                                   : memory.c.obj (.text:malloc)
                  000037cc    00000004                                   : printf.c.obj (.text:_outc)
                  000037d0    00000004                                   : printf.c.obj (.text:_outs)
                  000037d4    00000004                                   : pre_init.c.obj (.text:_system_pre_init)
                  000037d8    00000004                                   : exit.c.obj (.text:abort:abort)

.const     0    000037dc    0000031c     
                  000037dc    00000172     constdata_gpioconfig.obj (.const:gpio_pin_spec)
                  0000394e    00000101     rtsv7M4_T_le_v4SPD16_eabi.lib : ctype.c.obj (.const:.string:_ctypes_)
                  00003a4f    00000001     --HOLE-- [fill = 0]
                  00003a50    00000080     i2c.obj (.const:tbl)
                  00003ad0    00000028     os.obj (.const:sch1)

.cinit     0    00003af8    00000098     
                  00003af8    0000006d     (.cinit..data.load) [load image, compression = lzss]
                  00003b65    00000003     --HOLE-- [fill = 0]
                  00003b68    0000000c     (__TI_handler_table)
                  00003b74    00000004     --HOLE-- [fill = 0]
                  00003b78    00000008     (.cinit..bss.load) [load image, compression = zero_init]
                  00003b80    00000010     (__TI_cinit_table)

.init_array 
*          0    00000000    00000000     UNINITIALIZED

.data      0    20000000    00000218     UNINITIALIZED
                  20000000    000000f0     rtsv7M4_T_le_v4SPD16_eabi.lib : defs.c.obj (.data:_ftable)
                  200000f0    00000078                                   : host_device.c.obj (.data:_device)
                  20000168    00000050                                   : host_device.c.obj (.data:_stream)
                  200001b8    00000028     os.obj (.data:os_normal_task_count)
                  200001e0    00000010     rtsv7M4_T_le_v4SPD16_eabi.lib : defs.c.obj (.data)
                  200001f0    0000000c                                   : exit.c.obj (.data:$O1$$)
                  200001fc    00000008                                   : _lock.c.obj (.data:$O1$$)
                  20000204    00000008                                   : memory.c.obj (.data:$O1$$)
                  2000020c    00000005     os.obj (.data)
                  20000211    00000003     --HOLE--
                  20000214    00000004     rtsv7M4_T_le_v4SPD16_eabi.lib : errno.c.obj (.data)

.stack     0    20000218    00000200     UNINITIALIZED
                  20000218    00000004     rtsv7M4_T_le_v4SPD16_eabi.lib : boot_cortex_m.c.obj (.stack)
                  2000021c    000001fc     --HOLE--

.bss       0    20000418    000001f3     UNINITIALIZED
                  20000418    00000120     rtsv7M4_T_le_v4SPD16_eabi.lib : trgmsg.c.obj (.bss:_CIOBUF_)
                  20000538    000000a0     (.common:__TI_tmpnams)
                  200005d8    0000000c     (.common:i2c_config)
                  200005e4    00000008     (.common:Fault_Info)
                  200005ec    00000004     (.common:global_trigger)
                  200005f0    00000008     (.common:freerunningcounter)
                  200005f8    00000008     (.common:parmbuf)
                  20000600    00000004     (.common:oscounterincrement_1ms)
                  20000604    00000004     (.common:timercount)
                  20000608    00000002     (.common:task_mask_p1)
                  2000060a    00000001     (.common:eeprom_init_stat)

.sysmem    0    20000610    00000010     UNINITIALIZED
                  20000610    00000010     rtsv7M4_T_le_v4SPD16_eabi.lib : memory.c.obj (.sysmem)

MODULE SUMMARY

       Module                         code    ro data   rw data
       ------                         ----    -------   -------
    ./
       tm4c123gh6pm_startup_ccs.obj   12      620       0      
       main.obj                       98      0         0      
    +--+------------------------------+-------+---------+---------+
       Total:                         110     620       0      
                                                               
    ./DATA_CONST/
       constdata_gpioconfig.obj       0       370       0      
    +--+------------------------------+-------+---------+---------+
       Total:                         0       370       0      
                                                               
    ./Diagnostics/
       diagnostic_manager.obj         56      0         8      
    +--+------------------------------+-------+---------+---------+
       Total:                         56      0         8      
                                                               
    ./OSFILES/
       os.obj                         388     40        63     
    +--+------------------------------+-------+---------+---------+
       Total:                         388     40        63     
                                                               
    ./SOURCE/
       sys_init.obj                   1164    0         0      
       exception_handlers.obj         112     0         4      
    +--+------------------------------+-------+---------+---------+
       Total:                         1276    0         4      
                                                               
    ./driver_libraries/
       i2c.obj                        690     128       12     
       eeprom_mngr.obj                248     0         1      
       pwm_timer_lib.obj              164     0         0      
    +--+------------------------------+-------+---------+---------+
       Total:                         1102    128       13     
                                                               
    /home/satish/ti/ccs920/ccs/tools/compiler/ti-cgt-arm_18.12.3.LTS/lib/rtsv7M4_T_le_v4SPD16_eabi.lib
       _printfi.c.obj                 4851    0         0      
       memory.c.obj                   676     0         8      
       fd_add_t2.asm.obj              438     0         0      
       defs.c.obj                     0       0         416    
       trgmsg.c.obj                   108     0         288    
       fd_div_t2.asm.obj              310     0         0      
       fputs.c.obj                    276     0         0      
       s_scalbn.c.obj                 272     0         0      
       fd_cmp_t2.asm.obj              268     0         0      
       ctype.c.obj                    0       257       0      
       fd_mul_t2.asm.obj              252     0         0      
       setvbuf.c.obj                  220     0         0      
       host_device.c.obj              0       0         200    
       memcpy_t2.asm.obj              156     0         0      
       ull_div_t2.asm.obj             150     0         0      
       fputc.c.obj                    140     0         0      
       memset_t2.asm.obj              122     0         0      
       fclose.c.obj                   116     0         0      
       getdevice.c.obj                116     0         0      
       printf.c.obj                   112     0         0      
       hostrename.c.obj               108     0         0      
       copy_decompress_lzss.c.obj     104     0         0      
       hostlseek.c.obj                104     0         0      
       hostopen.c.obj                 96      0         8      
       fseek.c.obj                    100     0         0      
       s_frexp.c.obj                  100     0         0      
       _io_perm.c.obj                 98      0         0      
       close.c.obj                    92      0         0      
       exit.c.obj                     76      0         12     
       hostread.c.obj                 88      0         0      
       hostwrite.c.obj                88      0         0      
       ltoa.c.obj                     84      0         0      
       atoi.c.obj                     76      0         0      
       fflush.c.obj                   76      0         0      
       fd_toi_t2.asm.obj              72      0         0      
       autoinit.c.obj                 68      0         0      
       hostclose.c.obj                68      0         0      
       hostunlink.c.obj               68      0         0      
       strncpy.c.obj                  54      0         0      
       boot_cortex_m.c.obj            52      0         0      
       fopen.c.obj                    52      0         0      
       i_tofd_t2.asm.obj              46      0         0      
       unlink.c.obj                   44      0         0      
       lseek.c.obj                    40      0         0      
       write.c.obj                    40      0         0      
       memchr.c.obj                   32      0         0      
       copy_zero_init.c.obj           28      0         0      
       memccpy.c.obj                  28      0         0      
       s_copysign.c.obj               26      0         0      
       strcmp.c.obj                   24      0         0      
       strchr.c.obj                   22      0         0      
       strcpy.c.obj                   20      0         0      
       strlen.c.obj                   20      0         0      
       wcslen.c.obj                   18      0         0      
       copy_decompress_none.c.obj     14      0         0      
       errno.c.obj                    8       0         4      
       _lock.c.obj                    2       0         8      
       pre_init.c.obj                 4       0         0      
       div0.asm.obj                   2       0         0      
    +--+------------------------------+-------+---------+---------+
       Total:                         10725   257       944    
                                                               
       Heap:                          0       0         16     
       Stack:                         0       0         512    
       Linker Generated:              0       145       0      
    +--+------------------------------+-------+---------+---------+
       Grand Total:                   13657   1560      1560   


LINKER GENERATED COPY TABLES

__TI_cinit_table @ 00003b80 records: 2, size/record: 8, table size: 16
	.data: load addr=00003af8, load size=0000006d bytes, run addr=20000000, run size=00000218 bytes, compression=lzss
	.bss: load addr=00003b78, load size=00000008 bytes, run addr=20000418, run size=000001f3 bytes, compression=zero_init


LINKER GENERATED HANDLER TABLE

__TI_handler_table @ 00003b68 records: 3, size/record: 4, table size: 12
	index: 0, handler: __TI_decompress_lzss
	index: 1, handler: __TI_decompress_none
	index: 2, handler: __TI_zero_init


GLOBAL SYMBOLS: SORTED ALPHABETICALLY BY Name 

address   name                           
-------   ----                           
000037d9  C$$EXIT                        
00003477  C$$IO$$                        
200005e4  Fault_Info                     
000032f9  HOSTclose                      
00002cad  HOSTlseek                      
00002f11  HOSTopen                       
00002fcd  HOSTread                       
00002c41  HOSTrename                     
0000333d  HOSTunlink                     
00003025  HOSTwrite                      
000037b1  ResetISR                       
20000418  __CIOBUF_                      
20000418  __STACK_END                    
00000200  __STACK_SIZE                   
20000418  __STACK_TOP                    
00000010  __SYSMEM_SIZE                  
00003b80  __TI_CINIT_Base                
00003b90  __TI_CINIT_Limit               
00003b68  __TI_Handler_Table_Base        
00003b74  __TI_Handler_Table_Limit       
00003381  __TI_auto_init_nobinit_nopinit 
000034f1  __TI_cleanup                   
200001f0  __TI_cleanup_ptr               
00002aed  __TI_closefile                 
00002d15  __TI_decompress_lzss           
00003795  __TI_decompress_none           
000031cf  __TI_doflush                   
200001f4  __TI_dtors_ptr                 
200001f8  __TI_enable_exit_profile_output
200001e0  __TI_ft_end                    
ffffffff  __TI_pprof_out_hndl            
0000026d  __TI_printfi                   
ffffffff  __TI_prof_data_size            
ffffffff  __TI_prof_data_start           
00003525  __TI_readmsg                   
00000000  __TI_static_base__             
20000538  __TI_tmpnams                   
00003449  __TI_writemsg                  
00002ead  __TI_wrt_ok                    
000036b1  __TI_zero_init_nomemset        
000028e9  __aeabi_cdcmpeq                
000028e9  __aeabi_cdcmple                
0000296f  __aeabi_cdrcmple               
000032b1  __aeabi_d2iz                   
00001837  __aeabi_dadd                   
00001ca5  __aeabi_ddiv                   
00002125  __aeabi_dmul                   
0000182d  __aeabi_dsub                   
000037bd  __aeabi_errno_addr             
000035bd  __aeabi_i2d                    
000019e3  __aeabi_idiv0                  
000019e3  __aeabi_ldiv0                  
00002a71  __aeabi_memclr                 
00002a71  __aeabi_memclr4                
00002a71  __aeabi_memclr8                
00002729  __aeabi_memcpy                 
00002729  __aeabi_memcpy4                
00002729  __aeabi_memcpy8                
00002a73  __aeabi_memset                 
00002a73  __aeabi_memset4                
00002a73  __aeabi_memset8                
200001ec  __aeabi_stderr                 
200001e4  __aeabi_stdin                  
200001e8  __aeabi_stdout                 
000027c5  __aeabi_uldivmod               
ffffffff  __binit__                      
ffffffff  __c_args__                     
UNDEFED   __mpu_init                     
20000218  __stack                        
00003559  _c_int00_noargs                
0000394e  _ctypes_                       
200000f0  _device                        
20000000  _ftable                        
200001fc  _lock                          
00000cbb  _nop                           
20000168  _stream                        
20000610  _sys_memory                    
UNDEFED   _system_post_cinit             
000037d5  _system_pre_init               
20000200  _unlock                        
000037d9  abort                          
00002319  aligned_alloc                  
0000321d  atoi                           
ffffffff  binit                          
00003787  calculate_MTPR                 
00002f71  close                          
00003705  copysign                       
00003705  copysignl                      
00002bb7  corereset                      
2000020c  counter_lock                   
00002b61  disable_interrupts             
00002287  eeprom_driver_init             
2000060a  eeprom_init_stat               
00002b65  enable_interrupts              
20000214  errno                          
00003269  exit                           
0000358d  finddevice                     
0000285d  fputc                          
00001f01  fputs                          
0000240d  free                           
200005f0  freerunningcounter             
00002de5  frexp                          
00002de5  frexpl                         
00002e49  fseek                          
00000000  g_pfnVectors                   
000033c5  getdevice                      
200005ec  global_trigger                 
000037dc  gpio_pin_spec                  
200005d8  i2c_config                     
00002b69  i2c_exception_handler          
00000d5b  initilize_dma                  
00000d21  initilize_gpio                 
00001341  initilize_i2c                  
00001149  initilize_i2c_structure        
00000d5d  initilize_pwm                  
00000cbd  initilize_rcc_registers        
00000d5f  initilizea2d                   
00001169  initilizei2cmodulemasterconfig 
00001329  initilizei2cmoduleslaveconfig  
00002685  intilize_general_purpose_timer 
00000cf1  intilize_rcc2_registers        
00002015  ldexp                          
00002015  ldexpl                         
00003641  lseek                          
000030d3  ltoa                           
000037a3  main                           
000037c5  malloc                         
00002319  memalign                       
000036e9  memccpy                        
00003691  memchr                         
00002729  memcpy                         
00002a79  memset                         
200001b8  os_normal_task_count           
00003129  os_tick_reset                  
20000600  oscounterincrement_1ms         
200005f8  parmbuf                        
000010d5  powerdown_sequence             
20000210  prev                           
00002d7d  printf                         
0000285d  putc                           
000035ed  remove                         
00002015  scalbn                         
00002015  scalbnl                        
00003ad0  sch1                           
00003481  set_bits                       
00001b15  set_maxtaskmask                
000024f5  setvbuf                        
000019e5  start_os                       
0000269b  starttimer                     
00002687  stopttimer                     
00003737  strchr                         
0000371f  strcmp                         
0000374d  strcpy                         
00003761  strlen                         
000034b9  strncpy                        
00000d61  sys_init                       
00000d7d  system_clkregister_initilize   
00001b45  system_register_initilize      
00002baf  systemresetfunction            
00000d85  systick_initlize               
00001af7  task_100ms                     
00001abb  task_10ms                      
00001a85  task_1ms                       
00001ad9  task_20ms                      
00001a9d  task_5ms                       
20000608  task_mask_p1                   
00003a50  tbl                            
0000349f  testfaillogic                  
000026eb  timeout_reached                
20000604  timercount                     
000035ed  unlink                         
00000d1f  unlock_portf                   
00003775  wcslen                         
00003669  write                          


GLOBAL SYMBOLS: SORTED BY Symbol Address 

address   name                           
-------   ----                           
00000000  __TI_static_base__             
00000000  g_pfnVectors                   
00000010  __SYSMEM_SIZE                  
00000200  __STACK_SIZE                   
0000026d  __TI_printfi                   
00000cbb  _nop                           
00000cbd  initilize_rcc_registers        
00000cf1  intilize_rcc2_registers        
00000d1f  unlock_portf                   
00000d21  initilize_gpio                 
00000d5b  initilize_dma                  
00000d5d  initilize_pwm                  
00000d5f  initilizea2d                   
00000d61  sys_init                       
00000d7d  system_clkregister_initilize   
00000d85  systick_initlize               
000010d5  powerdown_sequence             
00001149  initilize_i2c_structure        
00001169  initilizei2cmodulemasterconfig 
00001329  initilizei2cmoduleslaveconfig  
00001341  initilize_i2c                  
0000182d  __aeabi_dsub                   
00001837  __aeabi_dadd                   
000019e3  __aeabi_idiv0                  
000019e3  __aeabi_ldiv0                  
000019e5  start_os                       
00001a85  task_1ms                       
00001a9d  task_5ms                       
00001abb  task_10ms                      
00001ad9  task_20ms                      
00001af7  task_100ms                     
00001b15  set_maxtaskmask                
00001b45  system_register_initilize      
00001ca5  __aeabi_ddiv                   
00001f01  fputs                          
00002015  ldexp                          
00002015  ldexpl                         
00002015  scalbn                         
00002015  scalbnl                        
00002125  __aeabi_dmul                   
00002287  eeprom_driver_init             
00002319  aligned_alloc                  
00002319  memalign                       
0000240d  free                           
000024f5  setvbuf                        
00002685  intilize_general_purpose_timer 
00002687  stopttimer                     
0000269b  starttimer                     
000026eb  timeout_reached                
00002729  __aeabi_memcpy                 
00002729  __aeabi_memcpy4                
00002729  __aeabi_memcpy8                
00002729  memcpy                         
000027c5  __aeabi_uldivmod               
0000285d  fputc                          
0000285d  putc                           
000028e9  __aeabi_cdcmpeq                
000028e9  __aeabi_cdcmple                
0000296f  __aeabi_cdrcmple               
00002a71  __aeabi_memclr                 
00002a71  __aeabi_memclr4                
00002a71  __aeabi_memclr8                
00002a73  __aeabi_memset                 
00002a73  __aeabi_memset4                
00002a73  __aeabi_memset8                
00002a79  memset                         
00002aed  __TI_closefile                 
00002b61  disable_interrupts             
00002b65  enable_interrupts              
00002b69  i2c_exception_handler          
00002baf  systemresetfunction            
00002bb7  corereset                      
00002c41  HOSTrename                     
00002cad  HOSTlseek                      
00002d15  __TI_decompress_lzss           
00002d7d  printf                         
00002de5  frexp                          
00002de5  frexpl                         
00002e49  fseek                          
00002ead  __TI_wrt_ok                    
00002f11  HOSTopen                       
00002f71  close                          
00002fcd  HOSTread                       
00003025  HOSTwrite                      
000030d3  ltoa                           
00003129  os_tick_reset                  
000031cf  __TI_doflush                   
0000321d  atoi                           
00003269  exit                           
000032b1  __aeabi_d2iz                   
000032f9  HOSTclose                      
0000333d  HOSTunlink                     
00003381  __TI_auto_init_nobinit_nopinit 
000033c5  getdevice                      
00003449  __TI_writemsg                  
00003477  C$$IO$$                        
00003481  set_bits                       
0000349f  testfaillogic                  
000034b9  strncpy                        
000034f1  __TI_cleanup                   
00003525  __TI_readmsg                   
00003559  _c_int00_noargs                
0000358d  finddevice                     
000035bd  __aeabi_i2d                    
000035ed  remove                         
000035ed  unlink                         
00003641  lseek                          
00003669  write                          
00003691  memchr                         
000036b1  __TI_zero_init_nomemset        
000036e9  memccpy                        
00003705  copysign                       
00003705  copysignl                      
0000371f  strcmp                         
00003737  strchr                         
0000374d  strcpy                         
00003761  strlen                         
00003775  wcslen                         
00003787  calculate_MTPR                 
00003795  __TI_decompress_none           
000037a3  main                           
000037b1  ResetISR                       
000037bd  __aeabi_errno_addr             
000037c5  malloc                         
000037d5  _system_pre_init               
000037d9  C$$EXIT                        
000037d9  abort                          
000037dc  gpio_pin_spec                  
0000394e  _ctypes_                       
00003a50  tbl                            
00003ad0  sch1                           
00003b68  __TI_Handler_Table_Base        
00003b74  __TI_Handler_Table_Limit       
00003b80  __TI_CINIT_Base                
00003b90  __TI_CINIT_Limit               
20000000  _ftable                        
200000f0  _device                        
20000168  _stream                        
200001b8  os_normal_task_count           
200001e0  __TI_ft_end                    
200001e4  __aeabi_stdin                  
200001e8  __aeabi_stdout                 
200001ec  __aeabi_stderr                 
200001f0  __TI_cleanup_ptr               
200001f4  __TI_dtors_ptr                 
200001f8  __TI_enable_exit_profile_output
200001fc  _lock                          
20000200  _unlock                        
2000020c  counter_lock                   
20000210  prev                           
20000214  errno                          
20000218  __stack                        
20000418  __CIOBUF_                      
20000418  __STACK_END                    
20000418  __STACK_TOP                    
20000538  __TI_tmpnams                   
200005d8  i2c_config                     
200005e4  Fault_Info                     
200005ec  global_trigger                 
200005f0  freerunningcounter             
200005f8  parmbuf                        
20000600  oscounterincrement_1ms         
20000604  timercount                     
20000608  task_mask_p1                   
2000060a  eeprom_init_stat               
20000610  _sys_memory                    
ffffffff  __TI_pprof_out_hndl            
ffffffff  __TI_prof_data_size            
ffffffff  __TI_prof_data_start           
ffffffff  __binit__                      
ffffffff  __c_args__                     
ffffffff  binit                          
UNDEFED   __mpu_init                     
UNDEFED   _system_post_cinit             

[174 symbols]
